Archive member included because of file (symbol)

c:/marmalade/7.4/s3e/lib/arm/v6/nofpu/soft\libs3e_cpp_d.a(dll_main.obj)
                              Debug_HelloWorld_vc12x_gcc_arm/HelloWorld.obj (_STL::__stl_throw_length_error(char const*))
c:/marmalade/7.4/s3e/lib/arm/v6/nofpu/soft\libs3e_cpp_d.a(delete.obj)
                              c:/marmalade/7.4/s3e/lib/arm/v6/nofpu/soft\libs3e_cpp_d.a(dll_main.obj) (operator delete(void*))
c:/marmalade/7.4/s3e/lib/arm/v6/nofpu/soft\libs3e_cpp_d.a(new.obj)
                              c:/marmalade/7.4/s3e/lib/arm/v6/nofpu/soft\libs3e_cpp_d.a(dll_main.obj) (operator new(unsigned int))
c:/marmalade/7.4/s3e/lib/arm/v6/nofpu/soft\libs3e_d.a(iwcrt_common.o)
                              c:/marmalade/7.4/s3e/lib/arm/v6/nofpu/soft\libs3e_cpp_d.a(dll_main.obj) (abort)
c:/marmalade/7.4/s3e/lib/arm/v6/nofpu/soft\libs3e_d.a(malloc.o)
                              Debug_HelloWorld_vc12x_gcc_arm/HelloWorld.obj (malloc)
c:/marmalade/7.4/s3e/lib/arm/v6/nofpu/soft\libs3e_d.a(sockets.o)
                              c:/marmalade/7.4/s3e/lib/arm/v6/nofpu/soft\libs3e_d.a(iwcrt_common.o) (_IwFcntl_socket)
c:/marmalade/7.4/s3e/lib/arm/v6/nofpu/soft\libs3e_d.a(stdlib.o)
                              c:/marmalade/7.4/s3e/lib/arm/v6/nofpu/soft\libs3e_d.a(iwcrt_common.o) (setenv)
c:/marmalade/7.4/s3e/lib/arm/v6/nofpu/soft\libs3e_d.a(stdout.o)
                              c:/marmalade/7.4/s3e/lib/arm/v6/nofpu/soft\libs3e_d.a(iwcrt_common.o) (_IwHandleStdoutput)
c:/marmalade/7.4/s3e/lib/arm/v6/nofpu/soft\libs3e_d.a(string.o)
                              c:/marmalade/7.4/s3e/lib/arm/v6/nofpu/soft\libs3e_d.a(iwcrt_common.o) (strlcpy)
c:/marmalade/7.4/s3e/lib/arm/v6/nofpu/soft\libs3e_d.a(s3eMalloc_eapi.o)
                              c:/marmalade/7.4/s3e/lib/arm/v6/nofpu/soft\libs3e_cpp_d.a(new.obj) (s3eMalloc)
c:/marmalade/7.4/s3e/lib/arm/v6/nofpu/soft\libs3e_d.a(s3eMemory_eapi.o)
                              c:/marmalade/7.4/s3e/lib/arm/v6/nofpu/soft\libs3e_d.a(s3eMalloc_eapi.o) (iw_malloc_get_usr_mgr_tls())
c:/marmalade/7.4/s3e/lib/arm/v6/nofpu/soft\libs3e_d.a(s3eSurface_eapi.o)
                              Debug_HelloWorld_vc12x_gcc_arm/HelloWorld.obj (s3eSurfaceClear)
c:/marmalade/7.4/s3e/lib/arm/v6/nofpu/soft\libs3e_d.a(IwDebug.o)
                              c:/marmalade/7.4/s3e/lib/arm/v6/nofpu/soft\libs3e_d.a(iwcrt_common.o) (IwDebugAssertIsChannelOn)
c:/marmalade/7.4/s3e/lib/arm/v6/nofpu/soft\libs3e_d.a(IwPath.o)
                              c:/marmalade/7.4/s3e/lib/arm/v6/nofpu/soft\libs3e_d.a(iwcrt_common.o) (IwPathHasDrive)
c:/marmalade/7.4/s3e/lib/arm/v6/nofpu/soft\libs3e_d.a(s3eSocketOpt_interface.o)
                              c:/marmalade/7.4/s3e/lib/arm/v6/nofpu/soft\libs3e_d.a(sockets.o) (s3eSocketSetOpt)
c:/marmalade/7.4/s3e/lib/arm/v6/nofpu/soft\libs3e_d.a(s3eThread_interface.o)
                              c:/marmalade/7.4/s3e/lib/arm/v6/nofpu/soft\libs3e_d.a(iwcrt_common.o) (s3eThreadAvailable)
c:/marmalade/7.4/s3e/lib/arm/v6/nofpu/soft\libs3e_d.a(iwcrt_gcc.o)
                              (_IwMain)
c:/marmalade/7.4/s3e/lib/arm/v6/nofpu/soft\libs3e_d.a(newlib_impl.o)
                              c:/marmalade/7.4/s3e/lib/arm/v6/nofpu/soft\libs3e_d.a(iwcrt_common.o) (_exit)
c:/marmalade/7.4/s3e/lib/arm/v6/nofpu/soft\libs3e_d.a(iwmain.o)
                              c:/marmalade/7.4/s3e/lib/arm/v6/nofpu/soft\libs3e_d.a(iwcrt_gcc.o) (IwMain)
c:/marmalade/7.4/s3e/lib/arm/v6/nofpu/soft\libs3e_d.a(inet.o)
                              c:/marmalade/7.4/s3e/lib/arm/v6/nofpu/soft\libs3e_d.a(sockets.o) (inet_aton)
c:/marmalade/7.4/s3e/lib/arm/v6/nofpu/soft\libs3e_d.a(pthread_mutex.o)
                              c:/marmalade/7.4/s3e/lib/arm/v6/nofpu/soft\libs3e_d.a(stdout.o) (pthread_mutex_lock)
c:/marmalade/7.4/s3e/lib/arm/v6/nofpu/soft\libs3e_d.a(pthread_tls.o)
                              c:/marmalade/7.4/s3e/lib/arm/v6/nofpu/soft\libs3e_d.a(s3eMemory_eapi.o) (pthread_key_create)
c:/marmalade/7.4/s3e/lib/arm/v6/nofpu/soft\libs3e_d.a(pthreads.o)
                              c:/marmalade/7.4/s3e/lib/arm/v6/nofpu/soft\libs3e_d.a(pthread_tls.o) (pthread_self)
c:/marmalade/7.4/s3e/lib/arm/v6/nofpu/soft\libs3e_d.a(signal.o)
                              c:/marmalade/7.4/s3e/lib/arm/v6/nofpu/soft\libs3e_d.a(stdout.o) (raise)
c:/marmalade/7.4/s3e/lib/arm/v6/nofpu/soft\libs3e_d.a(time.o)
                              c:/marmalade/7.4/s3e/lib/arm/v6/nofpu/soft\libs3e_d.a(IwDebug.o) (localtime)
c:/marmalade/7.4/s3e/lib/arm/v6/nofpu/soft\libs3e_d.a(s3eTest_interface.o)
                              c:/marmalade/7.4/s3e/lib/arm/v6/nofpu/soft\libs3e_d.a(signal.o) (s3eTestAvailable)
c:/marmalade/7.4/s3e/lib/arm/v6/nofpu/soft\libs3e_d.a(pthread_cleanup.o)
                              c:/marmalade/7.4/s3e/lib/arm/v6/nofpu/soft\libs3e_d.a(pthreads.o) (s3e_pthread_cleanup())
c:/marmalade/7.4/s3e/lib/arm/v6/nofpu/soft\libs3e_d.a(pthread_once.o)
[...]
Memory Configuration

Name             Origin             Length             Attributes
*default*        0x00000000         0xffffffff

Linker script and memory map

LOAD c:/marmalade/7.4/s3e/gcc/win32/bin/../lib/gcc/arm-none-eabi/4.8.3/armv6/crti.o
LOAD c:/marmalade/7.4/s3e/gcc/win32/bin/../lib/gcc/arm-none-eabi/4.8.3/armv6/crtbegin.o
LOAD c:/marmalade/7.4/s3e/gcc/win32/bin/../lib/gcc/arm-none-eabi/4.8.3/../../../../arm-none-eabi/lib/armv6/crt0.o
LOAD Debug_HelloWorld_vc12x_gcc_arm/HelloWorld.obj
LOAD Debug_HelloWorld_vc12x_gcc_arm/Main.obj
LOAD Debug_HelloWorld_vc12x_gcc_arm/MainMenu.obj
                0x4a000000                . = 0x4a000000

.s3e_startup    0x4a000000       0x94
 *(.s3e_startup)
 .s3e_startup   0x4a000000       0x94 c:/marmalade/7.4/s3e/lib/arm/v6/nofpu/soft\libs3e_d.a(iwcrt_gcc.o)
                0x4a000000                _IwMain

.init           0x4a000094       0x18
 *(.init)
 .init          0x4a000094        0xc c:/marmalade/7.4/s3e/gcc/win32/bin/../lib/gcc/arm-none-eabi/4.8.3/armv6/crti.o
                0x4a000094                _init
 .init          0x4a0000a0        0xc c:/marmalade/7.4/s3e/gcc/win32/bin/../lib/gcc/arm-none-eabi/4.8.3/armv6/crtn.o

.plt            0x4a0000ac      0x224
 *(.plt)
 .plt           0x4a0000ac      0x224 c:/marmalade/7.4/s3e/gcc/win32/bin/../lib/gcc/arm-none-eabi/4.8.3/armv6/crti.o

.text           0x4a0002d0    0x1f21c
 *(.text .stub .text.* .gnu.linkonce.t.*)
 .text          0x4a0002d0       0xd8 c:/marmalade/7.4/s3e/gcc/win32/bin/../lib/gcc/arm-none-eabi/4.8.3/armv6/crtbegin.o
 .text._ZN4_STL8_DestroyEPcS0_
                0x4a0003a8       0x14 Debug_HelloWorld_vc12x_gcc_arm/HelloWorld.obj
                0x4a0003a8                _STL::_Destroy(char*, char*)
 .text._ZN4_STL14__copy_trivialEPKvS1_Pv
                0x4a0003bc       0x68 Debug_HelloWorld_vc12x_gcc_arm/HelloWorld.obj
                0x4a0003bc                _STL::__copy_trivial(void const*, void const*, void*)
 .text._ZN4_STL18uninitialized_copyEPKcS1_Pc
                0x4a000424       0x34 Debug_HelloWorld_vc12x_gcc_arm/HelloWorld.obj
                0x4a000424                _STL::uninitialized_copy(char const*, char const*, char*)
 .text._ZN4_STL11char_traitsIcE6lengthEPKc
                0x4a000458       0x24 Debug_HelloWorld_vc12x_gcc_arm/HelloWorld.obj
                0x4a000458                _STL::char_traits<char>::length(char const*)
 .text._ZN4_STL11char_traitsIcE6assignERcRKc
                0x4a00047c       0x24 Debug_HelloWorld_vc12x_gcc_arm/HelloWorld.obj
                0x4a00047c                _STL::char_traits<char>::assign(char&, char const&)
 .text.main     0x4a0004a0      0x110 Debug_HelloWorld_vc12x_gcc_arm/HelloWorld.obj
                0x4a0004a0                main
 .text._ZN4_STL12basic_stringIcNS_11char_traitsIcEENS_9allocatorIcEEEC2Ev
                0x4a0005b0       0x98 Debug_HelloWorld_vc12x_gcc_arm/HelloWorld.obj
                0x4a0005b0                _STL::basic_string<char, _STL::char_traits<char>, _STL::allocator<char> >::basic_string()
                0x4a0005b0                _STL::basic_string<char, _STL::char_traits<char>, _STL::allocator<char> >::basic_string()
 .text._ZN4_STL12basic_stringIcNS_11char_traitsIcEENS_9allocatorIcEEED2Ev
                0x4a000648       0x48 Debug_HelloWorld_vc12x_gcc_arm/HelloWorld.obj
                0x4a000648                _STL::basic_string<char, _STL::char_traits<char>, _STL::allocator<char> >::~basic_string()
                0x4a000648                _STL::basic_string<char, _STL::char_traits<char>, _STL::allocator<char> >::~basic_string()
 .text._ZN4_STL12basic_stringIcNS_11char_traitsIcEENS_9allocatorIcEEEaSEPKc
                0x4a000690       0x44 Debug_HelloWorld_vc12x_gcc_arm/HelloWorld.obj
                0x4a000690                _STL::basic_string<char, _STL::char_traits<char>, _STL::allocator<char> >::operator=(char const*)
 .text._ZNK4_STL12basic_stringIcNS_11char_traitsIcEENS_9allocatorIcEEE5c_strEv
                0x4a0006d4       0x1c Debug_HelloWorld_vc12x_gcc_arm/HelloWorld.obj
                0x4a0006d4                _STL::basic_string<char, _STL::char_traits<char>, _STL::allocator<char> >::c_str() const
 .text._ZN4_STL9allocatorIcEC2Ev
                0x4a0006f0       0x18 Debug_HelloWorld_vc12x_gcc_arm/HelloWorld.obj
                0x4a0006f0                _STL::allocator<char>::allocator()
                0x4a0006f0                _STL::allocator<char>::allocator()
 .text._ZN4_STL9allocatorIcED2Ev
                0x4a000708       0x18 Debug_HelloWorld_vc12x_gcc_arm/HelloWorld.obj
                0x4a000708                _STL::allocator<char>::~allocator()
                0x4a000708                _STL::allocator<char>::~allocator()
 .text._ZN4_STL17_STLP_alloc_proxyIPccNS_9allocatorIcEEED2Ev
                0x4a000720       0x24 Debug_HelloWorld_vc12x_gcc_arm/HelloWorld.obj
                0x4a000720                _STL::_STLP_alloc_proxy<char*, char, _STL::allocator<char> >::~_STLP_alloc_proxy()
                0x4a000720                _STL::_STLP_alloc_proxy<char*, char, _STL::allocator<char> >::~_STLP_alloc_proxy()
 .text._ZN4_STL12_String_baseIcNS_9allocatorIcEEEC2ERKS2_
                0x4a000744       0x50 Debug_HelloWorld_vc12x_gcc_arm/HelloWorld.obj
                0x4a000744                _STL::_String_base<char, _STL::allocator<char> >::_String_base(_STL::allocator<char> const&)
                0x4a000744                _STL::_String_base<char, _STL::allocator<char> >::_String_base(_STL::allocator<char> const&)
 .text._ZN4_STL12_String_baseIcNS_9allocatorIcEEED2Ev
                0x4a000794       0x34 Debug_HelloWorld_vc12x_gcc_arm/HelloWorld.obj
                0x4a000794                _STL::_String_base<char, _STL::allocator<char> >::~_String_base()
                0x4a000794                _STL::_String_base<char, _STL::allocator<char> >::~_String_base()
 .text._ZN4_STL9allocatorIcE8allocateEjPKv
                0x4a0007c8       0x40 Debug_HelloWorld_vc12x_gcc_arm/HelloWorld.obj
                0x4a0007c8                _STL::allocator<char>::allocate(unsigned int, void const*)
 .text._ZN4_STL12basic_stringIcNS_11char_traitsIcEENS_9allocatorIcEEE19_M_terminate_stringEv
                0x4a000808       0x24 Debug_HelloWorld_vc12x_gcc_arm/HelloWorld.obj
                0x4a000808                _STL::basic_string<char, _STL::char_traits<char>, _STL::allocator<char> >::_M_terminate_string()
 .text._ZN4_STL12basic_stringIcNS_11char_traitsIcEENS_9allocatorIcEEE6assignEPKcS7_
                0x4a00082c       0xf4 Debug_HelloWorld_vc12x_gcc_arm/HelloWorld.obj
                0x4a00082c                _STL::basic_string<char, _STL::char_traits<char>, _STL::allocator<char> >::assign(char const*, char const*)
 .text._ZN4_STL17_STLP_alloc_proxyIPccNS_9allocatorIcEEEC2ERKS3_S1_
                0x4a000920       0x3c Debug_HelloWorld_vc12x_gcc_arm/HelloWorld.obj
                0x4a000920                _STL::_STLP_alloc_proxy<char*, char, _STL::allocator<char> >::_STLP_alloc_proxy(_STL::allocator<char> const&, char*)
                0x4a000920                _STL::_STLP_alloc_proxy<char*, char, _STL::allocator<char> >::_STLP_alloc_proxy(_STL::allocator<char> const&, char*)
 .text._ZN4_STL12_String_baseIcNS_9allocatorIcEEE19_M_deallocate_blockEv
                0x4a00095c       0x4c Debug_HelloWorld_vc12x_gcc_arm/HelloWorld.obj
                0x4a00095c                _STL::_String_base<char, _STL::allocator<char> >::_M_deallocate_block()
 .text._ZN4_STL14__malloc_allocILi0EE8allocateEj
                0x4a0009a8       0x44 Debug_HelloWorld_vc12x_gcc_arm/HelloWorld.obj
                0x4a0009a8                _STL::__malloc_alloc<0>::allocate(unsigned int)
 .text._ZN4_STL12basic_stringIcNS_11char_traitsIcEENS_9allocatorIcEEE23_M_terminate_string_auxERKNS_11__true_typeE
                0x4a0009ec       0x24 Debug_HelloWorld_vc12x_gcc_arm/HelloWorld.obj
                0x4a0009ec                _STL::basic_string<char, _STL::char_traits<char>, _STL::allocator<char> >::_M_terminate_string_aux(_STL::__true_type const&)
 .text._ZNK4_STL12basic_stringIcNS_11char_traitsIcEENS_9allocatorIcEEE4sizeEv
                0x4a000a10       0x2c Debug_HelloWorld_vc12x_gcc_arm/HelloWorld.obj
                0x4a000a10                _STL::basic_string<char, _STL::char_traits<char>, _STL::allocator<char> >::size() const
 .text._ZN4_STL18__char_traits_baseIciE4copyEPcPKcj
                0x4a000a3c       0x48 Debug_HelloWorld_vc12x_gcc_arm/HelloWorld.obj
                0x4a000a3c                _STL::__char_traits_base<char, int>::copy(char*, char const*, unsigned int)
 .text._ZN4_STL12basic_stringIcNS_11char_traitsIcEENS_9allocatorIcEEE5beginEv
                0x4a000a84       0x1c Debug_HelloWorld_vc12x_gcc_arm/HelloWorld.obj
                0x4a000a84                _STL::basic_string<char, _STL::char_traits<char>, _STL::allocator<char> >::begin()
 .text._ZN4_STL12basic_stringIcNS_11char_traitsIcEENS_9allocatorIcEEE3endEv
                0x4a000aa0       0x1c Debug_HelloWorld_vc12x_gcc_arm/HelloWorld.obj
                0x4a000aa0                _STL::basic_string<char, _STL::char_traits<char>, _STL::allocator<char> >::end()
 .text._ZN4_STL12basic_stringIcNS_11char_traitsIcEENS_9allocatorIcEEE5eraseEPcS6_
                0x4a000abc       0xa8 Debug_HelloWorld_vc12x_gcc_arm/HelloWorld.obj
                0x4a000abc                _STL::basic_string<char, _STL::char_traits<char>, _STL::allocator<char> >::erase(char*, char*)
 .text._ZN4_STL12basic_stringIcNS_11char_traitsIcEENS_9allocatorIcEEE6appendIPKcEERS5_T_SA_
                0x4a000b64       0x38 Debug_HelloWorld_vc12x_gcc_arm/HelloWorld.obj
                0x4a000b64                _STL::basic_string<char, _STL::char_traits<char>, _STL::allocator<char> >& _STL::basic_string<char, _STL::char_traits<char>, _STL::allocator<char> >::append<char const*>(char const*, char const*)
 .text._ZN4_STL9allocatorIcEC2ERKS1_
                0x4a000b9c       0x1c Debug_HelloWorld_vc12x_gcc_arm/HelloWorld.obj
                0x4a000b9c                _STL::allocator<char>::allocator(_STL::allocator<char> const&)
                0x4a000b9c                _STL::allocator<char>::allocator(_STL::allocator<char> const&)
 .text._ZN4_STL9allocatorIcE10deallocateEPcj
                0x4a000bb8       0x34 Debug_HelloWorld_vc12x_gcc_arm/HelloWorld.obj
                0x4a000bb8                _STL::allocator<char>::deallocate(char*, unsigned int)
 .text._ZN4_STL18__char_traits_baseIciE4moveEPcPKcj
                0x4a000bec       0x48 Debug_HelloWorld_vc12x_gcc_arm/HelloWorld.obj
                0x4a000bec                _STL::__char_traits_base<char, int>::move(char*, char const*, unsigned int)
 .text._ZN4_STL12basic_stringIcNS_11char_traitsIcEENS_9allocatorIcEEE18_M_append_dispatchIPKcEERS5_T_SA_RKNS_12__false_typeE
                0x4a000c34       0x3c Debug_HelloWorld_vc12x_gcc_arm/HelloWorld.obj
                0x4a000c34                _STL::basic_string<char, _STL::char_traits<char>, _STL::allocator<char> >& _STL::basic_string<char, _STL::char_traits<char>, _STL::allocator<char> >::_M_append_dispatch<char const*>(char const*, char const*, _STL::__false_type const&)
 .text._ZN4_STL14__malloc_allocILi0EE10deallocateEPvj
                0x4a000c70       0x20 Debug_HelloWorld_vc12x_gcc_arm/HelloWorld.obj
                0x4a000c70                _STL::__malloc_alloc<0>::deallocate(void*, unsigned int)
 .text._ZN4_STL12basic_stringIcNS_11char_traitsIcEENS_9allocatorIcEEE6appendIPKcEERS5_T_SA_RKNS_20forward_iterator_tagE
                0x4a000c90      0x26c Debug_HelloWorld_vc12x_gcc_arm/HelloWorld.obj
                0x4a000c90                _STL::basic_string<char, _STL::char_traits<char>, _STL::allocator<char> >& _STL::basic_string<char, _STL::char_traits<char>, _STL::allocator<char> >::append<char const*>(char const*, char const*, _STL::forward_iterator_tag const&)
 .text._ZN4_STL8distanceIPKcEENS_15iterator_traitsIT_E15difference_typeERKS4_S8_
                0x4a000efc       0x34 Debug_HelloWorld_vc12x_gcc_arm/HelloWorld.obj
                0x4a000efc                _STL::iterator_traits<char const*>::difference_type _STL::distance<char const*>(char const* const&, char const* const&)
 .text._ZNK4_STL12basic_stringIcNS_11char_traitsIcEENS_9allocatorIcEEE8max_sizeEv
                0x4a000f30       0x28 Debug_HelloWorld_vc12x_gcc_arm/HelloWorld.obj
                0x4a000f30                _STL::basic_string<char, _STL::char_traits<char>, _STL::allocator<char> >::max_size() const
 .text._ZNK4_STL12_String_baseIcNS_9allocatorIcEEE21_M_throw_length_errorEv
                0x4a000f58       0x28 Debug_HelloWorld_vc12x_gcc_arm/HelloWorld.obj
                0x4a000f58                _STL::_String_base<char, _STL::allocator<char> >::_M_throw_length_error() const
 .text._ZNK4_STL12basic_stringIcNS_11char_traitsIcEENS_9allocatorIcEEE8capacityEv
                0x4a000f80       0x30 Debug_HelloWorld_vc12x_gcc_arm/HelloWorld.obj
                0x4a000f80                _STL::basic_string<char, _STL::char_traits<char>, _STL::allocator<char> >::capacity() const
 .text._ZN4_STL3maxIjEERKT_S3_S3_
                0x4a000fb0       0x3c Debug_HelloWorld_vc12x_gcc_arm/HelloWorld.obj
                0x4a000fb0                unsigned int const& _STL::max<unsigned int>(unsigned int const&, unsigned int const&)
 .text._ZN4_STL18uninitialized_copyIPcS1_EET0_T_S3_S2_
                0x4a000fec       0x38 Debug_HelloWorld_vc12x_gcc_arm/HelloWorld.obj
                0x4a000fec                char* _STL::uninitialized_copy<char*, char*>(char*, char*, char*)
 .text._ZN4_STL12basic_stringIcNS_11char_traitsIcEENS_9allocatorIcEEE17_M_construct_nullEPc
                0x4a001024       0x2c Debug_HelloWorld_vc12x_gcc_arm/HelloWorld.obj
                0x4a001024                _STL::basic_string<char, _STL::char_traits<char>, _STL::allocator<char> >::_M_construct_null(char*)
 .text._ZN4_STL10__distanceIPKcEENS_15iterator_traitsIT_E15difference_typeERKS4_S8_RKNS_26random_access_iterator_tagE
                0x4a001050       0x34 Debug_HelloWorld_vc12x_gcc_arm/HelloWorld.obj
                0x4a001050                _STL::iterator_traits<char const*>::difference_type _STL::__distance<char const*>(char const* const&, char const* const&, _STL::random_access_iterator_tag const&)
 .text._ZNK4_STL12_String_baseIcNS_9allocatorIcEEE8max_sizeEv
                0x4a001084       0x18 Debug_HelloWorld_vc12x_gcc_arm/HelloWorld.obj
                0x4a001084                _STL::_String_base<char, _STL::allocator<char> >::max_size() const
 .text._ZN4_STL20__uninitialized_copyIPcS1_EET0_T_S3_S2_RKNS_11__true_typeE
                0x4a00109c       0x40 Debug_HelloWorld_vc12x_gcc_arm/HelloWorld.obj
                0x4a00109c                char* _STL::__uninitialized_copy<char*, char*>(char*, char*, char*, _STL::__true_type const&)
 .text._ZN4_STL12basic_stringIcNS_11char_traitsIcEENS_9allocatorIcEEE21_M_construct_null_auxEPcRKNS_11__true_typeE
                0x4a0010dc       0x24 Debug_HelloWorld_vc12x_gcc_arm/HelloWorld.obj
                0x4a0010dc                _STL::basic_string<char, _STL::char_traits<char>, _STL::allocator<char> >::_M_construct_null_aux(char*, _STL::__true_type const&)
 .text._ZN4_STL12_BothPtrTypeIPcS1_E4_RetEv
                0x4a001100        0x8 Debug_HelloWorld_vc12x_gcc_arm/HelloWorld.obj
                0x4a001100                _STL::_BothPtrType<char*, char*>::_Ret()
 .text._ZN4_STL10__copy_auxIPcS1_EET0_T_S3_S2_RKNS_11__true_typeE
                0x4a001108       0x4c Debug_HelloWorld_vc12x_gcc_arm/HelloWorld.obj
                0x4a001108                char* _STL::__copy_aux<char*, char*>(char*, char*, char*, _STL::__true_type const&)
 .text._ZN4_STL13_IsOKToMemCpyIccEENS_11_OKToMemCpyIT_T0_EEPS2_PS3_
                0x4a001154       0x18 Debug_HelloWorld_vc12x_gcc_arm/HelloWorld.obj
                0x4a001154                _STL::_OKToMemCpy<char, char> _STL::_IsOKToMemCpy<char, char>(char*, char*)
 .text._ZN4_STL11_OKToMemCpyIccE4_RetEv
                0x4a00116c        0x8 Debug_HelloWorld_vc12x_gcc_arm/HelloWorld.obj
                0x4a00116c                _STL::_OKToMemCpy<char, char>::_Ret()
 .text._ZN4_STL11__copy_ptrsIPcS1_EET0_T_S3_S2_RKNS_11__true_typeE
                0x4a001174       0x38 Debug_HelloWorld_vc12x_gcc_arm/HelloWorld.obj
                0x4a001174                char* _STL::__copy_ptrs<char*, char*>(char*, char*, char*, _STL::__true_type const&)
 .text._ZN4_STL24__stl_throw_length_errorEPKc
                0x4a0011ac        0xc c:/marmalade/7.4/s3e/lib/arm/v6/nofpu/soft\libs3e_cpp_d.a(dll_main.obj)
                0x4a0011ac                _STL::__stl_throw_length_error(char const*)
 .text._ZN4_STL14__malloc_allocILi0EE13_S_oom_mallocEj
                0x4a0011b8       0x50 c:/marmalade/7.4/s3e/lib/arm/v6/nofpu/soft\libs3e_cpp_d.a(dll_main.obj)
                0x4a0011b8                _STL::__malloc_alloc<0>::_S_oom_malloc(unsigned int)
 .text._ZdlPv   0x4a001208        0x4 c:/marmalade/7.4/s3e/lib/arm/v6/nofpu/soft\libs3e_cpp_d.a(delete.obj)
                0x4a001208                operator delete(void*)
 .text.iwcrt_init
                0x4a00120c       0xa8 c:/marmalade/7.4/s3e/lib/arm/v6/nofpu/soft\libs3e_d.a(iwcrt_common.o)
                0x4a00120c                iwcrt_init
 .text.iwcrt_init2
                0x4a0012b4      0x170 c:/marmalade/7.4/s3e/lib/arm/v6/nofpu/soft\libs3e_d.a(iwcrt_common.o)
                0x4a0012b4                iwcrt_init2
 .text.iwcrt_fini
                0x4a001424       0x98 c:/marmalade/7.4/s3e/lib/arm/v6/nofpu/soft\libs3e_d.a(iwcrt_common.o)
                0x4a001424                iwcrt_fini
 .text._IwRead  0x4a0014bc      0x184 c:/marmalade/7.4/s3e/lib/arm/v6/nofpu/soft\libs3e_d.a(iwcrt_common.o)
                0x4a0014bc                _IwRead
 .text._IwLseek
                0x4a001640      0x190 c:/marmalade/7.4/s3e/lib/arm/v6/nofpu/soft\libs3e_d.a(iwcrt_common.o)
                0x4a001640                _IwLseek
 .text._IwWrite
                0x4a0017d0      0x188 c:/marmalade/7.4/s3e/lib/arm/v6/nofpu/soft\libs3e_d.a(iwcrt_common.o)
                0x4a0017d0                _IwWrite
 .text._IwExit  0x4a001958       0x50 c:/marmalade/7.4/s3e/lib/arm/v6/nofpu/soft\libs3e_d.a(iwcrt_common.o)
                0x4a001958                _IwExit
 .text._IwCrtFree
                0x4a0019a8       0x50 c:/marmalade/7.4/s3e/lib/arm/v6/nofpu/soft\libs3e_d.a(iwcrt_common.o)
                0x4a0019a8                _IwCrtFree
 .text._IwCrtCalloc
                0x4a0019f8       0xc0 c:/marmalade/7.4/s3e/lib/arm/v6/nofpu/soft\libs3e_d.a(iwcrt_common.o)
                0x4a0019f8                _IwCrtCalloc
 .text._IwCrtMalloc
                0x4a001ab8       0xac c:/marmalade/7.4/s3e/lib/arm/v6/nofpu/soft\libs3e_d.a(iwcrt_common.o)
                0x4a001ab8                _IwCrtMalloc
 .text._IwCrtRealloc
                0x4a001b64       0xb4 c:/marmalade/7.4/s3e/lib/arm/v6/nofpu/soft\libs3e_d.a(iwcrt_common.o)
                0x4a001b64                _IwCrtRealloc
 .text.abort    0x4a001c18       0xd4 c:/marmalade/7.4/s3e/lib/arm/v6/nofpu/soft\libs3e_d.a(iwcrt_common.o)
                0x4a001c18                abort
 .text._IwClose
                0x4a001cec      0x32c c:/marmalade/7.4/s3e/lib/arm/v6/nofpu/soft\libs3e_d.a(iwcrt_common.o)
                0x4a001cec                _IwClose
 .text.set_errno_from_s3efile
                0x4a002018      0x2e4 c:/marmalade/7.4/s3e/lib/arm/v6/nofpu/soft\libs3e_d.a(iwcrt_common.o)
 .text._IwFstat
                0x4a0022fc      0x254 c:/marmalade/7.4/s3e/lib/arm/v6/nofpu/soft\libs3e_d.a(iwcrt_common.o)
                0x4a0022fc                _IwFstat
 .text.gettimeofday
                0x4a002550       0x84 c:/marmalade/7.4/s3e/lib/arm/v6/nofpu/soft\libs3e_d.a(iwcrt_common.o)
                0x4a002550                gettimeofday
 .text._IwMalloc
                0x4a0025d4        0x4 c:/marmalade/7.4/s3e/lib/arm/v6/nofpu/soft\libs3e_d.a(malloc.o)
                0x4a0025d4                _IwMalloc
 .text._IwFree  0x4a0025d8      0x12c c:/marmalade/7.4/s3e/lib/arm/v6/nofpu/soft\libs3e_d.a(malloc.o)
                0x4a0025d8                _IwFree
 .text.malloc   0x4a002704        0x4 c:/marmalade/7.4/s3e/lib/arm/v6/nofpu/soft\libs3e_d.a(malloc.o)
                0x4a002704                malloc
 .text.free     0x4a002708        0x4 c:/marmalade/7.4/s3e/lib/arm/v6/nofpu/soft\libs3e_d.a(malloc.o)
                0x4a002708                free
 .text.realloc  0x4a00270c        0x4 c:/marmalade/7.4/s3e/lib/arm/v6/nofpu/soft\libs3e_d.a(malloc.o)
                0x4a00270c                realloc
 .text.shutdown
                0x4a002710      0x1b0 c:/marmalade/7.4/s3e/lib/arm/v6/nofpu/soft\libs3e_d.a(sockets.o)
                0x4a002710                shutdown
 .text.unsetenv
                0x4a0028c0      0x1b8 c:/marmalade/7.4/s3e/lib/arm/v6/nofpu/soft\libs3e_d.a(stdlib.o)
                0x4a0028c0                unsetenv
 .text._ZL15putenv_internalPcbb
                0x4a002a78      0x3b0 c:/marmalade/7.4/s3e/lib/arm/v6/nofpu/soft\libs3e_d.a(stdlib.o)
 .text.setenv   0x4a002e28      0x184 c:/marmalade/7.4/s3e/lib/arm/v6/nofpu/soft\libs3e_d.a(stdlib.o)
                0x4a002e28                setenv
 .text.startup._GLOBAL__sub_I_stdlib.cpp
                0x4a002fac       0x20 c:/marmalade/7.4/s3e/lib/arm/v6/nofpu/soft\libs3e_d.a(stdlib.o)
 .text._ZL11CheckConfigv
                0x4a002fcc      0x200 c:/marmalade/7.4/s3e/lib/arm/v6/nofpu/soft\libs3e_d.a(stdout.o)
 .text._ZL10ScrollDownv
                0x4a0031cc       0xfc c:/marmalade/7.4/s3e/lib/arm/v6/nofpu/soft\libs3e_d.a(stdout.o)
 .text._ZL17ConsoleTraceLinesPKcjb.isra.2
                0x4a0032c8      0x238 c:/marmalade/7.4/s3e/lib/arm/v6/nofpu/soft\libs3e_d.a(stdout.o)
 .text._ZL13TimerCallbackPvS_
                0x4a003500       0xb0 c:/marmalade/7.4/s3e/lib/arm/v6/nofpu/soft\libs3e_d.a(stdout.o)
 .text._ZL16KeyboardCallbackPvS_
                0x4a0035b0      0x3c0 c:/marmalade/7.4/s3e/lib/arm/v6/nofpu/soft\libs3e_d.a(stdout.o)
 .text._IwHandleStdoutput
                0x4a003970      0x260 c:/marmalade/7.4/s3e/lib/arm/v6/nofpu/soft\libs3e_d.a(stdout.o)
                0x4a003970                _IwHandleStdoutput
 .text._IwHandleStdinput
                0x4a003bd0      0x198 c:/marmalade/7.4/s3e/lib/arm/v6/nofpu/soft\libs3e_d.a(stdout.o)
                0x4a003bd0                _IwHandleStdinput
 .text.strlcat  0x4a003d68       0x88 c:/marmalade/7.4/s3e/lib/arm/v6/nofpu/soft\libs3e_d.a(string.o)
                0x4a003d68                strlcat
 .text.s3eMalloc
                0x4a003df0       0x1c c:/marmalade/7.4/s3e/lib/arm/v6/nofpu/soft\libs3e_d.a(s3eMalloc_eapi.o)
                0x4a003df0                s3eMalloc
 .text.s3eFree  0x4a003e0c       0x1c c:/marmalade/7.4/s3e/lib/arm/v6/nofpu/soft\libs3e_d.a(s3eMalloc_eapi.o)
                0x4a003e0c                s3eFree
 .text.s3eRealloc
                0x4a003e28       0x24 c:/marmalade/7.4/s3e/lib/arm/v6/nofpu/soft\libs3e_d.a(s3eMalloc_eapi.o)
                0x4a003e28                s3eRealloc
 .text._ZL7tlsFreePv
                0x4a003e4c        0x4 c:/marmalade/7.4/s3e/lib/arm/v6/nofpu/soft\libs3e_d.a(s3eMemory_eapi.o)
 .text._Z25iw_malloc_get_usr_mgr_tlsv
                0x4a003e50       0x98 c:/marmalade/7.4/s3e/lib/arm/v6/nofpu/soft\libs3e_d.a(s3eMemory_eapi.o)
                0x4a003e50                iw_malloc_get_usr_mgr_tls()
 .text.iw_malloc_init
                0x4a003ee8       0xa4 c:/marmalade/7.4/s3e/lib/arm/v6/nofpu/soft\libs3e_d.a(s3eMemory_eapi.o)
                0x4a003ee8                iw_malloc_init
 .text.s3eMemoryGetUserMemMgr
                0x4a003f8c       0xa0 c:/marmalade/7.4/s3e/lib/arm/v6/nofpu/soft\libs3e_d.a(s3eMemory_eapi.o)
                0x4a003f8c                s3eMemoryGetUserMemMgr
 .text.s3eMemorySetUserMemMgr
                0x4a00402c       0xc4 c:/marmalade/7.4/s3e/lib/arm/v6/nofpu/soft\libs3e_d.a(s3eMemory_eapi.o)
                0x4a00402c                s3eMemorySetUserMemMgr
 .text.s3eSurfaceClear
                0x4a0040f0      0x314 c:/marmalade/7.4/s3e/lib/arm/v6/nofpu/soft\libs3e_d.a(s3eSurface_eapi.o)
                0x4a0040f0                s3eSurfaceClear
 .text.IwDebugAssertIsChannelOn
                0x4a004404      0x208 c:/marmalade/7.4/s3e/lib/arm/v6/nofpu/soft\libs3e_d.a(IwDebug.o)
                0x4a004404                IwDebugAssertIsChannelOn
 .text.IwDebugAssertShow
                0x4a00460c      0x318 c:/marmalade/7.4/s3e/lib/arm/v6/nofpu/soft\libs3e_d.a(IwDebug.o)
                0x4a00460c                IwDebugAssertShow
 .text.IwDebugAssertSetSolution
                0x4a004924       0xc8 c:/marmalade/7.4/s3e/lib/arm/v6/nofpu/soft\libs3e_d.a(IwDebug.o)
                0x4a004924                IwDebugAssertSetSolution
 .text.IwDebugAssertSetMessage
                0x4a0049ec      0x108 c:/marmalade/7.4/s3e/lib/arm/v6/nofpu/soft\libs3e_d.a(IwDebug.o)
                0x4a0049ec                IwDebugAssertSetMessage
 .text.IwDebugTraceIsChannelOn
                0x4a004af4      0x27c c:/marmalade/7.4/s3e/lib/arm/v6/nofpu/soft\libs3e_d.a(IwDebug.o)
                0x4a004af4                IwDebugTraceIsChannelOn
 .text.IwDebugTraceSetTraceChannel
                0x4a004d70       0x1c c:/marmalade/7.4/s3e/lib/arm/v6/nofpu/soft\libs3e_d.a(IwDebug.o)
                0x4a004d70                IwDebugTraceSetTraceChannel
 .text.IwDebugTraceLineVPrintf
                0x4a004d8c      0x18c c:/marmalade/7.4/s3e/lib/arm/v6/nofpu/soft\libs3e_d.a(IwDebug.o)
                0x4a004d8c                IwDebugTraceLineVPrintf
 .text.IwDebugTraceLinePrintf
                0x4a004f18       0x30 c:/marmalade/7.4/s3e/lib/arm/v6/nofpu/soft\libs3e_d.a(IwDebug.o)
                0x4a004f18                IwDebugTraceLinePrintf
 .text.IwDebugErrorShow
                0x4a004f48      0x108 c:/marmalade/7.4/s3e/lib/arm/v6/nofpu/soft\libs3e_d.a(IwDebug.o)
                0x4a004f48                IwDebugErrorShow
 .text.IwDebugAssertSetUID
                0x4a005050       0x14 c:/marmalade/7.4/s3e/lib/arm/v6/nofpu/soft\libs3e_d.a(IwDebug.o)
                0x4a005050                IwDebugAssertSetUID
 .text.startup._GLOBAL__sub_I_IwDebug.cpp
                0x4a005064       0x88 c:/marmalade/7.4/s3e/lib/arm/v6/nofpu/soft\libs3e_d.a(IwDebug.o)
 .text.s3eThreadAvailable
                0x4a0050ec       0x70 c:/marmalade/7.4/s3e/lib/arm/v6/nofpu/soft\libs3e_d.a(s3eThread_interface.o)
                0x4a0050ec                s3eThreadAvailable
 .text.s3eThreadGetCurrent
                0x4a00515c       0xa4 c:/marmalade/7.4/s3e/lib/arm/v6/nofpu/soft\libs3e_d.a(s3eThread_interface.o)
                0x4a00515c                s3eThreadGetCurrent
 .text.s3eThreadLockCreate
                0x4a005200       0xa4 c:/marmalade/7.4/s3e/lib/arm/v6/nofpu/soft\libs3e_d.a(s3eThread_interface.o)
                0x4a005200                s3eThreadLockCreate
 .text.s3eThreadLockDestroy
                0x4a0052a4       0xac c:/marmalade/7.4/s3e/lib/arm/v6/nofpu/soft\libs3e_d.a(s3eThread_interface.o)
                0x4a0052a4                s3eThreadLockDestroy
 .text.s3eThreadLockAcquire
                0x4a005350       0xb4 c:/marmalade/7.4/s3e/lib/arm/v6/nofpu/soft\libs3e_d.a(s3eThread_interface.o)
                0x4a005350                s3eThreadLockAcquire
 .text.s3eThreadLockRelease
                0x4a005404       0xac c:/marmalade/7.4/s3e/lib/arm/v6/nofpu/soft\libs3e_d.a(s3eThread_interface.o)
                0x4a005404                s3eThreadLockRelease
 .text._free_r  0x4a0054b0        0x8 c:/marmalade/7.4/s3e/lib/arm/v6/nofpu/soft\libs3e_d.a(newlib_impl.o)
                0x4a0054b0                _free_r
 .text._calloc_r
                0x4a0054b8        0xc c:/marmalade/7.4/s3e/lib/arm/v6/nofpu/soft\libs3e_d.a(newlib_impl.o)
                0x4a0054b8                _calloc_r
 .text._realloc_r
                0x4a0054c4        0xc c:/marmalade/7.4/s3e/lib/arm/v6/nofpu/soft\libs3e_d.a(newlib_impl.o)
                0x4a0054c4                _realloc_r
 .text._malloc_r
                0x4a0054d0        0x8 c:/marmalade/7.4/s3e/lib/arm/v6/nofpu/soft\libs3e_d.a(newlib_impl.o)
                0x4a0054d0                _malloc_r
 .text._gettimeofday
                0x4a0054d8        0x4 c:/marmalade/7.4/s3e/lib/arm/v6/nofpu/soft\libs3e_d.a(newlib_impl.o)
                0x4a0054d8                _gettimeofday
 .text._close   0x4a0054dc        0x4 c:/marmalade/7.4/s3e/lib/arm/v6/nofpu/soft\libs3e_d.a(newlib_impl.o)
                0x4a0054dc                _close
 .text._lseek   0x4a0054e0        0x4 c:/marmalade/7.4/s3e/lib/arm/v6/nofpu/soft\libs3e_d.a(newlib_impl.o)
                0x4a0054e0                _lseek
 .text._read    0x4a0054e4        0x4 c:/marmalade/7.4/s3e/lib/arm/v6/nofpu/soft\libs3e_d.a(newlib_impl.o)
                0x4a0054e4                _read
 .text._write   0x4a0054e8        0x4 c:/marmalade/7.4/s3e/lib/arm/v6/nofpu/soft\libs3e_d.a(newlib_impl.o)
                0x4a0054e8                _write
 .text._fstat   0x4a0054ec       0x4c c:/marmalade/7.4/s3e/lib/arm/v6/nofpu/soft\libs3e_d.a(newlib_impl.o)
                0x4a0054ec                _fstat
 .text._exit    0x4a005538        0x8 c:/marmalade/7.4/s3e/lib/arm/v6/nofpu/soft\libs3e_d.a(newlib_impl.o)
                0x4a005538                _exit
 .text._isatty  0x4a005540       0x10 c:/marmalade/7.4/s3e/lib/arm/v6/nofpu/soft\libs3e_d.a(newlib_impl.o)
                0x4a005540                _isatty
 .text.IwMain   0x4a005550      0x134 c:/marmalade/7.4/s3e/lib/arm/v6/nofpu/soft\libs3e_d.a(iwmain.o)
                0x4a005550                IwMain
 .text.pthread_mutex_lock
                0x4a005684      0x1b0 c:/marmalade/7.4/s3e/lib/arm/v6/nofpu/soft\libs3e_d.a(pthread_mutex.o)
                0x4a005684                pthread_mutex_lock
 .text.pthread_mutex_unlock
                0x4a005834      0x238 c:/marmalade/7.4/s3e/lib/arm/v6/nofpu/soft\libs3e_d.a(pthread_mutex.o)
                0x4a005834                pthread_mutex_unlock
 .text.pthread_key_create
                0x4a005a6c      0x17c c:/marmalade/7.4/s3e/lib/arm/v6/nofpu/soft\libs3e_d.a(pthread_tls.o)
                0x4a005a6c                pthread_key_create
 .text.pthread_setspecific
                0x4a005be8      0x164 c:/marmalade/7.4/s3e/lib/arm/v6/nofpu/soft\libs3e_d.a(pthread_tls.o)
                0x4a005be8                pthread_setspecific
 .text.pthread_getspecific
                0x4a005d4c      0x108 c:/marmalade/7.4/s3e/lib/arm/v6/nofpu/soft\libs3e_d.a(pthread_tls.o)
                0x4a005d4c                pthread_getspecific
 .text.pthread_self
                0x4a005e54       0x5c c:/marmalade/7.4/s3e/lib/arm/v6/nofpu/soft\libs3e_d.a(pthreads.o)
                0x4a005e54                pthread_self
 .text.raise    0x4a005eb0      0x190 c:/marmalade/7.4/s3e/lib/arm/v6/nofpu/soft\libs3e_d.a(signal.o)
                0x4a005eb0                raise
 .text.localtime
                0x4a006040       0x60 c:/marmalade/7.4/s3e/lib/arm/v6/nofpu/soft\libs3e_d.a(time.o)
                0x4a006040                localtime
 .text.__cxa_end_cleanup
                0x4a0060a0       0x10 c:/marmalade/7.4/s3e/gcc/win32/bin/../lib/gcc/arm-none-eabi/4.8.3/../../../../arm-none-eabi/lib/armv6\libstdc++.a(eh_arm.o)
                0x4a0060a0                __cxa_end_cleanup
 .text.__cxa_type_match
                0x4a0060b0      0x154 c:/marmalade/7.4/s3e/gcc/win32/bin/../lib/gcc/arm-none-eabi/4.8.3/../../../../arm-none-eabi/lib/armv6\libstdc++.a(eh_arm.o)
                0x4a0060b0                __cxa_type_match
 .text.__cxa_begin_cleanup
                0x4a006204       0xb4 c:/marmalade/7.4/s3e/gcc/win32/bin/../lib/gcc/arm-none-eabi/4.8.3/../../../../arm-none-eabi/lib/armv6\libstdc++.a(eh_arm.o)
                0x4a006204                __cxa_begin_cleanup
 .text.__gnu_end_cleanup
                0x4a0062b8       0xb4 c:/marmalade/7.4/s3e/gcc/win32/bin/../lib/gcc/arm-none-eabi/4.8.3/../../../../arm-none-eabi/lib/armv6\libstdc++.a(eh_arm.o)
                0x4a0062b8                __gnu_end_cleanup
 .text._ZNSt9exceptionD2Ev
                0x4a00636c       0x24 c:/marmalade/7.4/s3e/gcc/win32/bin/../lib/gcc/arm-none-eabi/4.8.3/../../../../arm-none-eabi/lib/armv6\libstdc++.a(eh_exception.o)
                0x4a00636c                std::exception::~exception()
                0x4a00636c                std::exception::~exception()
 .text._ZNSt13bad_exceptionD2Ev
                0x4a006390       0x34 c:/marmalade/7.4/s3e/gcc/win32/bin/../lib/gcc/arm-none-eabi/4.8.3/../../../../arm-none-eabi/lib/armv6\libstdc++.a(eh_exception.o)
                0x4a006390                std::bad_exception::~bad_exception()
                0x4a006390                std::bad_exception::~bad_exception()
 .text._ZNKSt9exception4whatEv
                0x4a0063c4       0x10 c:/marmalade/7.4/s3e/gcc/win32/bin/../lib/gcc/arm-none-eabi/4.8.3/../../../../arm-none-eabi/lib/armv6\libstdc++.a(eh_exception.o)
                0x4a0063c4                std::exception::what() const
 .text._ZNKSt13bad_exception4whatEv
                0x4a0063d4       0x10 c:/marmalade/7.4/s3e/gcc/win32/bin/../lib/gcc/arm-none-eabi/4.8.3/../../../../arm-none-eabi/lib/armv6\libstdc++.a(eh_exception.o)
                0x4a0063d4                std::bad_exception::what() const
 .text._ZNSt9exceptionD0Ev
                0x4a0063e4       0x1c c:/marmalade/7.4/s3e/gcc/win32/bin/../lib/gcc/arm-none-eabi/4.8.3/../../../../arm-none-eabi/lib/armv6\libstdc++.a(eh_exception.o)
                0x4a0063e4                std::exception::~exception()
 .text._ZNSt13bad_exceptionD0Ev
                0x4a006400       0x1c c:/marmalade/7.4/s3e/gcc/win32/bin/../lib/gcc/arm-none-eabi/4.8.3/../../../../arm-none-eabi/lib/armv6\libstdc++.a(eh_exception.o)
                0x4a006400                std::bad_exception::~bad_exception()
 .text.__cxa_get_globals_fast
                0x4a00641c       0x10 c:/marmalade/7.4/s3e/gcc/win32/bin/../lib/gcc/arm-none-eabi/4.8.3/../../../../arm-none-eabi/lib/armv6\libstdc++.a(eh_globals.o)
                0x4a00641c                __cxa_get_globals_fast
 .text.__cxa_get_globals
                0x4a00642c       0x10 c:/marmalade/7.4/s3e/gcc/win32/bin/../lib/gcc/arm-none-eabi/4.8.3/../../../../arm-none-eabi/lib/armv6\libstdc++.a(eh_globals.o)
                0x4a00642c                __cxa_get_globals
 .text._ZN10__cxxabiv111__terminateEPFvvE
                0x4a00643c       0x34 c:/marmalade/7.4/s3e/gcc/win32/bin/../lib/gcc/arm-none-eabi/4.8.3/../../../../arm-none-eabi/lib/armv6\libstdc++.a(eh_terminate.o)
                0x4a00643c                __cxxabiv1::__terminate(void (*)())
 .text._ZSt9terminatev
                0x4a006470       0x24 c:/marmalade/7.4/s3e/gcc/win32/bin/../lib/gcc/arm-none-eabi/4.8.3/../../../../arm-none-eabi/lib/armv6\libstdc++.a(eh_terminate.o)
                0x4a006470                std::terminate()
 .text._ZN10__cxxabiv112__unexpectedEPFvvE
                0x4a006494        0xc c:/marmalade/7.4/s3e/gcc/win32/bin/../lib/gcc/arm-none-eabi/4.8.3/../../../../arm-none-eabi/lib/armv6\libstdc++.a(eh_terminate.o)
                0x4a006494                __cxxabiv1::__unexpected(void (*)())
 .text._ZSt10unexpectedv
                0x4a0064a0       0x24 c:/marmalade/7.4/s3e/gcc/win32/bin/../lib/gcc/arm-none-eabi/4.8.3/../../../../arm-none-eabi/lib/armv6\libstdc++.a(eh_terminate.o)
                0x4a0064a0                std::unexpected()
 .text._ZN10__cxxabiv120__si_class_type_infoD2Ev
                0x4a0064c4       0x34 c:/marmalade/7.4/s3e/gcc/win32/bin/../lib/gcc/arm-none-eabi/4.8.3/../../../../arm-none-eabi/lib/armv6\libstdc++.a(si_class_type_info.o)
                0x4a0064c4                __cxxabiv1::__si_class_type_info::~__si_class_type_info()
                0x4a0064c4                __cxxabiv1::__si_class_type_info::~__si_class_type_info()
 .text._ZN10__cxxabiv120__si_class_type_infoD0Ev
                0x4a0064f8       0x1c c:/marmalade/7.4/s3e/gcc/win32/bin/../lib/gcc/arm-none-eabi/4.8.3/../../../../arm-none-eabi/lib/armv6\libstdc++.a(si_class_type_info.o)
                0x4a0064f8                __cxxabiv1::__si_class_type_info::~__si_class_type_info()
 .text._ZNK10__cxxabiv120__si_class_type_info20__do_find_public_srcEiPKvPKNS_17__class_type_infoES2_
                0x4a006514       0x64 c:/marmalade/7.4/s3e/gcc/win32/bin/../lib/gcc/arm-none-eabi/4.8.3/../../../../arm-none-eabi/lib/armv6\libstdc++.a(si_class_type_info.o)
                0x4a006514                __cxxabiv1::__si_class_type_info::__do_find_public_src(int, void const*, __cxxabiv1::__class_type_info const*, void const*) const
 .text._ZNK10__cxxabiv120__si_class_type_info12__do_dyncastEiNS_17__class_type_info10__sub_kindEPKS1_PKvS4_S6_RNS1_16__dyncast_resultE
                0x4a006578       0xe4 c:/marmalade/7.4/s3e/gcc/win32/bin/../lib/gcc/arm-none-eabi/4.8.3/../../../../arm-none-eabi/lib/armv6\libstdc++.a(si_class_type_info.o)
                0x4a006578                __cxxabiv1::__si_class_type_info::__do_dyncast(int, __cxxabiv1::__class_type_info::__sub_kind, __cxxabiv1::__class_type_info const*, void const*, __cxxabiv1::__class_type_info const*, void const*, __cxxabiv1::__class_type_info::__dyncast_result&) const
 .text._ZNK10__cxxabiv120__si_class_type_info11__do_upcastEPKNS_17__class_type_infoEPKvRNS1_15__upcast_resultE
                0x4a00665c       0x40 c:/marmalade/7.4/s3e/gcc/win32/bin/../lib/gcc/arm-none-eabi/4.8.3/../../../../arm-none-eabi/lib/armv6\libstdc++.a(si_class_type_info.o)
                0x4a00665c                __cxxabiv1::__si_class_type_info::__do_upcast(__cxxabiv1::__class_type_info const*, void const*, __cxxabiv1::__class_type_info::__upcast_result&) const
 .text._ZNSt9type_infoD2Ev
                0x4a00669c       0x24 c:/marmalade/7.4/s3e/gcc/win32/bin/../lib/gcc/arm-none-eabi/4.8.3/../../../../arm-none-eabi/lib/armv6\libstdc++.a(tinfo.o)
                0x4a00669c                std::type_info::~type_info()
                0x4a00669c                std::type_info::~type_info()
 .text._ZNKSt9type_info14__is_pointer_pEv
                0x4a0066c0        0x8 c:/marmalade/7.4/s3e/gcc/win32/bin/../lib/gcc/arm-none-eabi/4.8.3/../../../../arm-none-eabi/lib/armv6\libstdc++.a(tinfo.o)
                0x4a0066c0                std::type_info::__is_pointer_p() const
 .text._ZNKSt9type_info15__is_function_pEv
                0x4a0066c8        0x8 c:/marmalade/7.4/s3e/gcc/win32/bin/../lib/gcc/arm-none-eabi/4.8.3/../../../../arm-none-eabi/lib/armv6\libstdc++.a(tinfo.o)
                0x4a0066c8                std::type_info::__is_function_p() const
 .text._ZNKSt9type_info11__do_upcastEPKN10__cxxabiv117__class_type_infoEPPv
                0x4a0066d0        0x8 c:/marmalade/7.4/s3e/gcc/win32/bin/../lib/gcc/arm-none-eabi/4.8.3/../../../../arm-none-eabi/lib/armv6\libstdc++.a(tinfo.o)
                0x4a0066d0                std::type_info::__do_upcast(__cxxabiv1::__class_type_info const*, void**) const
 .text._ZNSt9type_infoD0Ev
                0x4a0066d8       0x1c c:/marmalade/7.4/s3e/gcc/win32/bin/../lib/gcc/arm-none-eabi/4.8.3/../../../../arm-none-eabi/lib/armv6\libstdc++.a(tinfo.o)
                0x4a0066d8                std::type_info::~type_info()
 .text._ZNKSt9type_infoeqERKS_
                0x4a0066f4       0x4c c:/marmalade/7.4/s3e/gcc/win32/bin/../lib/gcc/arm-none-eabi/4.8.3/../../../../arm-none-eabi/lib/armv6\libstdc++.a(tinfo.o)
                0x4a0066f4                std::type_info::operator==(std::type_info const&) const
 .text._ZNKSt9type_info10__do_catchEPKS_PPvj
                0x4a006740        0x4 c:/marmalade/7.4/s3e/gcc/win32/bin/../lib/gcc/arm-none-eabi/4.8.3/../../../../arm-none-eabi/lib/armv6\libstdc++.a(tinfo.o)
                0x4a006740                std::type_info::__do_catch(std::type_info const*, void**, unsigned int) const
 .text._ZNK10__cxxabiv117__class_type_info11__do_upcastEPKS0_PPv
                0x4a006744       0x5c c:/marmalade/7.4/s3e/gcc/win32/bin/../lib/gcc/arm-none-eabi/4.8.3/../../../../arm-none-eabi/lib/armv6\libstdc++.a(class_type_info.o)
                0x4a006744                __cxxabiv1::__class_type_info::__do_upcast(__cxxabiv1::__class_type_info const*, void**) const
 .text._ZNK10__cxxabiv117__class_type_info20__do_find_public_srcEiPKvPKS0_S2_
                0x4a0067a0       0x14 c:/marmalade/7.4/s3e/gcc/win32/bin/../lib/gcc/arm-none-eabi/4.8.3/../../../../arm-none-eabi/lib/armv6\libstdc++.a(class_type_info.o)
                0x4a0067a0                __cxxabiv1::__class_type_info::__do_find_public_src(int, void const*, __cxxabiv1::__class_type_info const*, void const*) const
 .text._ZN10__cxxabiv117__class_type_infoD2Ev
                0x4a0067b4       0x34 c:/marmalade/7.4/s3e/gcc/win32/bin/../lib/gcc/arm-none-eabi/4.8.3/../../../../arm-none-eabi/lib/armv6\libstdc++.a(class_type_info.o)
                0x4a0067b4                __cxxabiv1::__class_type_info::~__class_type_info()
                0x4a0067b4                __cxxabiv1::__class_type_info::~__class_type_info()
 .text._ZN10__cxxabiv117__class_type_infoD0Ev
                0x4a0067e8       0x1c c:/marmalade/7.4/s3e/gcc/win32/bin/../lib/gcc/arm-none-eabi/4.8.3/../../../../arm-none-eabi/lib/armv6\libstdc++.a(class_type_info.o)
                0x4a0067e8                __cxxabiv1::__class_type_info::~__class_type_info()
 .text._ZNK10__cxxabiv117__class_type_info11__do_upcastEPKS0_PKvRNS0_15__upcast_resultE
                0x4a006804       0x2c c:/marmalade/7.4/s3e/gcc/win32/bin/../lib/gcc/arm-none-eabi/4.8.3/../../../../arm-none-eabi/lib/armv6\libstdc++.a(class_type_info.o)
                0x4a006804                __cxxabiv1::__class_type_info::__do_upcast(__cxxabiv1::__class_type_info const*, void const*, __cxxabiv1::__class_type_info::__upcast_result&) const
 .text._ZNK10__cxxabiv117__class_type_info10__do_catchEPKSt9type_infoPPvj
                0x4a006830       0x44 c:/marmalade/7.4/s3e/gcc/win32/bin/../lib/gcc/arm-none-eabi/4.8.3/../../../../arm-none-eabi/lib/armv6\libstdc++.a(class_type_info.o)
                0x4a006830                __cxxabiv1::__class_type_info::__do_catch(std::type_info const*, void**, unsigned int) const
 .text._ZNK10__cxxabiv117__class_type_info12__do_dyncastEiNS0_10__sub_kindEPKS0_PKvS3_S5_RNS0_16__dyncast_resultE
                0x4a006874       0x78 c:/marmalade/7.4/s3e/gcc/win32/bin/../lib/gcc/arm-none-eabi/4.8.3/../../../../arm-none-eabi/lib/armv6\libstdc++.a(class_type_info.o)
                0x4a006874                __cxxabiv1::__class_type_info::__do_dyncast(int, __cxxabiv1::__class_type_info::__sub_kind, __cxxabiv1::__class_type_info const*, void const*, __cxxabiv1::__class_type_info const*, void const*, __cxxabiv1::__class_type_info::__dyncast_result&) const
 .text.__cxa_call_terminate
                0x4a0068ec       0x7c c:/marmalade/7.4/s3e/gcc/win32/bin/../lib/gcc/arm-none-eabi/4.8.3/../../../../arm-none-eabi/lib/armv6\libstdc++.a(eh_call.o)
                0x4a0068ec                __cxa_call_terminate
 .text.__cxa_call_unexpected
                0x4a006968      0x1a8 c:/marmalade/7.4/s3e/gcc/win32/bin/../lib/gcc/arm-none-eabi/4.8.3/../../../../arm-none-eabi/lib/armv6\libstdc++.a(eh_call.o)
                0x4a006968                __cxa_call_unexpected
 .text.__cxa_begin_catch
                0x4a006b10       0xe0 c:/marmalade/7.4/s3e/gcc/win32/bin/../lib/gcc/arm-none-eabi/4.8.3/../../../../arm-none-eabi/lib/armv6\libstdc++.a(eh_catch.o)
                0x4a006b10                __cxa_begin_catch
 .text.__cxa_end_catch
                0x4a006bf0       0xd8 c:/marmalade/7.4/s3e/gcc/win32/bin/../lib/gcc/arm-none-eabi/4.8.3/../../../../arm-none-eabi/lib/armv6\libstdc++.a(eh_catch.o)
                0x4a006bf0                __cxa_end_catch
 .text._ZL12read_sleb128PKhPl
                0x4a006cc8       0x44 c:/marmalade/7.4/s3e/gcc/win32/bin/../lib/gcc/arm-none-eabi/4.8.3/../../../../arm-none-eabi/lib/armv6\libstdc++.a(eh_personality.o)
 .text._ZL28read_encoded_value_with_basehjPKhPj
                0x4a006d0c      0x16c c:/marmalade/7.4/s3e/gcc/win32/bin/../lib/gcc/arm-none-eabi/4.8.3/../../../../arm-none-eabi/lib/armv6\libstdc++.a(eh_personality.o)
 .text._ZL21base_of_encoded_valuehP15_Unwind_Context
                0x4a006e78       0x74 c:/marmalade/7.4/s3e/gcc/win32/bin/../lib/gcc/arm-none-eabi/4.8.3/../../../../arm-none-eabi/lib/armv6\libstdc++.a(eh_personality.o)
 .text._ZL17parse_lsda_headerP15_Unwind_ContextPKhP16lsda_header_info
                0x4a006eec       0xe0 c:/marmalade/7.4/s3e/gcc/win32/bin/../lib/gcc/arm-none-eabi/4.8.3/../../../../arm-none-eabi/lib/armv6\libstdc++.a(eh_personality.o)
 .text.__gxx_personality_v0
                0x4a006fcc      0x66c c:/marmalade/7.4/s3e/gcc/win32/bin/../lib/gcc/arm-none-eabi/4.8.3/../../../../arm-none-eabi/lib/armv6\libstdc++.a(eh_personality.o)
                0x4a006fcc                __gxx_personality_v0
 .text._ZL23__gxx_exception_cleanup19_Unwind_Reason_CodeP21_Unwind_Control_Block
                0x4a007638       0x60 c:/marmalade/7.4/s3e/gcc/win32/bin/../lib/gcc/arm-none-eabi/4.8.3/../../../../arm-none-eabi/lib/armv6\libstdc++.a(eh_throw.o)
 .text.__cxa_throw
                0x4a007698       0xc4 c:/marmalade/7.4/s3e/gcc/win32/bin/../lib/gcc/arm-none-eabi/4.8.3/../../../../arm-none-eabi/lib/armv6\libstdc++.a(eh_throw.o)
                0x4a007698                __cxa_throw
 .text.__cxa_rethrow
                0x4a00775c       0xb0 c:/marmalade/7.4/s3e/gcc/win32/bin/../lib/gcc/arm-none-eabi/4.8.3/../../../../arm-none-eabi/lib/armv6\libstdc++.a(eh_throw.o)
                0x4a00775c                __cxa_rethrow
 .text._ZN9__gnu_cxx27__verbose_terminate_handlerEv
                0x4a00780c      0x1cc c:/marmalade/7.4/s3e/gcc/win32/bin/../lib/gcc/arm-none-eabi/4.8.3/../../../../arm-none-eabi/lib/armv6\libstdc++.a(vterminate.o)
                0x4a00780c                __gnu_cxx::__verbose_terminate_handler()
 .text          0x4a0079d8     0x8640 c:/marmalade/7.4/s3e/gcc/win32/bin/../lib/gcc/arm-none-eabi/4.8.3/../../../../arm-none-eabi/lib/armv6\libstdc++.a(cp-demangle.o)
                0x4a00fea0                __cxa_demangle
                0x4a00ffec                __gcclibcxx_demangle_callback
 .text.__cxa_allocate_exception
                0x4a010018       0x98 c:/marmalade/7.4/s3e/gcc/win32/bin/../lib/gcc/arm-none-eabi/4.8.3/../../../../arm-none-eabi/lib/armv6\libstdc++.a(eh_alloc.o)
                0x4a010018                __cxa_allocate_exception
 .text.__cxa_free_exception
                0x4a0100b0       0x50 c:/marmalade/7.4/s3e/gcc/win32/bin/../lib/gcc/arm-none-eabi/4.8.3/../../../../arm-none-eabi/lib/armv6\libstdc++.a(eh_alloc.o)
                0x4a0100b0                __cxa_free_exception
 .text.__cxa_current_exception_type
                0x4a010100       0x2c c:/marmalade/7.4/s3e/gcc/win32/bin/../lib/gcc/arm-none-eabi/4.8.3/../../../../arm-none-eabi/lib/armv6\libstdc++.a(eh_type.o)
                0x4a010100                __cxa_current_exception_type
 .text.startup.register_fini
                0x4a01012c       0x30 c:/marmalade/7.4/s3e/gcc/win32/bin/../lib/gcc/arm-none-eabi/4.8.3/../../../../arm-none-eabi/lib/armv6\libc.a(lib_a-__call_atexit.o)
 .text.__call_exitprocs
                0x4a01015c      0x17c c:/marmalade/7.4/s3e/gcc/win32/bin/../lib/gcc/arm-none-eabi/4.8.3/../../../../arm-none-eabi/lib/armv6\libc.a(lib_a-__call_atexit.o)
                0x4a01015c                __call_exitprocs
 .text.setup_aeabi_stdio
                0x4a0102d8       0x60 c:/marmalade/7.4/s3e/gcc/win32/bin/../lib/gcc/arm-none-eabi/4.8.3/../../../../arm-none-eabi/lib/armv6\libc.a(lib_a-aeabi_lcsts.o)
 .text.atexit   0x4a010338       0x14 c:/marmalade/7.4/s3e/gcc/win32/bin/../lib/gcc/arm-none-eabi/4.8.3/../../../../arm-none-eabi/lib/armv6\libc.a(lib_a-atexit.o)
                0x4a010338                atexit
 .text.__errno  0x4a01034c       0x20 c:/marmalade/7.4/s3e/gcc/win32/bin/../lib/gcc/arm-none-eabi/4.8.3/../../../../arm-none-eabi/lib/armv6\libc.a(lib_a-errno.o)
                0x4a01034c                __errno
 .text.exit     0x4a01036c       0x48 c:/marmalade/7.4/s3e/gcc/win32/bin/../lib/gcc/arm-none-eabi/4.8.3/../../../../arm-none-eabi/lib/armv6\libc.a(lib_a-exit.o)
                0x4a01036c                exit
 .text.__libc_fini_array
                0x4a0103b4       0x54 c:/marmalade/7.4/s3e/gcc/win32/bin/../lib/gcc/arm-none-eabi/4.8.3/../../../../arm-none-eabi/lib/armv6\libc.a(lib_a-fini.o)
                0x4a0103b4                __libc_fini_array
 .text.fputc    0x4a010408       0x58 c:/marmalade/7.4/s3e/gcc/win32/bin/../lib/gcc/arm-none-eabi/4.8.3/../../../../arm-none-eabi/lib/armv6\libc.a(lib_a-fputc.o)
                0x4a010408                fputc
 .text._fputs_r
                0x4a010460       0x88 c:/marmalade/7.4/s3e/gcc/win32/bin/../lib/gcc/arm-none-eabi/4.8.3/../../../../arm-none-eabi/lib/armv6\libc.a(lib_a-fputs.o)
                0x4a010460                _fputs_r
 .text.fputs    0x4a0104e8       0x28 c:/marmalade/7.4/s3e/gcc/win32/bin/../lib/gcc/arm-none-eabi/4.8.3/../../../../arm-none-eabi/lib/armv6\libc.a(lib_a-fputs.o)
                0x4a0104e8                fputs
 .text._fstat_r
                0x4a010510       0x4c c:/marmalade/7.4/s3e/gcc/win32/bin/../lib/gcc/arm-none-eabi/4.8.3/../../../../arm-none-eabi/lib/armv6\libc.a(lib_a-fstatr.o)
                0x4a010510                _fstat_r
 .text.__sfvwrite_r
                0x4a01055c      0x4b4 c:/marmalade/7.4/s3e/gcc/win32/bin/../lib/gcc/arm-none-eabi/4.8.3/../../../../arm-none-eabi/lib/armv6\libc.a(lib_a-fvwrite.o)
                0x4a01055c                __sfvwrite_r
 .text._fwrite_r
                0x4a010a10       0x9c c:/marmalade/7.4/s3e/gcc/win32/bin/../lib/gcc/arm-none-eabi/4.8.3/../../../../arm-none-eabi/lib/armv6\libc.a(lib_a-fwrite.o)
                0x4a010a10                _fwrite_r
 .text.fwrite   0x4a010aac       0x48 c:/marmalade/7.4/s3e/gcc/win32/bin/../lib/gcc/arm-none-eabi/4.8.3/../../../../arm-none-eabi/lib/armv6\libc.a(lib_a-fwrite.o)
                0x4a010aac                fwrite
 .text.gmtime   0x4a010af4       0x24 c:/marmalade/7.4/s3e/gcc/win32/bin/../lib/gcc/arm-none-eabi/4.8.3/../../../../arm-none-eabi/lib/armv6\libc.a(lib_a-gmtime.o)
                0x4a010af4                gmtime
 .text.gmtime_r
                0x4a010b18        0x8 c:/marmalade/7.4/s3e/gcc/win32/bin/../lib/gcc/arm-none-eabi/4.8.3/../../../../arm-none-eabi/lib/armv6\libc.a(lib_a-gmtime_r.o)
                0x4a010b18                gmtime_r
 .text.__libc_init_array
                0x4a010b20       0x98 c:/marmalade/7.4/s3e/gcc/win32/bin/../lib/gcc/arm-none-eabi/4.8.3/../../../../arm-none-eabi/lib/armv6\libc.a(lib_a-init.o)
                0x4a010b20                __libc_init_array
 .text.__smakebuf_r
                0x4a010bb8      0x180 c:/marmalade/7.4/s3e/gcc/win32/bin/../lib/gcc/arm-none-eabi/4.8.3/../../../../arm-none-eabi/lib/armv6\libc.a(lib_a-makebuf.o)
                0x4a010bb8                __smakebuf_r
 .text.memchr   0x4a010d38      0x114 c:/marmalade/7.4/s3e/gcc/win32/bin/../lib/gcc/arm-none-eabi/4.8.3/../../../../arm-none-eabi/lib/armv6\libc.a(lib_a-memchr-stub.o)
                0x4a010d38                memchr
 .text.memcmp   0x4a010e4c       0xb4 c:/marmalade/7.4/s3e/gcc/win32/bin/../lib/gcc/arm-none-eabi/4.8.3/../../../../arm-none-eabi/lib/armv6\libc.a(lib_a-memcmp.o)
                0x4a010e4c                memcmp
 .text.memcpy   0x4a010f00       0xf0 c:/marmalade/7.4/s3e/gcc/win32/bin/../lib/gcc/arm-none-eabi/4.8.3/../../../../arm-none-eabi/lib/armv6\libc.a(lib_a-memcpy-stub.o)
                0x4a010f00                memcpy
 .text.memmove  0x4a010ff0      0x134 c:/marmalade/7.4/s3e/gcc/win32/bin/../lib/gcc/arm-none-eabi/4.8.3/../../../../arm-none-eabi/lib/armv6\libc.a(lib_a-memmove.o)
                0x4a010ff0                memmove
 .text.memset   0x4a011124       0xf4 c:/marmalade/7.4/s3e/gcc/win32/bin/../lib/gcc/arm-none-eabi/4.8.3/../../../../arm-none-eabi/lib/armv6\libc.a(lib_a-memset.o)
                0x4a011124                memset
 .text.__tzcalc_limits
                0x4a011218      0x258 c:/marmalade/7.4/s3e/gcc/win32/bin/../lib/gcc/arm-none-eabi/4.8.3/../../../../arm-none-eabi/lib/armv6\libc.a(lib_a-mktm_r.o)
                0x4a011218                __tzcalc_limits
 .text._mktm_r  0x4a011470      0x540 c:/marmalade/7.4/s3e/gcc/win32/bin/../lib/gcc/arm-none-eabi/4.8.3/../../../../arm-none-eabi/lib/armv6\libc.a(lib_a-mktm_r.o)
                0x4a011470                _mktm_r
 .text._putc_r  0x4a0119b0       0xa0 c:/marmalade/7.4/s3e/gcc/win32/bin/../lib/gcc/arm-none-eabi/4.8.3/../../../../arm-none-eabi/lib/armv6\libc.a(lib_a-putc.o)
                0x4a0119b0                _putc_r
 .text._puts_r  0x4a011a50       0x90 c:/marmalade/7.4/s3e/gcc/win32/bin/../lib/gcc/arm-none-eabi/4.8.3/../../../../arm-none-eabi/lib/armv6\libc.a(lib_a-puts.o)
                0x4a011a50                _puts_r
 .text.puts     0x4a011ae0       0x24 c:/marmalade/7.4/s3e/gcc/win32/bin/../lib/gcc/arm-none-eabi/4.8.3/../../../../arm-none-eabi/lib/armv6\libc.a(lib_a-puts.o)
                0x4a011ae0                puts
 .text.snprintf
                0x4a011b04       0xac c:/marmalade/7.4/s3e/gcc/win32/bin/../lib/gcc/arm-none-eabi/4.8.3/../../../../arm-none-eabi/lib/armv6\libc.a(lib_a-snprintf.o)
                0x4a011b04                snprintf
 .text.sprintf  0x4a011bb0       0x7c c:/marmalade/7.4/s3e/gcc/win32/bin/../lib/gcc/arm-none-eabi/4.8.3/../../../../arm-none-eabi/lib/armv6\libc.a(lib_a-sprintf.o)
                0x4a011bb0                sprintf
 .text.__sread  0x4a011c2c       0x30 c:/marmalade/7.4/s3e/gcc/win32/bin/../lib/gcc/arm-none-eabi/4.8.3/../../../../arm-none-eabi/lib/armv6\libc.a(lib_a-stdio.o)
                0x4a011c2c                __sread
 .text.__seofread
                0x4a011c5c        0x8 c:/marmalade/7.4/s3e/gcc/win32/bin/../lib/gcc/arm-none-eabi/4.8.3/../../../../arm-none-eabi/lib/armv6\libc.a(lib_a-stdio.o)
                0x4a011c5c                __seofread
 .text.__swrite
                0x4a011c64       0x54 c:/marmalade/7.4/s3e/gcc/win32/bin/../lib/gcc/arm-none-eabi/4.8.3/../../../../arm-none-eabi/lib/armv6\libc.a(lib_a-stdio.o)
                0x4a011c64                __swrite
 .text.__sseek  0x4a011cb8       0x2c c:/marmalade/7.4/s3e/gcc/win32/bin/../lib/gcc/arm-none-eabi/4.8.3/../../../../arm-none-eabi/lib/armv6\libc.a(lib_a-stdio.o)
                0x4a011cb8                __sseek
 .text.__sclose
                0x4a011ce4        0x8 c:/marmalade/7.4/s3e/gcc/win32/bin/../lib/gcc/arm-none-eabi/4.8.3/../../../../arm-none-eabi/lib/armv6\libc.a(lib_a-stdio.o)
                0x4a011ce4                __sclose
 .text.strchr   0x4a011cec      0x1c8 c:/marmalade/7.4/s3e/gcc/win32/bin/../lib/gcc/arm-none-eabi/4.8.3/../../../../arm-none-eabi/lib/armv6\libc.a(lib_a-strchr.o)
                0x4a011cec                strchr
 .text          0x4a011eb4      0x280 c:/marmalade/7.4/s3e/gcc/win32/bin/../lib/gcc/arm-none-eabi/4.8.3/../../../../arm-none-eabi/lib/armv6\libc.a(lib_a-strcmp.o)
                0x4a011eb4                strcmp
 .text.strcpy   0x4a012134       0xf0 c:/marmalade/7.4/s3e/gcc/win32/bin/../lib/gcc/arm-none-eabi/4.8.3/../../../../arm-none-eabi/lib/armv6\libc.a(lib_a-strcpy.o)
                0x4a012134                strcpy
 .text._strerror_r
                0x4a012224      0x720 c:/marmalade/7.4/s3e/gcc/win32/bin/../lib/gcc/arm-none-eabi/4.8.3/../../../../arm-none-eabi/lib/armv6\libc.a(lib_a-strerror.o)
                0x4a012224                _strerror_r
 .text.strerror
                0x4a012944       0x34 c:/marmalade/7.4/s3e/gcc/win32/bin/../lib/gcc/arm-none-eabi/4.8.3/../../../../arm-none-eabi/lib/armv6\libc.a(lib_a-strerror.o)
                0x4a012944                strerror
 .text.iso_year_adjust
                0x4a012978      0x168 c:/marmalade/7.4/s3e/gcc/win32/bin/../lib/gcc/arm-none-eabi/4.8.3/../../../../arm-none-eabi/lib/armv6\libc.a(lib_a-strftime.o)
 .text.strftime
                0x4a012ae0     0x10b8 c:/marmalade/7.4/s3e/gcc/win32/bin/../lib/gcc/arm-none-eabi/4.8.3/../../../../arm-none-eabi/lib/armv6\libc.a(lib_a-strftime.o)
                0x4a012ae0                strftime
 .text.strlen   0x4a013b98       0x5c c:/marmalade/7.4/s3e/gcc/win32/bin/../lib/gcc/arm-none-eabi/4.8.3/../../../../arm-none-eabi/lib/armv6\libc.a(lib_a-strlen.o)
                0x4a013b98                strlen
 .text.strncat  0x4a013bf4       0xc0 c:/marmalade/7.4/s3e/gcc/win32/bin/../lib/gcc/arm-none-eabi/4.8.3/../../../../arm-none-eabi/lib/armv6\libc.a(lib_a-strncat.o)
                0x4a013bf4                strncat
 .text.strncmp  0x4a013cb4      0x160 c:/marmalade/7.4/s3e/gcc/win32/bin/../lib/gcc/arm-none-eabi/4.8.3/../../../../arm-none-eabi/lib/armv6\libc.a(lib_a-strncmp.o)
                0x4a013cb4                strncmp
 .text.strncpy  0x4a013e14       0xd4 c:/marmalade/7.4/s3e/gcc/win32/bin/../lib/gcc/arm-none-eabi/4.8.3/../../../../arm-none-eabi/lib/armv6\libc.a(lib_a-strncpy.o)
                0x4a013e14                strncpy
 .text._strtoul_r
                0x4a013ee8      0x1f0 c:/marmalade/7.4/s3e/gcc/win32/bin/../lib/gcc/arm-none-eabi/4.8.3/../../../../arm-none-eabi/lib/armv6\libc.a(lib_a-strtoul.o)
                0x4a013ee8                _strtoul_r
 .text.strtoul  0x4a0140d8       0x38 c:/marmalade/7.4/s3e/gcc/win32/bin/../lib/gcc/arm-none-eabi/4.8.3/../../../../arm-none-eabi/lib/armv6\libc.a(lib_a-strtoul.o)
                0x4a0140d8                strtoul
 .text._svfprintf_r
                0x4a014110     0x20f4 c:/marmalade/7.4/s3e/gcc/win32/bin/../lib/gcc/arm-none-eabi/4.8.3/../../../../arm-none-eabi/lib/armv6\libc.a(lib_a-svfprintf.o)
                0x4a014110                _svfprintf_r
 .text.time     0x4a016204       0x58 c:/marmalade/7.4/s3e/gcc/win32/bin/../lib/gcc/arm-none-eabi/4.8.3/../../../../arm-none-eabi/lib/armv6\libc.a(lib_a-time.o)
                0x4a016204                time
 .text.__get_current_time_locale
                0x4a01625c       0x38 c:/marmalade/7.4/s3e/gcc/win32/bin/../lib/gcc/arm-none-eabi/4.8.3/../../../../arm-none-eabi/lib/armv6\libc.a(lib_a-timelocal.o)
                0x4a01625c                __get_current_time_locale
 .text.__tz_lock
                0x4a016294        0x4 c:/marmalade/7.4/s3e/gcc/win32/bin/../lib/gcc/arm-none-eabi/4.8.3/../../../../arm-none-eabi/lib/armv6\libc.a(lib_a-tzlock.o)
                0x4a016294                __tz_lock
 .text.__tz_unlock
                0x4a016298        0x4 c:/marmalade/7.4/s3e/gcc/win32/bin/../lib/gcc/arm-none-eabi/4.8.3/../../../../arm-none-eabi/lib/armv6\libc.a(lib_a-tzlock.o)
                0x4a016298                __tz_unlock
 .text.tzset    0x4a01629c       0x20 c:/marmalade/7.4/s3e/gcc/win32/bin/../lib/gcc/arm-none-eabi/4.8.3/../../../../arm-none-eabi/lib/armv6\libc.a(lib_a-tzset.o)
                0x4a01629c                tzset
 .text._tzset_r
                0x4a0162bc      0x530 c:/marmalade/7.4/s3e/gcc/win32/bin/../lib/gcc/arm-none-eabi/4.8.3/../../../../arm-none-eabi/lib/armv6\libc.a(lib_a-tzset_r.o)
                0x4a0162bc                _tzset_r
 .text._user_strerror
                0x4a0167ec        0x8 c:/marmalade/7.4/s3e/gcc/win32/bin/../lib/gcc/arm-none-eabi/4.8.3/../../../../arm-none-eabi/lib/armv6\libc.a(lib_a-u_strerr.o)
                0x4a0167ec                _user_strerror
 .text._vsnprintf_r
                0x4a0167f4       0x80 c:/marmalade/7.4/s3e/gcc/win32/bin/../lib/gcc/arm-none-eabi/4.8.3/../../../../arm-none-eabi/lib/armv6\libc.a(lib_a-vsnprintf.o)
                0x4a0167f4                _vsnprintf_r
 .text.vsnprintf
                0x4a016874       0x48 c:/marmalade/7.4/s3e/gcc/win32/bin/../lib/gcc/arm-none-eabi/4.8.3/../../../../arm-none-eabi/lib/armv6\libc.a(lib_a-vsnprintf.o)
                0x4a016874                vsnprintf
 .text.__swbuf_r
                0x4a0168bc      0x120 c:/marmalade/7.4/s3e/gcc/win32/bin/../lib/gcc/arm-none-eabi/4.8.3/../../../../arm-none-eabi/lib/armv6\libc.a(lib_a-wbuf.o)
                0x4a0168bc                __swbuf_r
 .text._write_r
                0x4a0169dc       0x50 c:/marmalade/7.4/s3e/gcc/win32/bin/../lib/gcc/arm-none-eabi/4.8.3/../../../../arm-none-eabi/lib/armv6\libc.a(lib_a-writer.o)
                0x4a0169dc                _write_r
 .text.__swsetup_r
                0x4a016a2c      0x164 c:/marmalade/7.4/s3e/gcc/win32/bin/../lib/gcc/arm-none-eabi/4.8.3/../../../../arm-none-eabi/lib/armv6\libc.a(lib_a-wsetup.o)
                0x4a016a2c                __swsetup_r
 .text.__register_exitproc
                0x4a016b90      0x104 c:/marmalade/7.4/s3e/gcc/win32/bin/../lib/gcc/arm-none-eabi/4.8.3/../../../../arm-none-eabi/lib/armv6\libc.a(lib_a-__atexit.o)
                0x4a016b90                __register_exitproc
 .text.abs      0x4a016c94        0xc c:/marmalade/7.4/s3e/gcc/win32/bin/../lib/gcc/arm-none-eabi/4.8.3/../../../../arm-none-eabi/lib/armv6\libc.a(lib_a-abs.o)
                0x4a016c94                abs
 .text._close_r
                0x4a016ca0       0x48 c:/marmalade/7.4/s3e/gcc/win32/bin/../lib/gcc/arm-none-eabi/4.8.3/../../../../arm-none-eabi/lib/armv6\libc.a(lib_a-closer.o)
                0x4a016ca0                _close_r
 .text.quorem   0x4a016ce8      0x1c4 c:/marmalade/7.4/s3e/gcc/win32/bin/../lib/gcc/arm-none-eabi/4.8.3/../../../../arm-none-eabi/lib/armv6\libc.a(lib_a-dtoa.o)
 .text._dtoa_r  0x4a016eac     0x16fc c:/marmalade/7.4/s3e/gcc/win32/bin/../lib/gcc/arm-none-eabi/4.8.3/../../../../arm-none-eabi/lib/armv6\libc.a(lib_a-dtoa.o)
                0x4a016eac                _dtoa_r
 .text.__sflush_r
                0x4a0185a8      0x240 c:/marmalade/7.4/s3e/gcc/win32/bin/../lib/gcc/arm-none-eabi/4.8.3/../../../../arm-none-eabi/lib/armv6\libc.a(lib_a-fflush.o)
                0x4a0185a8                __sflush_r
 .text._fflush_r
                0x4a0187e8       0x50 c:/marmalade/7.4/s3e/gcc/win32/bin/../lib/gcc/arm-none-eabi/4.8.3/../../../../arm-none-eabi/lib/armv6\libc.a(lib_a-fflush.o)
                0x4a0187e8                _fflush_r
 .text._cleanup_r
                0x4a018838       0x1c c:/marmalade/7.4/s3e/gcc/win32/bin/../lib/gcc/arm-none-eabi/4.8.3/../../../../arm-none-eabi/lib/armv6\libc.a(lib_a-findfp.o)
                0x4a018838                _cleanup_r
 .text.__sfp_lock_acquire
                0x4a018854        0x4 c:/marmalade/7.4/s3e/gcc/win32/bin/../lib/gcc/arm-none-eabi/4.8.3/../../../../arm-none-eabi/lib/armv6\libc.a(lib_a-findfp.o)
                0x4a018854                __sfp_lock_acquire
 .text.__sfp_lock_release
                0x4a018858        0x4 c:/marmalade/7.4/s3e/gcc/win32/bin/../lib/gcc/arm-none-eabi/4.8.3/../../../../arm-none-eabi/lib/armv6\libc.a(lib_a-findfp.o)
                0x4a018858                __sfp_lock_release
 .text.__sinit_lock_acquire
                0x4a01885c        0x4 c:/marmalade/7.4/s3e/gcc/win32/bin/../lib/gcc/arm-none-eabi/4.8.3/../../../../arm-none-eabi/lib/armv6\libc.a(lib_a-findfp.o)
                0x4a01885c                __sinit_lock_acquire
 .text.__sinit_lock_release
                0x4a018860        0x4 c:/marmalade/7.4/s3e/gcc/win32/bin/../lib/gcc/arm-none-eabi/4.8.3/../../../../arm-none-eabi/lib/armv6\libc.a(lib_a-findfp.o)
                0x4a018860                __sinit_lock_release
 .text.__sinit  0x4a018864      0x18c c:/marmalade/7.4/s3e/gcc/win32/bin/../lib/gcc/arm-none-eabi/4.8.3/../../../../arm-none-eabi/lib/armv6\libc.a(lib_a-findfp.o)
                0x4a018864                __sinit
 .text._fwalk   0x4a0189f0       0x78 c:/marmalade/7.4/s3e/gcc/win32/bin/../lib/gcc/arm-none-eabi/4.8.3/../../../../arm-none-eabi/lib/armv6\libc.a(lib_a-fwalk.o)
                0x4a0189f0                _fwalk
 .text._findenv_r
                0x4a018a68       0xe4 c:/marmalade/7.4/s3e/gcc/win32/bin/../lib/gcc/arm-none-eabi/4.8.3/../../../../arm-none-eabi/lib/armv6\libc.a(lib_a-getenv_r.o)
                0x4a018a68                _findenv_r
 .text._getenv_r
                0x4a018b4c       0x18 c:/marmalade/7.4/s3e/gcc/win32/bin/../lib/gcc/arm-none-eabi/4.8.3/../../../../arm-none-eabi/lib/armv6\libc.a(lib_a-getenv_r.o)
                0x4a018b4c                _getenv_r
 .text._gettimeofday_r
                0x4a018b64       0x4c c:/marmalade/7.4/s3e/gcc/win32/bin/../lib/gcc/arm-none-eabi/4.8.3/../../../../arm-none-eabi/lib/armv6\libc.a(lib_a-gettimeofdayr.o)
                0x4a018b64                _gettimeofday_r
 .text.__gettzinfo
                0x4a018bb0       0x10 c:/marmalade/7.4/s3e/gcc/win32/bin/../lib/gcc/arm-none-eabi/4.8.3/../../../../arm-none-eabi/lib/armv6\libc.a(lib_a-gettzinfo.o)
                0x4a018bb0                __gettzinfo
 .text._isatty_r
                0x4a018bc0       0x48 c:/marmalade/7.4/s3e/gcc/win32/bin/../lib/gcc/arm-none-eabi/4.8.3/../../../../arm-none-eabi/lib/armv6\libc.a(lib_a-isattyr.o)
                0x4a018bc0                _isatty_r
 .text.labs     0x4a018c08        0xc c:/marmalade/7.4/s3e/gcc/win32/bin/../lib/gcc/arm-none-eabi/4.8.3/../../../../arm-none-eabi/lib/armv6\libc.a(lib_a-labs.o)
                0x4a018c08                labs
 .text.__locale_charset
                0x4a018c14       0x10 c:/marmalade/7.4/s3e/gcc/win32/bin/../lib/gcc/arm-none-eabi/4.8.3/../../../../arm-none-eabi/lib/armv6\libc.a(lib_a-locale.o)
                0x4a018c14                __locale_charset
 .text.__locale_mb_cur_max
                0x4a018c24       0x20 c:/marmalade/7.4/s3e/gcc/win32/bin/../lib/gcc/arm-none-eabi/4.8.3/../../../../arm-none-eabi/lib/armv6\libc.a(lib_a-locale.o)
                0x4a018c24                __locale_mb_cur_max
 .text._localeconv_r
                0x4a018c44       0x10 c:/marmalade/7.4/s3e/gcc/win32/bin/../lib/gcc/arm-none-eabi/4.8.3/../../../../arm-none-eabi/lib/armv6\libc.a(lib_a-locale.o)
                0x4a018c44                _localeconv_r
 .text._lseek_r
                0x4a018c54       0x50 c:/marmalade/7.4/s3e/gcc/win32/bin/../lib/gcc/arm-none-eabi/4.8.3/../../../../arm-none-eabi/lib/armv6\libc.a(lib_a-lseekr.o)
                0x4a018c54                _lseek_r
 .text._Balloc  0x4a018ca4       0x8c c:/marmalade/7.4/s3e/gcc/win32/bin/../lib/gcc/arm-none-eabi/4.8.3/../../../../arm-none-eabi/lib/armv6\libc.a(lib_a-mprec.o)
                0x4a018ca4                _Balloc
 .text._Bfree   0x4a018d30       0x1c c:/marmalade/7.4/s3e/gcc/win32/bin/../lib/gcc/arm-none-eabi/4.8.3/../../../../arm-none-eabi/lib/armv6\libc.a(lib_a-mprec.o)
                0x4a018d30                _Bfree
 .text.__multadd
                0x4a018d4c       0xc8 c:/marmalade/7.4/s3e/gcc/win32/bin/../lib/gcc/arm-none-eabi/4.8.3/../../../../arm-none-eabi/lib/armv6\libc.a(lib_a-mprec.o)
                0x4a018d4c                __multadd
 .text.__hi0bits
                0x4a018e14       0x5c c:/marmalade/7.4/s3e/gcc/win32/bin/../lib/gcc/arm-none-eabi/4.8.3/../../../../arm-none-eabi/lib/armv6\libc.a(lib_a-mprec.o)
                0x4a018e14                __hi0bits
 .text.__lo0bits
                0x4a018e70       0x98 c:/marmalade/7.4/s3e/gcc/win32/bin/../lib/gcc/arm-none-eabi/4.8.3/../../../../arm-none-eabi/lib/armv6\libc.a(lib_a-mprec.o)
                0x4a018e70                __lo0bits
 .text.__i2b    0x4a018f08       0x20 c:/marmalade/7.4/s3e/gcc/win32/bin/../lib/gcc/arm-none-eabi/4.8.3/../../../../arm-none-eabi/lib/armv6\libc.a(lib_a-mprec.o)
                0x4a018f08                __i2b
 .text.__multiply
                0x4a018f28      0x1c8 c:/marmalade/7.4/s3e/gcc/win32/bin/../lib/gcc/arm-none-eabi/4.8.3/../../../../arm-none-eabi/lib/armv6\libc.a(lib_a-mprec.o)
                0x4a018f28                __multiply
 .text.__pow5mult
                0x4a0190f0       0xec c:/marmalade/7.4/s3e/gcc/win32/bin/../lib/gcc/arm-none-eabi/4.8.3/../../../../arm-none-eabi/lib/armv6\libc.a(lib_a-mprec.o)
                0x4a0190f0                __pow5mult
 .text.__lshift
                0x4a0191dc      0x108 c:/marmalade/7.4/s3e/gcc/win32/bin/../lib/gcc/arm-none-eabi/4.8.3/../../../../arm-none-eabi/lib/armv6\libc.a(lib_a-mprec.o)
                0x4a0191dc                __lshift
 .text.__mcmp   0x4a0192e4       0x60 c:/marmalade/7.4/s3e/gcc/win32/bin/../lib/gcc/arm-none-eabi/4.8.3/../../../../arm-none-eabi/lib/armv6\libc.a(lib_a-mprec.o)
                0x4a0192e4                __mcmp
 .text.__mdiff  0x4a019344      0x134 c:/marmalade/7.4/s3e/gcc/win32/bin/../lib/gcc/arm-none-eabi/4.8.3/../../../../arm-none-eabi/lib/armv6\libc.a(lib_a-mprec.o)
                0x4a019344                __mdiff
 .text.__d2b    0x4a019478      0x114 c:/marmalade/7.4/s3e/gcc/win32/bin/../lib/gcc/arm-none-eabi/4.8.3/../../../../arm-none-eabi/lib/armv6\libc.a(lib_a-mprec.o)
                0x4a019478                __d2b
 .text._read_r  0x4a01958c       0x50 c:/marmalade/7.4/s3e/gcc/win32/bin/../lib/gcc/arm-none-eabi/4.8.3/../../../../arm-none-eabi/lib/armv6\libc.a(lib_a-readr.o)
                0x4a01958c                _read_r
 .text.__fpclassifyd
                0x4a0195dc       0x6c c:/marmalade/7.4/s3e/gcc/win32/bin/../lib/gcc/arm-none-eabi/4.8.3/../../../../arm-none-eabi/lib/armv6\libc.a(lib_a-s_fpclassify.o)
                0x4a0195dc                __fpclassifyd
 .text.siscanf  0x4a019648       0x94 c:/marmalade/7.4/s3e/gcc/win32/bin/../lib/gcc/arm-none-eabi/4.8.3/../../../../arm-none-eabi/lib/armv6\libc.a(lib_a-siscanf.o)
                0x4a019648                siscanf
 .text.sniprintf
                0x4a0196dc       0xac c:/marmalade/7.4/s3e/gcc/win32/bin/../lib/gcc/arm-none-eabi/4.8.3/../../../../arm-none-eabi/lib/armv6\libc.a(lib_a-sniprintf.o)
                0x4a0196dc                sniprintf
 .text.__ssprint_r
                0x4a019788      0x1a4 c:/marmalade/7.4/s3e/gcc/win32/bin/../lib/gcc/arm-none-eabi/4.8.3/../../../../arm-none-eabi/lib/armv6\libc.a(lib_a-svfiprintf.o)
                0x4a019788                __ssprint_r
 .text._svfiprintf_r
                0x4a01992c     0x1100 c:/marmalade/7.4/s3e/gcc/win32/bin/../lib/gcc/arm-none-eabi/4.8.3/../../../../arm-none-eabi/lib/armv6\libc.a(lib_a-svfiprintf.o)
                0x4a01992c                _svfiprintf_r
 .text._sungetc_r
                0x4a01aa2c       0xe8 c:/marmalade/7.4/s3e/gcc/win32/bin/../lib/gcc/arm-none-eabi/4.8.3/../../../../arm-none-eabi/lib/armv6\libc.a(lib_a-svfiscanf.o)
                0x4a01aa2c                _sungetc_r
 .text.__ssrefill_r
                0x4a01ab14       0x68 c:/marmalade/7.4/s3e/gcc/win32/bin/../lib/gcc/arm-none-eabi/4.8.3/../../../../arm-none-eabi/lib/armv6\libc.a(lib_a-svfiscanf.o)
                0x4a01ab14                __ssrefill_r
 .text._sfread_r
                0x4a01ab7c       0xc4 c:/marmalade/7.4/s3e/gcc/win32/bin/../lib/gcc/arm-none-eabi/4.8.3/../../../../arm-none-eabi/lib/armv6\libc.a(lib_a-svfiscanf.o)
                0x4a01ab7c                _sfread_r
 .text.__ssvfiscanf_r
                0x4a01ac40      0xfd8 c:/marmalade/7.4/s3e/gcc/win32/bin/../lib/gcc/arm-none-eabi/4.8.3/../../../../arm-none-eabi/lib/armv6\libc.a(lib_a-svfiscanf.o)
                0x4a01ac40                __ssvfiscanf_r
 .text.__submore
                0x4a01bc18       0xa8 c:/marmalade/7.4/s3e/gcc/win32/bin/../lib/gcc/arm-none-eabi/4.8.3/../../../../arm-none-eabi/lib/armv6\libc.a(lib_a-ungetc.o)
                0x4a01bc18                __submore
 .text.__env_lock
                0x4a01bcc0        0x4 c:/marmalade/7.4/s3e/gcc/win32/bin/../lib/gcc/arm-none-eabi/4.8.3/../../../../arm-none-eabi/lib/armv6\libc.a(lib_a-envlock.o)
                0x4a01bcc0                __env_lock
 .text.__env_unlock
                0x4a01bcc4        0x4 c:/marmalade/7.4/s3e/gcc/win32/bin/../lib/gcc/arm-none-eabi/4.8.3/../../../../arm-none-eabi/lib/armv6\libc.a(lib_a-envlock.o)
                0x4a01bcc4                __env_unlock
 .text._fclose_r
                0x4a01bcc8       0xe8 c:/marmalade/7.4/s3e/gcc/win32/bin/../lib/gcc/arm-none-eabi/4.8.3/../../../../arm-none-eabi/lib/armv6\libc.a(lib_a-fclose.o)
                0x4a01bcc8                _fclose_r
 .text.fclose   0x4a01bdb0       0x24 c:/marmalade/7.4/s3e/gcc/win32/bin/../lib/gcc/arm-none-eabi/4.8.3/../../../../arm-none-eabi/lib/armv6\libc.a(lib_a-fclose.o)
                0x4a01bdb0                fclose
 .text.iswspace
                0x4a01bdd4       0x40 c:/marmalade/7.4/s3e/gcc/win32/bin/../lib/gcc/arm-none-eabi/4.8.3/../../../../arm-none-eabi/lib/armv6\libc.a(lib_a-iswspace.o)
                0x4a01bdd4                iswspace
 .text._mbrtowc_r
                0x4a01be14       0xa8 c:/marmalade/7.4/s3e/gcc/win32/bin/../lib/gcc/arm-none-eabi/4.8.3/../../../../arm-none-eabi/lib/armv6\libc.a(lib_a-mbrtowc.o)
                0x4a01be14                _mbrtowc_r
 .text.__ascii_mbtowc
                0x4a01bebc       0x4c c:/marmalade/7.4/s3e/gcc/win32/bin/../lib/gcc/arm-none-eabi/4.8.3/../../../../arm-none-eabi/lib/armv6\libc.a(lib_a-mbtowc_r.o)
                0x4a01bebc                __ascii_mbtowc
 .text.__sccl   0x4a01bf08       0xd4 c:/marmalade/7.4/s3e/gcc/win32/bin/../lib/gcc/arm-none-eabi/4.8.3/../../../../arm-none-eabi/lib/armv6\libc.a(lib_a-sccl.o)
                0x4a01bf08                __sccl
 .text._strtol_r
                0x4a01bfdc      0x1e8 c:/marmalade/7.4/s3e/gcc/win32/bin/../lib/gcc/arm-none-eabi/4.8.3/../../../../arm-none-eabi/lib/armv6\libc.a(lib_a-strtol.o)
                0x4a01bfdc                _strtol_r
 .text._strtoll_r
                0x4a01c1c4      0x2a0 c:/marmalade/7.4/s3e/gcc/win32/bin/../lib/gcc/arm-none-eabi/4.8.3/../../../../arm-none-eabi/lib/armv6\libc.a(lib_a-strtoll_r.o)
                0x4a01c1c4                _strtoll_r
 .text._strtoull_r
                0x4a01c464      0x28c c:/marmalade/7.4/s3e/gcc/win32/bin/../lib/gcc/arm-none-eabi/4.8.3/../../../../arm-none-eabi/lib/armv6\libc.a(lib_a-strtoull_r.o)
                0x4a01c464                _strtoull_r
 .text          0x4a01c6f0      0x20c c:/marmalade/7.4/s3e/gcc/win32/bin/../lib/gcc/arm-none-eabi/4.8.3/armv6\libgcc.a(_udivsi3.o)
                0x4a01c6f0                __aeabi_uidiv
                0x4a01c6f0                __udivsi3
                0x4a01c8dc                __aeabi_uidivmod
 .text          0x4a01c8fc      0x240 c:/marmalade/7.4/s3e/gcc/win32/bin/../lib/gcc/arm-none-eabi/4.8.3/armv6\libgcc.a(_divsi3.o)
                0x4a01c8fc                __divsi3
                0x4a01c8fc                __aeabi_idiv
                0x4a01cb1c                __aeabi_idivmod
 .text          0x4a01cb3c        0x4 c:/marmalade/7.4/s3e/gcc/win32/bin/../lib/gcc/arm-none-eabi/4.8.3/armv6\libgcc.a(_dvmd_tls.o)
                0x4a01cb3c                __aeabi_idiv0
                0x4a01cb3c                __aeabi_ldiv0
 .text          0x4a01cb40      0x3b8 c:/marmalade/7.4/s3e/gcc/win32/bin/../lib/gcc/arm-none-eabi/4.8.3/armv6\libgcc.a(_arm_addsubdf3.o)
                0x4a01cb40                __aeabi_drsub
                0x4a01cb48                __aeabi_dsub
                0x4a01cb48                __subdf3
                0x4a01cb4c                __aeabi_dadd
                0x4a01cb4c                __adddf3
                0x4a01cdf8                __floatunsidf
                0x4a01cdf8                __aeabi_ui2d
                0x4a01ce1c                __floatsidf
                0x4a01ce1c                __aeabi_i2d
                0x4a01ce44                __aeabi_f2d
                0x4a01ce44                __extendsfdf2
                0x4a01ce84                __floatundidf
                0x4a01ce84                __aeabi_ul2d
                0x4a01ce98                __floatdidf
                0x4a01ce98                __aeabi_l2d
 .text          0x4a01cef8      0x470 c:/marmalade/7.4/s3e/gcc/win32/bin/../lib/gcc/arm-none-eabi/4.8.3/armv6\libgcc.a(_arm_muldivdf3.o)
                0x4a01cef8                __aeabi_dmul
                0x4a01cef8                __muldf3
                0x4a01d164                __divdf3
                0x4a01d164                __aeabi_ddiv
 .text          0x4a01d368      0x12c c:/marmalade/7.4/s3e/gcc/win32/bin/../lib/gcc/arm-none-eabi/4.8.3/armv6\libgcc.a(_arm_cmpdf2.o)
                0x4a01d368                __gtdf2
                0x4a01d368                __gedf2
                0x4a01d370                __ltdf2
                0x4a01d370                __ledf2
                0x4a01d378                __nedf2
                0x4a01d378                __eqdf2
                0x4a01d378                __cmpdf2
                0x4a01d400                __aeabi_cdrcmple
                0x4a01d41c                __aeabi_cdcmpeq
                0x4a01d41c                __aeabi_cdcmple
                0x4a01d430                __aeabi_dcmpeq
                0x4a01d444                __aeabi_dcmplt
                0x4a01d458                __aeabi_dcmple
                0x4a01d46c                __aeabi_dcmpge
                0x4a01d480                __aeabi_dcmpgt
 .text          0x4a01d494       0x5c c:/marmalade/7.4/s3e/gcc/win32/bin/../lib/gcc/arm-none-eabi/4.8.3/armv6\libgcc.a(_arm_fixdfsi.o)
                0x4a01d494                __aeabi_d2iz
                0x4a01d494                __fixdfsi
 .text          0x4a01d4f0       0x44 c:/marmalade/7.4/s3e/gcc/win32/bin/../lib/gcc/arm-none-eabi/4.8.3/armv6\libgcc.a(_aeabi_ldivmod.o)
                0x4a01d4f0                __aeabi_ldivmod
 .text          0x4a01d534       0x3c c:/marmalade/7.4/s3e/gcc/win32/bin/../lib/gcc/arm-none-eabi/4.8.3/armv6\libgcc.a(_aeabi_uldivmod.o)
                0x4a01d534                __aeabi_uldivmod
 .text          0x4a01d570       0x78 c:/marmalade/7.4/s3e/gcc/win32/bin/../lib/gcc/arm-none-eabi/4.8.3/armv6\libgcc.a(bpabi.o)
                0x4a01d570                __gnu_ldivmod_helper
                0x4a01d5ac                __gnu_uldivmod_helper
 .text          0x4a01d5e8     0x100c c:/marmalade/7.4/s3e/gcc/win32/bin/../lib/gcc/arm-none-eabi/4.8.3/armv6\libgcc.a(unwind-arm.o)
                0x4a01da9c                _Unwind_GetCFA
                0x4a01daa4                __gnu_Unwind_RaiseException
                0x4a01db4c                __gnu_Unwind_ForcedUnwind
                0x4a01db70                __gnu_Unwind_Resume
                0x4a01dbe4                __gnu_Unwind_Resume_or_Rethrow
                0x4a01dc04                _Unwind_Complete
                0x4a01dc08                _Unwind_DeleteException
                0x4a01dc28                _Unwind_VRS_Get
                0x4a01dcb0                _Unwind_VRS_Set
                0x4a01dd3c                __gnu_Unwind_Backtrace
                0x4a01e250                __aeabi_unwind_cpp_pr0
                0x4a01e258                __aeabi_unwind_cpp_pr1
                0x4a01e260                __aeabi_unwind_cpp_pr2
                0x4a01e268                _Unwind_VRS_Pop
 .text          0x4a01e5f4      0x1a8 c:/marmalade/7.4/s3e/gcc/win32/bin/../lib/gcc/arm-none-eabi/4.8.3/armv6\libgcc.a(libunwind.o)
                0x4a01e5f4                __restore_core_regs
                0x4a01e5f4                restore_core_regs
                0x4a01e608                __gnu_Unwind_Restore_VFP
                0x4a01e610                __gnu_Unwind_Save_VFP
                0x4a01e618                __gnu_Unwind_Restore_VFP_D
                0x4a01e620                __gnu_Unwind_Save_VFP_D
                0x4a01e628                __gnu_Unwind_Restore_VFP_D_16_to_31
                0x4a01e630                __gnu_Unwind_Save_VFP_D_16_to_31
                0x4a01e638                __gnu_Unwind_Restore_WMMXD
                0x4a01e67c                __gnu_Unwind_Save_WMMXD
                0x4a01e6c0                __gnu_Unwind_Restore_WMMXC
                0x4a01e6d4                __gnu_Unwind_Save_WMMXC
                0x4a01e6e8                ___Unwind_RaiseException
                0x4a01e6e8                _Unwind_RaiseException
                0x4a01e70c                _Unwind_Resume
                0x4a01e70c                ___Unwind_Resume
                0x4a01e730                _Unwind_Resume_or_Rethrow
                0x4a01e730                ___Unwind_Resume_or_Rethrow
                0x4a01e754                _Unwind_ForcedUnwind
                0x4a01e754                ___Unwind_ForcedUnwind
                0x4a01e778                ___Unwind_Backtrace
                0x4a01e778                _Unwind_Backtrace
 .text          0x4a01e79c      0x4ac c:/marmalade/7.4/s3e/gcc/win32/bin/../lib/gcc/arm-none-eabi/4.8.3/armv6\libgcc.a(pr-support.o)
                0x4a01e82c                __gnu_unwind_execute
                0x4a01ebc8                __gnu_unwind_frame
                0x4a01ec0c                _Unwind_GetRegionStart
                0x4a01ec1c                _Unwind_GetLanguageSpecificData
                0x4a01ec38                _Unwind_GetDataRelBase
                0x4a01ec40                _Unwind_GetTextRelBase
 .text          0x4a01ec48      0x480 c:/marmalade/7.4/s3e/gcc/win32/bin/../lib/gcc/arm-none-eabi/4.8.3/armv6\libgcc.a(_divdi3.o)
                0x4a01ec48                __divdi3
 .text          0x4a01f0c8      0x424 c:/marmalade/7.4/s3e/gcc/win32/bin/../lib/gcc/arm-none-eabi/4.8.3/armv6\libgcc.a(_udivdi3.o)
                0x4a01f0c8                __udivdi3
 *(.text.*personality*)
 *(.gnu.warning)
 *(.glue_7t)
 .glue_7t       0x00000000        0x0 linker stubs
 *(.glue_7)
 .glue_7        0x00000000        0x0 linker stubs

.vfp11_veneer   0x4a01f4ec        0x0
 .vfp11_veneer  0x00000000        0x0 linker stubs

.v4_bx          0x4a01f4ec        0x0
 .v4_bx         0x00000000        0x0 linker stubs

.iplt           0x4a01f4ec        0x0
 .iplt          0x00000000        0x0 c:/marmalade/7.4/s3e/gcc/win32/bin/../lib/gcc/arm-none-eabi/4.8.3/armv6/crti.o

.fini           0x4a01f4ec       0x18
 *(.fini)
 .fini          0x4a01f4ec        0xc c:/marmalade/7.4/s3e/gcc/win32/bin/../lib/gcc/arm-none-eabi/4.8.3/armv6/crti.o
                0x4a01f4ec                _fini
 .fini          0x4a01f4f8        0xc c:/marmalade/7.4/s3e/gcc/win32/bin/../lib/gcc/arm-none-eabi/4.8.3/armv6/crtn.o
                0x4a01f504                PROVIDE (__etext, .)
                0x4a01f504                PROVIDE (_etext, .)
                0x4a01f504                PROVIDE (etext, .)

.rodata         0x4a01f508     0x3304
 *(.rodata .rodata.* .gnu.linkonce.r.*)
 .rodata        0x4a01f508       0x40 Debug_HelloWorld_vc12x_gcc_arm/HelloWorld.obj
 .rodata.str1.4
                0x4a01f548      0x5a8 c:/marmalade/7.4/s3e/lib/arm/v6/nofpu/soft\libs3e_cpp_d.a(dll_main.obj)
 .rodata.str1.4
                0x4a01faf0      0x5c9 c:/marmalade/7.4/s3e/lib/arm/v6/nofpu/soft\libs3e_d.a(iwcrt_common.o)
                                0x5d4 (size before relaxing)
 *fill*         0x4a0200b9        0x3 
 .rodata.str1.4
                0x4a0200bc      0x134 c:/marmalade/7.4/s3e/lib/arm/v6/nofpu/soft\libs3e_d.a(malloc.o)
                                0x198 (size before relaxing)
 .rodata.str1.4
                0x4a0201f0      0x85d c:/marmalade/7.4/s3e/lib/arm/v6/nofpu/soft\libs3e_d.a(sockets.o)
                                0x8f4 (size before relaxing)
 *fill*         0x4a020a4d        0x3 
 .rodata.str1.4
                0x4a020a50       0xb7 c:/marmalade/7.4/s3e/lib/arm/v6/nofpu/soft\libs3e_d.a(stdlib.o)
                                0x114 (size before relaxing)
 *fill*         0x4a020b07        0x1 
 .rodata.str1.4
                0x4a020b08       0xf7 c:/marmalade/7.4/s3e/lib/arm/v6/nofpu/soft\libs3e_d.a(stdout.o)
                                0x124 (size before relaxing)
 *fill*         0x4a020bff        0x1 
 .rodata.str1.4
                0x4a020c00       0x8d c:/marmalade/7.4/s3e/lib/arm/v6/nofpu/soft\libs3e_d.a(s3eSurface_eapi.o)
                                 0xa4 (size before relaxing)
 *fill*         0x4a020c8d        0x3 
 .rodata.str1.4
                0x4a020c90      0x11e c:/marmalade/7.4/s3e/lib/arm/v6/nofpu/soft\libs3e_d.a(IwDebug.o)
                                0x12c (size before relaxing)
 *fill*         0x4a020dae        0x2 
 .rodata.str1.4
                0x4a020db0       0x23 c:/marmalade/7.4/s3e/lib/arm/v6/nofpu/soft\libs3e_d.a(s3eThread_interface.o)
                                 0x24 (size before relaxing)
 *fill*         0x4a020dd3        0x1 
 .rodata.str1.4
                0x4a020dd4       0x74 c:/marmalade/7.4/s3e/lib/arm/v6/nofpu/soft\libs3e_d.a(iwcrt_gcc.o)
 .rodata.str1.4
                0x4a020e48       0x28 c:/marmalade/7.4/s3e/lib/arm/v6/nofpu/soft\libs3e_d.a(iwmain.o)
                                 0x2c (size before relaxing)
 .rodata.str1.4
                0x4a020e70      0x148 c:/marmalade/7.4/s3e/lib/arm/v6/nofpu/soft\libs3e_d.a(pthread_mutex.o)
                                0x150 (size before relaxing)
 .rodata.str1.4
                0x4a020fb8      0x112 c:/marmalade/7.4/s3e/lib/arm/v6/nofpu/soft\libs3e_d.a(pthread_tls.o)
                                0x128 (size before relaxing)
 *fill*         0x4a0210ca        0x2 
 .rodata.str1.4
                0x4a0210cc      0x290 c:/marmalade/7.4/s3e/lib/arm/v6/nofpu/soft\libs3e_d.a(signal.o)
                                0x2fc (size before relaxing)
 .rodata._ZTSN10__cxxabiv115__forced_unwindE
                0x4a02135c       0x20 c:/marmalade/7.4/s3e/gcc/win32/bin/../lib/gcc/arm-none-eabi/4.8.3/../../../../arm-none-eabi/lib/armv6\libstdc++.a(eh_exception.o)
                0x4a02135c                typeinfo name for __cxxabiv1::__forced_unwind
 .rodata._ZTSN10__cxxabiv119__foreign_exceptionE
                0x4a02137c       0x24 c:/marmalade/7.4/s3e/gcc/win32/bin/../lib/gcc/arm-none-eabi/4.8.3/../../../../arm-none-eabi/lib/armv6\libstdc++.a(eh_exception.o)
                0x4a02137c                typeinfo name for __cxxabiv1::__foreign_exception
 .rodata.str1.4
                0x4a0213a0       0x23 c:/marmalade/7.4/s3e/gcc/win32/bin/../lib/gcc/arm-none-eabi/4.8.3/../../../../arm-none-eabi/lib/armv6\libstdc++.a(eh_exception.o)
                                 0x24 (size before relaxing)
 *fill*         0x4a0213c3        0x1 
 .rodata._ZTSSt9exception
                0x4a0213c4       0x10 c:/marmalade/7.4/s3e/gcc/win32/bin/../lib/gcc/arm-none-eabi/4.8.3/../../../../arm-none-eabi/lib/armv6\libstdc++.a(eh_exception.o)
                0x4a0213c4                typeinfo name for std::exception
 .rodata._ZTSSt13bad_exception
                0x4a0213d4       0x14 c:/marmalade/7.4/s3e/gcc/win32/bin/../lib/gcc/arm-none-eabi/4.8.3/../../../../arm-none-eabi/lib/armv6\libstdc++.a(eh_exception.o)
                0x4a0213d4                typeinfo name for std::bad_exception
 .rodata._ZTSN10__cxxabiv120__si_class_type_infoE
                0x4a0213e8       0x28 c:/marmalade/7.4/s3e/gcc/win32/bin/../lib/gcc/arm-none-eabi/4.8.3/../../../../arm-none-eabi/lib/armv6\libstdc++.a(si_class_type_info.o)
                0x4a0213e8                typeinfo name for __cxxabiv1::__si_class_type_info
 .rodata._ZTSSt9type_info
                0x4a021410       0x10 c:/marmalade/7.4/s3e/gcc/win32/bin/../lib/gcc/arm-none-eabi/4.8.3/../../../../arm-none-eabi/lib/armv6\libstdc++.a(tinfo.o)
                0x4a021410                typeinfo name for std::type_info
 .rodata._ZTSN10__cxxabiv117__class_type_infoE
                0x4a021420       0x24 c:/marmalade/7.4/s3e/gcc/win32/bin/../lib/gcc/arm-none-eabi/4.8.3/../../../../arm-none-eabi/lib/armv6\libstdc++.a(class_type_info.o)
                0x4a021420                typeinfo name for __cxxabiv1::__class_type_info
 .rodata.str1.4
                0x4a021444       0x94 c:/marmalade/7.4/s3e/gcc/win32/bin/../lib/gcc/arm-none-eabi/4.8.3/../../../../arm-none-eabi/lib/armv6\libstdc++.a(vterminate.o)
 .rodata.str1.4
                0x4a0214d8      0x7b6 c:/marmalade/7.4/s3e/gcc/win32/bin/../lib/gcc/arm-none-eabi/4.8.3/../../../../arm-none-eabi/lib/armv6\libstdc++.a(cp-demangle.o)
                                0x840 (size before relaxing)
 *fill*         0x4a021c8e        0x2 
 .rodata.str1.4
                0x4a021c90        0x2 c:/marmalade/7.4/s3e/gcc/win32/bin/../lib/gcc/arm-none-eabi/4.8.3/../../../../arm-none-eabi/lib/armv6\libc.a(lib_a-impure.o)
                                  0x4 (size before relaxing)
 *fill*         0x4a021c92        0x2 
 .rodata.mon_lengths
                0x4a021c94       0x60 c:/marmalade/7.4/s3e/gcc/win32/bin/../lib/gcc/arm-none-eabi/4.8.3/../../../../arm-none-eabi/lib/armv6\libc.a(lib_a-mktm_r.o)
 .rodata.year_lengths
                0x4a021cf4        0x8 c:/marmalade/7.4/s3e/gcc/win32/bin/../lib/gcc/arm-none-eabi/4.8.3/../../../../arm-none-eabi/lib/armv6\libc.a(lib_a-mktm_r.o)
 .rodata.str1.4
                0x00000000        0x4 c:/marmalade/7.4/s3e/gcc/win32/bin/../lib/gcc/arm-none-eabi/4.8.3/../../../../arm-none-eabi/lib/armv6\libc.a(lib_a-puts.o)
 .rodata.str1.4
                0x4a021cfc      0x635 c:/marmalade/7.4/s3e/gcc/win32/bin/../lib/gcc/arm-none-eabi/4.8.3/../../../../arm-none-eabi/lib/armv6\libc.a(lib_a-strerror.o)
                                0x63c (size before relaxing)
 *fill*         0x4a022331        0x3 
 .rodata.str1.4
                0x4a022334       0x6c c:/marmalade/7.4/s3e/gcc/win32/bin/../lib/gcc/arm-none-eabi/4.8.3/../../../../arm-none-eabi/lib/armv6\libc.a(lib_a-strftime.o)
                                 0x78 (size before relaxing)
 .rodata.blanks.6743
                0x4a0223a0       0x10 c:/marmalade/7.4/s3e/gcc/win32/bin/../lib/gcc/arm-none-eabi/4.8.3/../../../../arm-none-eabi/lib/armv6\libc.a(lib_a-svfprintf.o)
 .rodata.str1.4
                0x4a0223b0       0x3f c:/marmalade/7.4/s3e/gcc/win32/bin/../lib/gcc/arm-none-eabi/4.8.3/../../../../arm-none-eabi/lib/armv6\libc.a(lib_a-svfprintf.o)
                                 0x44 (size before relaxing)
 *fill*         0x4a0223ef        0x1 
 .rodata.zeroes.6744
                0x4a0223f0       0x10 c:/marmalade/7.4/s3e/gcc/win32/bin/../lib/gcc/arm-none-eabi/4.8.3/../../../../arm-none-eabi/lib/armv6\libc.a(lib_a-svfprintf.o)
 .rodata.str1.4
                0x4a022400      0x160 c:/marmalade/7.4/s3e/gcc/win32/bin/../lib/gcc/arm-none-eabi/4.8.3/../../../../arm-none-eabi/lib/armv6\libc.a(lib_a-timelocal.o)
                                0x164 (size before relaxing)
 .rodata.str1.4
                0x4a022560       0x4f c:/marmalade/7.4/s3e/gcc/win32/bin/../lib/gcc/arm-none-eabi/4.8.3/../../../../arm-none-eabi/lib/armv6\libc.a(lib_a-tzset_r.o)
                                 0x54 (size before relaxing)
 .rodata.str1.4
                0x00000000        0x4 c:/marmalade/7.4/s3e/gcc/win32/bin/../lib/gcc/arm-none-eabi/4.8.3/../../../../arm-none-eabi/lib/armv6\libc.a(lib_a-tzvars.o)
 *fill*         0x4a0225af        0x1 
 .rodata._ctype_
                0x4a0225b0      0x104 c:/marmalade/7.4/s3e/gcc/win32/bin/../lib/gcc/arm-none-eabi/4.8.3/../../../../arm-none-eabi/lib/armv6\libc.a(lib_a-ctype_.o)
                0x4a0225b0                _ctype_
 .rodata.str1.4
                0x4a0226b4       0x10 c:/marmalade/7.4/s3e/gcc/win32/bin/../lib/gcc/arm-none-eabi/4.8.3/../../../../arm-none-eabi/lib/armv6\libc.a(lib_a-dtoa.o)
                                 0x14 (size before relaxing)
 .rodata.str1.4
                0x4a0226c4        0x8 c:/marmalade/7.4/s3e/gcc/win32/bin/../lib/gcc/arm-none-eabi/4.8.3/../../../../arm-none-eabi/lib/armv6\libc.a(lib_a-locale.o)
                                 0x14 (size before relaxing)
 .rodata.p05.5288
                0x4a0226cc        0xc c:/marmalade/7.4/s3e/gcc/win32/bin/../lib/gcc/arm-none-eabi/4.8.3/../../../../arm-none-eabi/lib/armv6\libc.a(lib_a-mprec.o)
 .rodata.__mprec_tens
                0x4a0226d8       0xc8 c:/marmalade/7.4/s3e/gcc/win32/bin/../lib/gcc/arm-none-eabi/4.8.3/../../../../arm-none-eabi/lib/armv6\libc.a(lib_a-mprec.o)
                0x4a0226d8                __mprec_tens
 .rodata.__mprec_bigtens
                0x4a0227a0       0x28 c:/marmalade/7.4/s3e/gcc/win32/bin/../lib/gcc/arm-none-eabi/4.8.3/../../../../arm-none-eabi/lib/armv6\libc.a(lib_a-mprec.o)
                0x4a0227a0                __mprec_bigtens
 .rodata.blanks.6687
                0x4a0227c8       0x10 c:/marmalade/7.4/s3e/gcc/win32/bin/../lib/gcc/arm-none-eabi/4.8.3/../../../../arm-none-eabi/lib/armv6\libc.a(lib_a-svfiprintf.o)
 .rodata.str1.4
                0x00000000       0x30 c:/marmalade/7.4/s3e/gcc/win32/bin/../lib/gcc/arm-none-eabi/4.8.3/../../../../arm-none-eabi/lib/armv6\libc.a(lib_a-svfiprintf.o)
 .rodata.zeroes.6688
                0x4a0227d8       0x10 c:/marmalade/7.4/s3e/gcc/win32/bin/../lib/gcc/arm-none-eabi/4.8.3/../../../../arm-none-eabi/lib/armv6\libc.a(lib_a-svfiprintf.o)
 .rodata.basefix.6159
                0x4a0227e8       0x24 c:/marmalade/7.4/s3e/gcc/win32/bin/../lib/gcc/arm-none-eabi/4.8.3/../../../../arm-none-eabi/lib/armv6\libc.a(lib_a-svfiscanf.o)
 .rodata.str1.4
                0x00000000        0x4 c:/marmalade/7.4/s3e/gcc/win32/bin/../lib/gcc/arm-none-eabi/4.8.3/../../../../arm-none-eabi/lib/armv6\libc.a(lib_a-mbrtowc.o)

.interp         0x4a02280c       0x11
 .interp        0x4a02280c       0x11 c:/marmalade/7.4/s3e/gcc/win32/bin/../lib/gcc/arm-none-eabi/4.8.3/armv6/crti.o

.rodata1
 *(.rodata1)

.ARM.extab      0x4a022820      0x170
 *(.ARM.extab* .gnu.linkonce.armextab.*)
 .ARM.extab.text._ZN10__cxxabiv111__terminateEPFvvE
                0x4a022820       0x2c c:/marmalade/7.4/s3e/gcc/win32/bin/../lib/gcc/arm-none-eabi/4.8.3/../../../../arm-none-eabi/lib/armv6\libstdc++.a(eh_terminate.o)
 .ARM.extab.text._ZN10__cxxabiv112__unexpectedEPFvvE
                0x4a02284c        0xc c:/marmalade/7.4/s3e/gcc/win32/bin/../lib/gcc/arm-none-eabi/4.8.3/../../../../arm-none-eabi/lib/armv6\libstdc++.a(eh_terminate.o)
 .ARM.extab.text._ZSt10unexpectedv
                0x4a022858        0xc c:/marmalade/7.4/s3e/gcc/win32/bin/../lib/gcc/arm-none-eabi/4.8.3/../../../../arm-none-eabi/lib/armv6\libstdc++.a(eh_terminate.o)
 .ARM.extab.text.__cxa_call_unexpected
                0x4a022864       0x2c c:/marmalade/7.4/s3e/gcc/win32/bin/../lib/gcc/arm-none-eabi/4.8.3/../../../../arm-none-eabi/lib/armv6\libstdc++.a(eh_call.o)
 .ARM.extab.text.__cxa_begin_catch
                0x4a022890       0x20 c:/marmalade/7.4/s3e/gcc/win32/bin/../lib/gcc/arm-none-eabi/4.8.3/../../../../arm-none-eabi/lib/armv6\libstdc++.a(eh_catch.o)
 .ARM.extab.text._ZL21base_of_encoded_valuehP15_Unwind_Context
                0x4a0228b0        0xc c:/marmalade/7.4/s3e/gcc/win32/bin/../lib/gcc/arm-none-eabi/4.8.3/../../../../arm-none-eabi/lib/armv6\libstdc++.a(eh_personality.o)
 .ARM.extab.text.__gxx_personality_v0