Archive member included because of file (symbol)

c:/marmalade/7.4/s3e/lib/arm/v6/nofpu/soft\libs3e_cpp.a(dll_main.obj)
                              Release_HelloWorld_vc12x_gcc_arm/HelloWorld.obj (_STL::__stl_throw_length_error(char const*))
c:/marmalade/7.4/s3e/lib/arm/v6/nofpu/soft\libs3e_cpp.a(delete.obj)
                              c:/marmalade/7.4/s3e/lib/arm/v6/nofpu/soft\libs3e_cpp.a(dll_main.obj) (operator delete(void*))
c:/marmalade/7.4/s3e/lib/arm/v6/nofpu/soft\libs3e_cpp.a(new.obj)
                              c:/marmalade/7.4/s3e/lib/arm/v6/nofpu/soft\libs3e_cpp.a(dll_main.obj) (operator new(unsigned int))
c:/marmalade/7.4/s3e/lib/arm/v6/nofpu/soft\libs3e.a(iwcrt_common.o)
                              c:/marmalade/7.4/s3e/lib/arm/v6/nofpu/soft\libs3e_cpp.a(dll_main.obj) (abort)
c:/marmalade/7.4/s3e/lib/arm/v6/nofpu/soft\libs3e.a(malloc.o)
                              Release_HelloWorld_vc12x_gcc_arm/HelloWorld.obj (malloc)
c:/marmalade/7.4/s3e/lib/arm/v6/nofpu/soft\libs3e.a(sockets.o)
                              c:/marmalade/7.4/s3e/lib/arm/v6/nofpu/soft\libs3e.a(iwcrt_common.o) (_IwFcntl_socket)
c:/marmalade/7.4/s3e/lib/arm/v6/nofpu/soft\libs3e.a(stdlib.o)
                              c:/marmalade/7.4/s3e/lib/arm/v6/nofpu/soft\libs3e.a(iwcrt_common.o) (setenv)
c:/marmalade/7.4/s3e/lib/arm/v6/nofpu/soft\libs3e.a(stdout.o)
                              c:/marmalade/7.4/s3e/lib/arm/v6/nofpu/soft\libs3e.a(iwcrt_common.o) (_IwHandleStdoutput)
c:/marmalade/7.4/s3e/lib/arm/v6/nofpu/soft\libs3e.a(string.o)
                              c:/marmalade/7.4/s3e/lib/arm/v6/nofpu/soft\libs3e.a(iwcrt_common.o) (strlcpy)
c:/marmalade/7.4/s3e/lib/arm/v6/nofpu/soft\libs3e.a(s3eMalloc_eapi.o)
                              c:/marmalade/7.4/s3e/lib/arm/v6/nofpu/soft\libs3e_cpp.a(new.obj) (s3eMalloc)
c:/marmalade/7.4/s3e/lib/arm/v6/nofpu/soft\libs3e.a(s3eMemory_eapi.o)
                              c:/marmalade/7.4/s3e/lib/arm/v6/nofpu/soft\libs3e.a(s3eMalloc_eapi.o) (iw_malloc_get_usr_mgr_tls())
c:/marmalade/7.4/s3e/lib/arm/v6/nofpu/soft\libs3e.a(s3eSurface_eapi.o)
                              Release_HelloWorld_vc12x_gcc_arm/HelloWorld.obj (s3eSurfaceClear)
c:/marmalade/7.4/s3e/lib/arm/v6/nofpu/soft\libs3e.a(IwDebug.o)
                              c:/marmalade/7.4/s3e/lib/arm/v6/nofpu/soft\libs3e.a(iwcrt_common.o) (IwDebugErrorShow)
c:/marmalade/7.4/s3e/lib/arm/v6/nofpu/soft\libs3e.a(IwPath.o)
                              c:/marmalade/7.4/s3e/lib/arm/v6/nofpu/soft\libs3e.a(iwcrt_common.o) (IwPathHasDrive)
c:/marmalade/7.4/s3e/lib/arm/v6/nofpu/soft\libs3e.a(s3eSocketOpt_interface.o)
                              c:/marmalade/7.4/s3e/lib/arm/v6/nofpu/soft\libs3e.a(sockets.o) (s3eSocketSetOpt)
c:/marmalade/7.4/s3e/lib/arm/v6/nofpu/soft\libs3e.a(s3eThread_interface.o)
                              c:/marmalade/7.4/s3e/lib/arm/v6/nofpu/soft\libs3e.a(iwcrt_common.o) (s3eThreadAvailable)
c:/marmalade/7.4/s3e/lib/arm/v6/nofpu/soft\libs3e.a(iwcrt_gcc.o)
                              (_IwMain)
c:/marmalade/7.4/s3e/lib/arm/v6/nofpu/soft\libs3e.a(newlib_impl.o)
                              c:/marmalade/7.4/s3e/lib/arm/v6/nofpu/soft\libs3e.a(iwcrt_common.o) (_exit)
c:/marmalade/7.4/s3e/lib/arm/v6/nofpu/soft\libs3e.a(iwmain.o)
                              c:/marmalade/7.4/s3e/lib/arm/v6/nofpu/soft\libs3e.a(iwcrt_gcc.o) (IwMain)
c:/marmalade/7.4/s3e/lib/arm/v6/nofpu/soft\libs3e.a(inet.o)
                              c:/marmalade/7.4/s3e/lib/arm/v6/nofpu/soft\libs3e.a(sockets.o) (inet_aton)
c:/marmalade/7.4/s3e/lib/arm/v6/nofpu/soft\libs3e.a(pthread_mutex.o)
                              c:/marmalade/7.4/s3e/lib/arm/v6/nofpu/soft\libs3e.a(stdout.o) (pthread_mutex_lock)
c:/marmalade/7.4/s3e/lib/arm/v6/nofpu/soft\libs3e.a(pthread_tls.o)
                              c:/marmalade/7.4/s3e/lib/arm/v6/nofpu/soft\libs3e.a(s3eMemory_eapi.o) (pthread_key_create)
c:/marmalade/7.4/s3e/lib/arm/v6/nofpu/soft\libs3e.a(pthreads.o)
                              c:/marmalade/7.4/s3e/lib/arm/v6/nofpu/soft\libs3e.a(pthread_tls.o) (pthread_self)
c:/marmalade/7.4/s3e/lib/arm/v6/nofpu/soft\libs3e.a(signal.o)
                              c:/marmalade/7.4/s3e/lib/arm/v6/nofpu/soft\libs3e.a(stdout.o) (raise)
c:/marmalade/7.4/s3e/lib/arm/v6/nofpu/soft\libs3e.a(s3eTest_interface.o)
                              c:/marmalade/7.4/s3e/lib/arm/v6/nofpu/soft\libs3e.a(signal.o) (s3eTestAvailable)
c:/marmalade/7.4/s3e/lib/arm/v6/nofpu/soft\libs3e.a(pthread_cleanup.o)
                              c:/marmalade/7.4/s3e/lib/arm/v6/nofpu/soft\libs3e.a(pthreads.o) (s3e_pthread_cleanup())
c:/marmalade/7.4/s3e/lib/arm/v6/nofpu/soft\libs3e.a(pthread_once.o)
                              c:/marmalade/7.4/s3e/lib/arm/v6/nofpu/soft\libs3e.a(pthread_cleanup.o) (pthread_once)
c:/marmalade/7.4/s3e/lib/arm/v6/nofpu/soft\libs3e.a(pthread_cond.o)
[...]
Memory Configuration

Name             Origin             Length             Attributes
*default*        0x00000000         0xffffffff

Linker script and memory map

LOAD c:/marmalade/7.4/s3e/gcc/win32/bin/../lib/gcc/arm-none-eabi/4.8.3/armv6/crti.o
LOAD c:/marmalade/7.4/s3e/gcc/win32/bin/../lib/gcc/arm-none-eabi/4.8.3/armv6/crtbegin.o
LOAD c:/marmalade/7.4/s3e/gcc/win32/bin/../lib/gcc/arm-none-eabi/4.8.3/../../../../arm-none-eabi/lib/armv6/crt0.o
LOAD Release_HelloWorld_vc12x_gcc_arm/HelloWorld.obj
LOAD Release_HelloWorld_vc12x_gcc_arm/Main.obj
LOAD Release_HelloWorld_vc12x_gcc_arm/MainMenu.obj
                0x4a000000                . = 0x4a000000

.s3e_startup    0x4a000000       0x94
 *(.s3e_startup)
 .s3e_startup   0x4a000000       0x94 c:/marmalade/7.4/s3e/lib/arm/v6/nofpu/soft\libs3e.a(iwcrt_gcc.o)
                0x4a000000                _IwMain

.init           0x4a000094       0x18
 *(.init)
 .init          0x4a000094        0xc c:/marmalade/7.4/s3e/gcc/win32/bin/../lib/gcc/arm-none-eabi/4.8.3/armv6/crti.o
                0x4a000094                _init
 .init          0x4a0000a0        0xc c:/marmalade/7.4/s3e/gcc/win32/bin/../lib/gcc/arm-none-eabi/4.8.3/armv6/crtn.o

.plt            0x4a0000ac      0x218
 *(.plt)
 .plt           0x4a0000ac      0x218 c:/marmalade/7.4/s3e/gcc/win32/bin/../lib/gcc/arm-none-eabi/4.8.3/armv6/crti.o

.text           0x4a0002c4    0x194e8
 *(.text .stub .text.* .gnu.linkonce.t.*)
 .text          0x4a0002c4       0xd8 c:/marmalade/7.4/s3e/gcc/win32/bin/../lib/gcc/arm-none-eabi/4.8.3/armv6/crtbegin.o
 .text.startup.main
                0x4a00039c      0x364 Release_HelloWorld_vc12x_gcc_arm/HelloWorld.obj
                0x4a00039c                main
 .text._ZN4_STL24__stl_throw_length_errorEPKc
                0x4a000700        0xc c:/marmalade/7.4/s3e/lib/arm/v6/nofpu/soft\libs3e_cpp.a(dll_main.obj)
                0x4a000700                _STL::__stl_throw_length_error(char const*)
 .text._ZN4_STL14__malloc_allocILi0EE13_S_oom_mallocEj
                0x4a00070c       0x50 c:/marmalade/7.4/s3e/lib/arm/v6/nofpu/soft\libs3e_cpp.a(dll_main.obj)
                0x4a00070c                _STL::__malloc_alloc<0>::_S_oom_malloc(unsigned int)
 .text._ZdlPv   0x4a00075c        0x4 c:/marmalade/7.4/s3e/lib/arm/v6/nofpu/soft\libs3e_cpp.a(delete.obj)
                0x4a00075c                operator delete(void*)
 .text.iwcrt_init
                0x4a000760       0xa8 c:/marmalade/7.4/s3e/lib/arm/v6/nofpu/soft\libs3e.a(iwcrt_common.o)
                0x4a000760                iwcrt_init
 .text.iwcrt_init2
                0x4a000808      0x170 c:/marmalade/7.4/s3e/lib/arm/v6/nofpu/soft\libs3e.a(iwcrt_common.o)
                0x4a000808                iwcrt_init2
 .text.iwcrt_fini
                0x4a000978       0x98 c:/marmalade/7.4/s3e/lib/arm/v6/nofpu/soft\libs3e.a(iwcrt_common.o)
                0x4a000978                iwcrt_fini
 .text._IwRead  0x4a000a10       0x88 c:/marmalade/7.4/s3e/lib/arm/v6/nofpu/soft\libs3e.a(iwcrt_common.o)
                0x4a000a10                _IwRead
 .text._IwLseek
                0x4a000a98       0x9c c:/marmalade/7.4/s3e/lib/arm/v6/nofpu/soft\libs3e.a(iwcrt_common.o)
                0x4a000a98                _IwLseek
 .text._IwWrite
                0x4a000b34       0x90 c:/marmalade/7.4/s3e/lib/arm/v6/nofpu/soft\libs3e.a(iwcrt_common.o)
                0x4a000b34                _IwWrite
 .text._IwClose
                0x4a000bc4      0x108 c:/marmalade/7.4/s3e/lib/arm/v6/nofpu/soft\libs3e.a(iwcrt_common.o)
                0x4a000bc4                _IwClose
 .text._IwFstat
                0x4a000ccc      0x1d4 c:/marmalade/7.4/s3e/lib/arm/v6/nofpu/soft\libs3e.a(iwcrt_common.o)
                0x4a000ccc                _IwFstat
 .text._IwExit  0x4a000ea0        0x8 c:/marmalade/7.4/s3e/lib/arm/v6/nofpu/soft\libs3e.a(iwcrt_common.o)
                0x4a000ea0                _IwExit
 .text._IwCrtFree
                0x4a000ea8        0x4 c:/marmalade/7.4/s3e/lib/arm/v6/nofpu/soft\libs3e.a(iwcrt_common.o)
                0x4a000ea8                _IwCrtFree
 .text._IwCrtCalloc
                0x4a000eac       0x80 c:/marmalade/7.4/s3e/lib/arm/v6/nofpu/soft\libs3e.a(iwcrt_common.o)
                0x4a000eac                _IwCrtCalloc
 .text._IwCrtMalloc
                0x4a000f2c       0x6c c:/marmalade/7.4/s3e/lib/arm/v6/nofpu/soft\libs3e.a(iwcrt_common.o)
                0x4a000f2c                _IwCrtMalloc
 .text._IwCrtRealloc
                0x4a000f98       0x74 c:/marmalade/7.4/s3e/lib/arm/v6/nofpu/soft\libs3e.a(iwcrt_common.o)
                0x4a000f98                _IwCrtRealloc
 .text.abort    0x4a00100c       0x28 c:/marmalade/7.4/s3e/lib/arm/v6/nofpu/soft\libs3e.a(iwcrt_common.o)
                0x4a00100c                abort
 .text._IwMalloc
                0x4a001034        0x4 c:/marmalade/7.4/s3e/lib/arm/v6/nofpu/soft\libs3e.a(malloc.o)
                0x4a001034                _IwMalloc
 .text._IwFree  0x4a001038       0x98 c:/marmalade/7.4/s3e/lib/arm/v6/nofpu/soft\libs3e.a(malloc.o)
                0x4a001038                _IwFree
 .text.malloc   0x4a0010d0        0x4 c:/marmalade/7.4/s3e/lib/arm/v6/nofpu/soft\libs3e.a(malloc.o)
                0x4a0010d0                malloc
 .text.free     0x4a0010d4       0x98 c:/marmalade/7.4/s3e/lib/arm/v6/nofpu/soft\libs3e.a(malloc.o)
                0x4a0010d4                free
 .text.realloc  0x4a00116c        0x4 c:/marmalade/7.4/s3e/lib/arm/v6/nofpu/soft\libs3e.a(malloc.o)
                0x4a00116c                realloc
 .text.shutdown
                0x4a001170       0xc0 c:/marmalade/7.4/s3e/lib/arm/v6/nofpu/soft\libs3e.a(sockets.o)
                0x4a001170                shutdown
 .text.unsetenv
                0x4a001230      0x118 c:/marmalade/7.4/s3e/lib/arm/v6/nofpu/soft\libs3e.a(stdlib.o)
                0x4a001230                unsetenv
 .text._ZL15putenv_internalPcbb
                0x4a001348      0x2a4 c:/marmalade/7.4/s3e/lib/arm/v6/nofpu/soft\libs3e.a(stdlib.o)
 .text.setenv   0x4a0015ec       0xe0 c:/marmalade/7.4/s3e/lib/arm/v6/nofpu/soft\libs3e.a(stdlib.o)
                0x4a0015ec                setenv
 .text.startup._GLOBAL__sub_I_stdlib.cpp
                0x4a0016cc       0x20 c:/marmalade/7.4/s3e/lib/arm/v6/nofpu/soft\libs3e.a(stdlib.o)
 .text._ZL11CheckConfigv
                0x4a0016ec      0x200 c:/marmalade/7.4/s3e/lib/arm/v6/nofpu/soft\libs3e.a(stdout.o)
 .text._ZL13TimerCallbackPvS_
                0x4a0018ec       0xb0 c:/marmalade/7.4/s3e/lib/arm/v6/nofpu/soft\libs3e.a(stdout.o)
 .text._ZL16KeyboardCallbackPvS_
                0x4a00199c      0x2dc c:/marmalade/7.4/s3e/lib/arm/v6/nofpu/soft\libs3e.a(stdout.o)
 .text._ZL17ConsoleTraceLinesPKcjb.isra.2
                0x4a001c78      0x294 c:/marmalade/7.4/s3e/lib/arm/v6/nofpu/soft\libs3e.a(stdout.o)
 .text._IwHandleStdoutput
                0x4a001f0c      0x260 c:/marmalade/7.4/s3e/lib/arm/v6/nofpu/soft\libs3e.a(stdout.o)
                0x4a001f0c                _IwHandleStdoutput
 .text._IwHandleStdinput
                0x4a00216c      0x148 c:/marmalade/7.4/s3e/lib/arm/v6/nofpu/soft\libs3e.a(stdout.o)
                0x4a00216c                _IwHandleStdinput
 .text.strlcat  0x4a0022b4       0x88 c:/marmalade/7.4/s3e/lib/arm/v6/nofpu/soft\libs3e.a(string.o)
                0x4a0022b4                strlcat
 .text.s3eMalloc
                0x4a00233c       0x1c c:/marmalade/7.4/s3e/lib/arm/v6/nofpu/soft\libs3e.a(s3eMalloc_eapi.o)
                0x4a00233c                s3eMalloc
 .text.s3eFree  0x4a002358       0x1c c:/marmalade/7.4/s3e/lib/arm/v6/nofpu/soft\libs3e.a(s3eMalloc_eapi.o)
                0x4a002358                s3eFree
 .text.s3eRealloc
                0x4a002374       0x24 c:/marmalade/7.4/s3e/lib/arm/v6/nofpu/soft\libs3e.a(s3eMalloc_eapi.o)
                0x4a002374                s3eRealloc
 .text._ZL7tlsFreePv
                0x4a002398        0x4 c:/marmalade/7.4/s3e/lib/arm/v6/nofpu/soft\libs3e.a(s3eMemory_eapi.o)
 .text._Z25iw_malloc_get_usr_mgr_tlsv
                0x4a00239c       0x98 c:/marmalade/7.4/s3e/lib/arm/v6/nofpu/soft\libs3e.a(s3eMemory_eapi.o)
                0x4a00239c                iw_malloc_get_usr_mgr_tls()
 .text.iw_malloc_init
                0x4a002434       0xa4 c:/marmalade/7.4/s3e/lib/arm/v6/nofpu/soft\libs3e.a(s3eMemory_eapi.o)
                0x4a002434                iw_malloc_init
 .text.s3eMemoryGetUserMemMgr
                0x4a0024d8       0xa0 c:/marmalade/7.4/s3e/lib/arm/v6/nofpu/soft\libs3e.a(s3eMemory_eapi.o)
                0x4a0024d8                s3eMemoryGetUserMemMgr
 .text.s3eMemorySetUserMemMgr
                0x4a002578       0xc4 c:/marmalade/7.4/s3e/lib/arm/v6/nofpu/soft\libs3e.a(s3eMemory_eapi.o)
                0x4a002578                s3eMemorySetUserMemMgr
 .text.s3eSurfaceClear
                0x4a00263c      0x258 c:/marmalade/7.4/s3e/lib/arm/v6/nofpu/soft\libs3e.a(s3eSurface_eapi.o)
                0x4a00263c                s3eSurfaceClear
 .text.IwDebugErrorShow
                0x4a002894      0x108 c:/marmalade/7.4/s3e/lib/arm/v6/nofpu/soft\libs3e.a(IwDebug.o)
                0x4a002894                IwDebugErrorShow
 .text.startup._GLOBAL__sub_I_IwDebug.cpp
                0x4a00299c       0x1c c:/marmalade/7.4/s3e/lib/arm/v6/nofpu/soft\libs3e.a(IwDebug.o)
 .text.s3eThreadAvailable
                0x4a0029b8       0x70 c:/marmalade/7.4/s3e/lib/arm/v6/nofpu/soft\libs3e.a(s3eThread_interface.o)
                0x4a0029b8                s3eThreadAvailable
 .text.s3eThreadGetCurrent
                0x4a002a28       0xa4 c:/marmalade/7.4/s3e/lib/arm/v6/nofpu/soft\libs3e.a(s3eThread_interface.o)
                0x4a002a28                s3eThreadGetCurrent
 .text.s3eThreadLockCreate
                0x4a002acc       0xa4 c:/marmalade/7.4/s3e/lib/arm/v6/nofpu/soft\libs3e.a(s3eThread_interface.o)
                0x4a002acc                s3eThreadLockCreate
 .text.s3eThreadLockDestroy
                0x4a002b70       0xac c:/marmalade/7.4/s3e/lib/arm/v6/nofpu/soft\libs3e.a(s3eThread_interface.o)
                0x4a002b70                s3eThreadLockDestroy
 .text.s3eThreadLockAcquire
                0x4a002c1c       0xb4 c:/marmalade/7.4/s3e/lib/arm/v6/nofpu/soft\libs3e.a(s3eThread_interface.o)
                0x4a002c1c                s3eThreadLockAcquire
 .text.s3eThreadLockRelease
                0x4a002cd0       0xac c:/marmalade/7.4/s3e/lib/arm/v6/nofpu/soft\libs3e.a(s3eThread_interface.o)
                0x4a002cd0                s3eThreadLockRelease
 .text._free_r  0x4a002d7c        0x8 c:/marmalade/7.4/s3e/lib/arm/v6/nofpu/soft\libs3e.a(newlib_impl.o)
                0x4a002d7c                _free_r
 .text._calloc_r
                0x4a002d84        0xc c:/marmalade/7.4/s3e/lib/arm/v6/nofpu/soft\libs3e.a(newlib_impl.o)
                0x4a002d84                _calloc_r
 .text._realloc_r
                0x4a002d90        0xc c:/marmalade/7.4/s3e/lib/arm/v6/nofpu/soft\libs3e.a(newlib_impl.o)
                0x4a002d90                _realloc_r
 .text._malloc_r
                0x4a002d9c        0x8 c:/marmalade/7.4/s3e/lib/arm/v6/nofpu/soft\libs3e.a(newlib_impl.o)
                0x4a002d9c                _malloc_r
 .text._close   0x4a002da4        0x4 c:/marmalade/7.4/s3e/lib/arm/v6/nofpu/soft\libs3e.a(newlib_impl.o)
                0x4a002da4                _close
 .text._lseek   0x4a002da8        0x4 c:/marmalade/7.4/s3e/lib/arm/v6/nofpu/soft\libs3e.a(newlib_impl.o)
                0x4a002da8                _lseek
 .text._read    0x4a002dac        0x4 c:/marmalade/7.4/s3e/lib/arm/v6/nofpu/soft\libs3e.a(newlib_impl.o)
                0x4a002dac                _read
 .text._write   0x4a002db0        0x4 c:/marmalade/7.4/s3e/lib/arm/v6/nofpu/soft\libs3e.a(newlib_impl.o)
                0x4a002db0                _write
 .text._fstat   0x4a002db4       0x4c c:/marmalade/7.4/s3e/lib/arm/v6/nofpu/soft\libs3e.a(newlib_impl.o)
                0x4a002db4                _fstat
 .text._exit    0x4a002e00        0x8 c:/marmalade/7.4/s3e/lib/arm/v6/nofpu/soft\libs3e.a(newlib_impl.o)
                0x4a002e00                _exit
 .text._isatty  0x4a002e08       0x10 c:/marmalade/7.4/s3e/lib/arm/v6/nofpu/soft\libs3e.a(newlib_impl.o)
                0x4a002e08                _isatty
 .text.IwMain   0x4a002e18      0x134 c:/marmalade/7.4/s3e/lib/arm/v6/nofpu/soft\libs3e.a(iwmain.o)
                0x4a002e18                IwMain
 .text.pthread_mutex_lock
                0x4a002f4c      0x174 c:/marmalade/7.4/s3e/lib/arm/v6/nofpu/soft\libs3e.a(pthread_mutex.o)
                0x4a002f4c                pthread_mutex_lock
 .text.pthread_mutex_unlock
                0x4a0030c0      0x178 c:/marmalade/7.4/s3e/lib/arm/v6/nofpu/soft\libs3e.a(pthread_mutex.o)
                0x4a0030c0                pthread_mutex_unlock
 .text.pthread_key_create
                0x4a003238      0x134 c:/marmalade/7.4/s3e/lib/arm/v6/nofpu/soft\libs3e.a(pthread_tls.o)
                0x4a003238                pthread_key_create
 .text.pthread_setspecific
                0x4a00336c       0xa0 c:/marmalade/7.4/s3e/lib/arm/v6/nofpu/soft\libs3e.a(pthread_tls.o)
                0x4a00336c                pthread_setspecific
 .text.pthread_getspecific
                0x4a00340c       0x48 c:/marmalade/7.4/s3e/lib/arm/v6/nofpu/soft\libs3e.a(pthread_tls.o)
                0x4a00340c                pthread_getspecific
 .text.pthread_self
                0x4a003454       0x5c c:/marmalade/7.4/s3e/lib/arm/v6/nofpu/soft\libs3e.a(pthreads.o)
                0x4a003454                pthread_self
 .text.raise    0x4a0034b0       0x38 c:/marmalade/7.4/s3e/lib/arm/v6/nofpu/soft\libs3e.a(signal.o)
                0x4a0034b0                raise
 .text.__cxa_end_cleanup
                0x4a0034e8       0x10 c:/marmalade/7.4/s3e/gcc/win32/bin/../lib/gcc/arm-none-eabi/4.8.3/../../../../arm-none-eabi/lib/armv6\libstdc++.a(eh_arm.o)
                0x4a0034e8                __cxa_end_cleanup
 .text.__cxa_type_match
                0x4a0034f8      0x154 c:/marmalade/7.4/s3e/gcc/win32/bin/../lib/gcc/arm-none-eabi/4.8.3/../../../../arm-none-eabi/lib/armv6\libstdc++.a(eh_arm.o)
                0x4a0034f8                __cxa_type_match
 .text.__cxa_begin_cleanup
                0x4a00364c       0xb4 c:/marmalade/7.4/s3e/gcc/win32/bin/../lib/gcc/arm-none-eabi/4.8.3/../../../../arm-none-eabi/lib/armv6\libstdc++.a(eh_arm.o)
                0x4a00364c                __cxa_begin_cleanup
 .text.__gnu_end_cleanup
                0x4a003700       0xb4 c:/marmalade/7.4/s3e/gcc/win32/bin/../lib/gcc/arm-none-eabi/4.8.3/../../../../arm-none-eabi/lib/armv6\libstdc++.a(eh_arm.o)
                0x4a003700                __gnu_end_cleanup
 .text._ZNSt9exceptionD2Ev
                0x4a0037b4       0x24 c:/marmalade/7.4/s3e/gcc/win32/bin/../lib/gcc/arm-none-eabi/4.8.3/../../../../arm-none-eabi/lib/armv6\libstdc++.a(eh_exception.o)
                0x4a0037b4                std::exception::~exception()
                0x4a0037b4                std::exception::~exception()
 .text._ZNSt13bad_exceptionD2Ev
                0x4a0037d8       0x34 c:/marmalade/7.4/s3e/gcc/win32/bin/../lib/gcc/arm-none-eabi/4.8.3/../../../../arm-none-eabi/lib/armv6\libstdc++.a(eh_exception.o)
                0x4a0037d8                std::bad_exception::~bad_exception()
                0x4a0037d8                std::bad_exception::~bad_exception()
 .text._ZNKSt9exception4whatEv
                0x4a00380c       0x10 c:/marmalade/7.4/s3e/gcc/win32/bin/../lib/gcc/arm-none-eabi/4.8.3/../../../../arm-none-eabi/lib/armv6\libstdc++.a(eh_exception.o)
                0x4a00380c                std::exception::what() const
 .text._ZNKSt13bad_exception4whatEv
                0x4a00381c       0x10 c:/marmalade/7.4/s3e/gcc/win32/bin/../lib/gcc/arm-none-eabi/4.8.3/../../../../arm-none-eabi/lib/armv6\libstdc++.a(eh_exception.o)
                0x4a00381c                std::bad_exception::what() const
 .text._ZNSt9exceptionD0Ev
                0x4a00382c       0x1c c:/marmalade/7.4/s3e/gcc/win32/bin/../lib/gcc/arm-none-eabi/4.8.3/../../../../arm-none-eabi/lib/armv6\libstdc++.a(eh_exception.o)
                0x4a00382c                std::exception::~exception()
 .text._ZNSt13bad_exceptionD0Ev
                0x4a003848       0x1c c:/marmalade/7.4/s3e/gcc/win32/bin/../lib/gcc/arm-none-eabi/4.8.3/../../../../arm-none-eabi/lib/armv6\libstdc++.a(eh_exception.o)
                0x4a003848                std::bad_exception::~bad_exception()
 .text.__cxa_get_globals_fast
                0x4a003864       0x10 c:/marmalade/7.4/s3e/gcc/win32/bin/../lib/gcc/arm-none-eabi/4.8.3/../../../../arm-none-eabi/lib/armv6\libstdc++.a(eh_globals.o)
                0x4a003864                __cxa_get_globals_fast
 .text.__cxa_get_globals
                0x4a003874       0x10 c:/marmalade/7.4/s3e/gcc/win32/bin/../lib/gcc/arm-none-eabi/4.8.3/../../../../arm-none-eabi/lib/armv6\libstdc++.a(eh_globals.o)
                0x4a003874                __cxa_get_globals
 .text._ZN10__cxxabiv111__terminateEPFvvE
                0x4a003884       0x34 c:/marmalade/7.4/s3e/gcc/win32/bin/../lib/gcc/arm-none-eabi/4.8.3/../../../../arm-none-eabi/lib/armv6\libstdc++.a(eh_terminate.o)
                0x4a003884                __cxxabiv1::__terminate(void (*)())
 .text._ZSt9terminatev
                0x4a0038b8       0x24 c:/marmalade/7.4/s3e/gcc/win32/bin/../lib/gcc/arm-none-eabi/4.8.3/../../../../arm-none-eabi/lib/armv6\libstdc++.a(eh_terminate.o)
                0x4a0038b8                std::terminate()
 .text._ZN10__cxxabiv112__unexpectedEPFvvE
                0x4a0038dc        0xc c:/marmalade/7.4/s3e/gcc/win32/bin/../lib/gcc/arm-none-eabi/4.8.3/../../../../arm-none-eabi/lib/armv6\libstdc++.a(eh_terminate.o)
                0x4a0038dc                __cxxabiv1::__unexpected(void (*)())
 .text._ZSt10unexpectedv
                0x4a0038e8       0x24 c:/marmalade/7.4/s3e/gcc/win32/bin/../lib/gcc/arm-none-eabi/4.8.3/../../../../arm-none-eabi/lib/armv6\libstdc++.a(eh_terminate.o)
                0x4a0038e8                std::unexpected()
 .text._ZN10__cxxabiv120__si_class_type_infoD2Ev
                0x4a00390c       0x34 c:/marmalade/7.4/s3e/gcc/win32/bin/../lib/gcc/arm-none-eabi/4.8.3/../../../../arm-none-eabi/lib/armv6\libstdc++.a(si_class_type_info.o)
                0x4a00390c                __cxxabiv1::__si_class_type_info::~__si_class_type_info()
                0x4a00390c                __cxxabiv1::__si_class_type_info::~__si_class_type_info()
 .text._ZN10__cxxabiv120__si_class_type_infoD0Ev
                0x4a003940       0x1c c:/marmalade/7.4/s3e/gcc/win32/bin/../lib/gcc/arm-none-eabi/4.8.3/../../../../arm-none-eabi/lib/armv6\libstdc++.a(si_class_type_info.o)
                0x4a003940                __cxxabiv1::__si_class_type_info::~__si_class_type_info()
 .text._ZNK10__cxxabiv120__si_class_type_info20__do_find_public_srcEiPKvPKNS_17__class_type_infoES2_
                0x4a00395c       0x64 c:/marmalade/7.4/s3e/gcc/win32/bin/../lib/gcc/arm-none-eabi/4.8.3/../../../../arm-none-eabi/lib/armv6\libstdc++.a(si_class_type_info.o)
                0x4a00395c                __cxxabiv1::__si_class_type_info::__do_find_public_src(int, void const*, __cxxabiv1::__class_type_info const*, void const*) const
 .text._ZNK10__cxxabiv120__si_class_type_info12__do_dyncastEiNS_17__class_type_info10__sub_kindEPKS1_PKvS4_S6_RNS1_16__dyncast_resultE
                0x4a0039c0       0xe4 c:/marmalade/7.4/s3e/gcc/win32/bin/../lib/gcc/arm-none-eabi/4.8.3/../../../../arm-none-eabi/lib/armv6\libstdc++.a(si_class_type_info.o)
                0x4a0039c0                __cxxabiv1::__si_class_type_info::__do_dyncast(int, __cxxabiv1::__class_type_info::__sub_kind, __cxxabiv1::__class_type_info const*, void const*, __cxxabiv1::__class_type_info const*, void const*, __cxxabiv1::__class_type_info::__dyncast_result&) const
 .text._ZNK10__cxxabiv120__si_class_type_info11__do_upcastEPKNS_17__class_type_infoEPKvRNS1_15__upcast_resultE
                0x4a003aa4       0x40 c:/marmalade/7.4/s3e/gcc/win32/bin/../lib/gcc/arm-none-eabi/4.8.3/../../../../arm-none-eabi/lib/armv6\libstdc++.a(si_class_type_info.o)
                0x4a003aa4                __cxxabiv1::__si_class_type_info::__do_upcast(__cxxabiv1::__class_type_info const*, void const*, __cxxabiv1::__class_type_info::__upcast_result&) const
 .text._ZNSt9type_infoD2Ev
                0x4a003ae4       0x24 c:/marmalade/7.4/s3e/gcc/win32/bin/../lib/gcc/arm-none-eabi/4.8.3/../../../../arm-none-eabi/lib/armv6\libstdc++.a(tinfo.o)
                0x4a003ae4                std::type_info::~type_info()
                0x4a003ae4                std::type_info::~type_info()
 .text._ZNKSt9type_info14__is_pointer_pEv
                0x4a003b08        0x8 c:/marmalade/7.4/s3e/gcc/win32/bin/../lib/gcc/arm-none-eabi/4.8.3/../../../../arm-none-eabi/lib/armv6\libstdc++.a(tinfo.o)
                0x4a003b08                std::type_info::__is_pointer_p() const
 .text._ZNKSt9type_info15__is_function_pEv
                0x4a003b10        0x8 c:/marmalade/7.4/s3e/gcc/win32/bin/../lib/gcc/arm-none-eabi/4.8.3/../../../../arm-none-eabi/lib/armv6\libstdc++.a(tinfo.o)
                0x4a003b10                std::type_info::__is_function_p() const
 .text._ZNKSt9type_info11__do_upcastEPKN10__cxxabiv117__class_type_infoEPPv
                0x4a003b18        0x8 c:/marmalade/7.4/s3e/gcc/win32/bin/../lib/gcc/arm-none-eabi/4.8.3/../../../../arm-none-eabi/lib/armv6\libstdc++.a(tinfo.o)
                0x4a003b18                std::type_info::__do_upcast(__cxxabiv1::__class_type_info const*, void**) const
 .text._ZNSt9type_infoD0Ev
                0x4a003b20       0x1c c:/marmalade/7.4/s3e/gcc/win32/bin/../lib/gcc/arm-none-eabi/4.8.3/../../../../arm-none-eabi/lib/armv6\libstdc++.a(tinfo.o)
                0x4a003b20                std::type_info::~type_info()
 .text._ZNKSt9type_infoeqERKS_
                0x4a003b3c       0x4c c:/marmalade/7.4/s3e/gcc/win32/bin/../lib/gcc/arm-none-eabi/4.8.3/../../../../arm-none-eabi/lib/armv6\libstdc++.a(tinfo.o)
                0x4a003b3c                std::type_info::operator==(std::type_info const&) const
 .text._ZNKSt9type_info10__do_catchEPKS_PPvj
                0x4a003b88        0x4 c:/marmalade/7.4/s3e/gcc/win32/bin/../lib/gcc/arm-none-eabi/4.8.3/../../../../arm-none-eabi/lib/armv6\libstdc++.a(tinfo.o)
                0x4a003b88                std::type_info::__do_catch(std::type_info const*, void**, unsigned int) const
 .text._ZNK10__cxxabiv117__class_type_info11__do_upcastEPKS0_PPv
                0x4a003b8c       0x5c c:/marmalade/7.4/s3e/gcc/win32/bin/../lib/gcc/arm-none-eabi/4.8.3/../../../../arm-none-eabi/lib/armv6\libstdc++.a(class_type_info.o)
                0x4a003b8c                __cxxabiv1::__class_type_info::__do_upcast(__cxxabiv1::__class_type_info const*, void**) const
 .text._ZNK10__cxxabiv117__class_type_info20__do_find_public_srcEiPKvPKS0_S2_
                0x4a003be8       0x14 c:/marmalade/7.4/s3e/gcc/win32/bin/../lib/gcc/arm-none-eabi/4.8.3/../../../../arm-none-eabi/lib/armv6\libstdc++.a(class_type_info.o)
                0x4a003be8                __cxxabiv1::__class_type_info::__do_find_public_src(int, void const*, __cxxabiv1::__class_type_info const*, void const*) const
 .text._ZN10__cxxabiv117__class_type_infoD2Ev
                0x4a003bfc       0x34 c:/marmalade/7.4/s3e/gcc/win32/bin/../lib/gcc/arm-none-eabi/4.8.3/../../../../arm-none-eabi/lib/armv6\libstdc++.a(class_type_info.o)
                0x4a003bfc                __cxxabiv1::__class_type_info::~__class_type_info()
                0x4a003bfc                __cxxabiv1::__class_type_info::~__class_type_info()
 .text._ZN10__cxxabiv117__class_type_infoD0Ev
                0x4a003c30       0x1c c:/marmalade/7.4/s3e/gcc/win32/bin/../lib/gcc/arm-none-eabi/4.8.3/../../../../arm-none-eabi/lib/armv6\libstdc++.a(class_type_info.o)
                0x4a003c30                __cxxabiv1::__class_type_info::~__class_type_info()
 .text._ZNK10__cxxabiv117__class_type_info11__do_upcastEPKS0_PKvRNS0_15__upcast_resultE
                0x4a003c4c       0x2c c:/marmalade/7.4/s3e/gcc/win32/bin/../lib/gcc/arm-none-eabi/4.8.3/../../../../arm-none-eabi/lib/armv6\libstdc++.a(class_type_info.o)
                0x4a003c4c                __cxxabiv1::__class_type_info::__do_upcast(__cxxabiv1::__class_type_info const*, void const*, __cxxabiv1::__class_type_info::__upcast_result&) const
 .text._ZNK10__cxxabiv117__class_type_info10__do_catchEPKSt9type_infoPPvj
                0x4a003c78       0x44 c:/marmalade/7.4/s3e/gcc/win32/bin/../lib/gcc/arm-none-eabi/4.8.3/../../../../arm-none-eabi/lib/armv6\libstdc++.a(class_type_info.o)
                0x4a003c78                __cxxabiv1::__class_type_info::__do_catch(std::type_info const*, void**, unsigned int) const
 .text._ZNK10__cxxabiv117__class_type_info12__do_dyncastEiNS0_10__sub_kindEPKS0_PKvS3_S5_RNS0_16__dyncast_resultE
                0x4a003cbc       0x78 c:/marmalade/7.4/s3e/gcc/win32/bin/../lib/gcc/arm-none-eabi/4.8.3/../../../../arm-none-eabi/lib/armv6\libstdc++.a(class_type_info.o)
                0x4a003cbc                __cxxabiv1::__class_type_info::__do_dyncast(int, __cxxabiv1::__class_type_info::__sub_kind, __cxxabiv1::__class_type_info const*, void const*, __cxxabiv1::__class_type_info const*, void const*, __cxxabiv1::__class_type_info::__dyncast_result&) const
 .text.__cxa_call_terminate
                0x4a003d34       0x7c c:/marmalade/7.4/s3e/gcc/win32/bin/../lib/gcc/arm-none-eabi/4.8.3/../../../../arm-none-eabi/lib/armv6\libstdc++.a(eh_call.o)
                0x4a003d34                __cxa_call_terminate
 .text.__cxa_call_unexpected
                0x4a003db0      0x1a8 c:/marmalade/7.4/s3e/gcc/win32/bin/../lib/gcc/arm-none-eabi/4.8.3/../../../../arm-none-eabi/lib/armv6\libstdc++.a(eh_call.o)
                0x4a003db0                __cxa_call_unexpected
 .text.__cxa_begin_catch
                0x4a003f58       0xe0 c:/marmalade/7.4/s3e/gcc/win32/bin/../lib/gcc/arm-none-eabi/4.8.3/../../../../arm-none-eabi/lib/armv6\libstdc++.a(eh_catch.o)
                0x4a003f58                __cxa_begin_catch
 .text.__cxa_end_catch
                0x4a004038       0xd8 c:/marmalade/7.4/s3e/gcc/win32/bin/../lib/gcc/arm-none-eabi/4.8.3/../../../../arm-none-eabi/lib/armv6\libstdc++.a(eh_catch.o)
                0x4a004038                __cxa_end_catch
 .text._ZL12read_sleb128PKhPl
                0x4a004110       0x44 c:/marmalade/7.4/s3e/gcc/win32/bin/../lib/gcc/arm-none-eabi/4.8.3/../../../../arm-none-eabi/lib/armv6\libstdc++.a(eh_personality.o)
 .text._ZL28read_encoded_value_with_basehjPKhPj
                0x4a004154      0x16c c:/marmalade/7.4/s3e/gcc/win32/bin/../lib/gcc/arm-none-eabi/4.8.3/../../../../arm-none-eabi/lib/armv6\libstdc++.a(eh_personality.o)
 .text._ZL21base_of_encoded_valuehP15_Unwind_Context
                0x4a0042c0       0x74 c:/marmalade/7.4/s3e/gcc/win32/bin/../lib/gcc/arm-none-eabi/4.8.3/../../../../arm-none-eabi/lib/armv6\libstdc++.a(eh_personality.o)
 .text._ZL17parse_lsda_headerP15_Unwind_ContextPKhP16lsda_header_info
                0x4a004334       0xe0 c:/marmalade/7.4/s3e/gcc/win32/bin/../lib/gcc/arm-none-eabi/4.8.3/../../../../arm-none-eabi/lib/armv6\libstdc++.a(eh_personality.o)
 .text.__gxx_personality_v0
                0x4a004414      0x66c c:/marmalade/7.4/s3e/gcc/win32/bin/../lib/gcc/arm-none-eabi/4.8.3/../../../../arm-none-eabi/lib/armv6\libstdc++.a(eh_personality.o)
                0x4a004414                __gxx_personality_v0
 .text._ZL23__gxx_exception_cleanup19_Unwind_Reason_CodeP21_Unwind_Control_Block
                0x4a004a80       0x60 c:/marmalade/7.4/s3e/gcc/win32/bin/../lib/gcc/arm-none-eabi/4.8.3/../../../../arm-none-eabi/lib/armv6\libstdc++.a(eh_throw.o)
 .text.__cxa_throw
                0x4a004ae0       0xc4 c:/marmalade/7.4/s3e/gcc/win32/bin/../lib/gcc/arm-none-eabi/4.8.3/../../../../arm-none-eabi/lib/armv6\libstdc++.a(eh_throw.o)
                0x4a004ae0                __cxa_throw
 .text.__cxa_rethrow
                0x4a004ba4       0xb0 c:/marmalade/7.4/s3e/gcc/win32/bin/../lib/gcc/arm-none-eabi/4.8.3/../../../../arm-none-eabi/lib/armv6\libstdc++.a(eh_throw.o)
                0x4a004ba4                __cxa_rethrow
 .text._ZN9__gnu_cxx27__verbose_terminate_handlerEv
                0x4a004c54      0x1cc c:/marmalade/7.4/s3e/gcc/win32/bin/../lib/gcc/arm-none-eabi/4.8.3/../../../../arm-none-eabi/lib/armv6\libstdc++.a(vterminate.o)
                0x4a004c54                __gnu_cxx::__verbose_terminate_handler()
 .text          0x4a004e20     0x8640 c:/marmalade/7.4/s3e/gcc/win32/bin/../lib/gcc/arm-none-eabi/4.8.3/../../../../arm-none-eabi/lib/armv6\libstdc++.a(cp-demangle.o)
                0x4a00d2e8                __cxa_demangle
                0x4a00d434                __gcclibcxx_demangle_callback
 .text.__cxa_allocate_exception
                0x4a00d460       0x98 c:/marmalade/7.4/s3e/gcc/win32/bin/../lib/gcc/arm-none-eabi/4.8.3/../../../../arm-none-eabi/lib/armv6\libstdc++.a(eh_alloc.o)
                0x4a00d460                __cxa_allocate_exception
 .text.__cxa_free_exception
                0x4a00d4f8       0x50 c:/marmalade/7.4/s3e/gcc/win32/bin/../lib/gcc/arm-none-eabi/4.8.3/../../../../arm-none-eabi/lib/armv6\libstdc++.a(eh_alloc.o)
                0x4a00d4f8                __cxa_free_exception
 .text.__cxa_current_exception_type
                0x4a00d548       0x2c c:/marmalade/7.4/s3e/gcc/win32/bin/../lib/gcc/arm-none-eabi/4.8.3/../../../../arm-none-eabi/lib/armv6\libstdc++.a(eh_type.o)
                0x4a00d548                __cxa_current_exception_type
 .text.startup.register_fini
                0x4a00d574       0x30 c:/marmalade/7.4/s3e/gcc/win32/bin/../lib/gcc/arm-none-eabi/4.8.3/../../../../arm-none-eabi/lib/armv6\libc.a(lib_a-__call_atexit.o)
 .text.__call_exitprocs
                0x4a00d5a4      0x17c c:/marmalade/7.4/s3e/gcc/win32/bin/../lib/gcc/arm-none-eabi/4.8.3/../../../../arm-none-eabi/lib/armv6\libc.a(lib_a-__call_atexit.o)
                0x4a00d5a4                __call_exitprocs
 .text.setup_aeabi_stdio
                0x4a00d720       0x60 c:/marmalade/7.4/s3e/gcc/win32/bin/../lib/gcc/arm-none-eabi/4.8.3/../../../../arm-none-eabi/lib/armv6\libc.a(lib_a-aeabi_lcsts.o)
 .text.atexit   0x4a00d780       0x14 c:/marmalade/7.4/s3e/gcc/win32/bin/../lib/gcc/arm-none-eabi/4.8.3/../../../../arm-none-eabi/lib/armv6\libc.a(lib_a-atexit.o)
                0x4a00d780                atexit
 .text.__errno  0x4a00d794       0x20 c:/marmalade/7.4/s3e/gcc/win32/bin/../lib/gcc/arm-none-eabi/4.8.3/../../../../arm-none-eabi/lib/armv6\libc.a(lib_a-errno.o)
                0x4a00d794                __errno
 .text.exit     0x4a00d7b4       0x48 c:/marmalade/7.4/s3e/gcc/win32/bin/../lib/gcc/arm-none-eabi/4.8.3/../../../../arm-none-eabi/lib/armv6\libc.a(lib_a-exit.o)
                0x4a00d7b4                exit
 .text.__libc_fini_array
                0x4a00d7fc       0x54 c:/marmalade/7.4/s3e/gcc/win32/bin/../lib/gcc/arm-none-eabi/4.8.3/../../../../arm-none-eabi/lib/armv6\libc.a(lib_a-fini.o)
                0x4a00d7fc                __libc_fini_array
 .text.fputc    0x4a00d850       0x58 c:/marmalade/7.4/s3e/gcc/win32/bin/../lib/gcc/arm-none-eabi/4.8.3/../../../../arm-none-eabi/lib/armv6\libc.a(lib_a-fputc.o)
                0x4a00d850                fputc
 .text._fputs_r
                0x4a00d8a8       0x88 c:/marmalade/7.4/s3e/gcc/win32/bin/../lib/gcc/arm-none-eabi/4.8.3/../../../../arm-none-eabi/lib/armv6\libc.a(lib_a-fputs.o)
                0x4a00d8a8                _fputs_r
 .text.fputs    0x4a00d930       0x28 c:/marmalade/7.4/s3e/gcc/win32/bin/../lib/gcc/arm-none-eabi/4.8.3/../../../../arm-none-eabi/lib/armv6\libc.a(lib_a-fputs.o)
                0x4a00d930                fputs
 .text._fstat_r
                0x4a00d958       0x4c c:/marmalade/7.4/s3e/gcc/win32/bin/../lib/gcc/arm-none-eabi/4.8.3/../../../../arm-none-eabi/lib/armv6\libc.a(lib_a-fstatr.o)
                0x4a00d958                _fstat_r
 .text.__sfvwrite_r
                0x4a00d9a4      0x4b4 c:/marmalade/7.4/s3e/gcc/win32/bin/../lib/gcc/arm-none-eabi/4.8.3/../../../../arm-none-eabi/lib/armv6\libc.a(lib_a-fvwrite.o)
                0x4a00d9a4                __sfvwrite_r
 .text._fwrite_r
                0x4a00de58       0x9c c:/marmalade/7.4/s3e/gcc/win32/bin/../lib/gcc/arm-none-eabi/4.8.3/../../../../arm-none-eabi/lib/armv6\libc.a(lib_a-fwrite.o)
                0x4a00de58                _fwrite_r
 .text.fwrite   0x4a00def4       0x48 c:/marmalade/7.4/s3e/gcc/win32/bin/../lib/gcc/arm-none-eabi/4.8.3/../../../../arm-none-eabi/lib/armv6\libc.a(lib_a-fwrite.o)
                0x4a00def4                fwrite
 .text.__libc_init_array
                0x4a00df3c       0x98 c:/marmalade/7.4/s3e/gcc/win32/bin/../lib/gcc/arm-none-eabi/4.8.3/../../../../arm-none-eabi/lib/armv6\libc.a(lib_a-init.o)
                0x4a00df3c                __libc_init_array
 .text.__smakebuf_r
                0x4a00dfd4      0x180 c:/marmalade/7.4/s3e/gcc/win32/bin/../lib/gcc/arm-none-eabi/4.8.3/../../../../arm-none-eabi/lib/armv6\libc.a(lib_a-makebuf.o)
                0x4a00dfd4                __smakebuf_r
 .text.memchr   0x4a00e154      0x114 c:/marmalade/7.4/s3e/gcc/win32/bin/../lib/gcc/arm-none-eabi/4.8.3/../../../../arm-none-eabi/lib/armv6\libc.a(lib_a-memchr-stub.o)
                0x4a00e154                memchr
 .text.memcmp   0x4a00e268       0xb4 c:/marmalade/7.4/s3e/gcc/win32/bin/../lib/gcc/arm-none-eabi/4.8.3/../../../../arm-none-eabi/lib/armv6\libc.a(lib_a-memcmp.o)
                0x4a00e268                memcmp
 .text.memcpy   0x4a00e31c       0xf0 c:/marmalade/7.4/s3e/gcc/win32/bin/../lib/gcc/arm-none-eabi/4.8.3/../../../../arm-none-eabi/lib/armv6\libc.a(lib_a-memcpy-stub.o)
                0x4a00e31c                memcpy
 .text.memmove  0x4a00e40c      0x134 c:/marmalade/7.4/s3e/gcc/win32/bin/../lib/gcc/arm-none-eabi/4.8.3/../../../../arm-none-eabi/lib/armv6\libc.a(lib_a-memmove.o)
                0x4a00e40c                memmove
 .text.memset   0x4a00e540       0xf4 c:/marmalade/7.4/s3e/gcc/win32/bin/../lib/gcc/arm-none-eabi/4.8.3/../../../../arm-none-eabi/lib/armv6\libc.a(lib_a-memset.o)
                0x4a00e540                memset
 .text._putc_r  0x4a00e634       0xa0 c:/marmalade/7.4/s3e/gcc/win32/bin/../lib/gcc/arm-none-eabi/4.8.3/../../../../arm-none-eabi/lib/armv6\libc.a(lib_a-putc.o)
                0x4a00e634                _putc_r
 .text._puts_r  0x4a00e6d4       0x90 c:/marmalade/7.4/s3e/gcc/win32/bin/../lib/gcc/arm-none-eabi/4.8.3/../../../../arm-none-eabi/lib/armv6\libc.a(lib_a-puts.o)
                0x4a00e6d4                _puts_r
 .text.puts     0x4a00e764       0x24 c:/marmalade/7.4/s3e/gcc/win32/bin/../lib/gcc/arm-none-eabi/4.8.3/../../../../arm-none-eabi/lib/armv6\libc.a(lib_a-puts.o)
                0x4a00e764                puts
 .text.snprintf
                0x4a00e788       0xac c:/marmalade/7.4/s3e/gcc/win32/bin/../lib/gcc/arm-none-eabi/4.8.3/../../../../arm-none-eabi/lib/armv6\libc.a(lib_a-snprintf.o)
                0x4a00e788                snprintf
 .text.sprintf  0x4a00e834       0x7c c:/marmalade/7.4/s3e/gcc/win32/bin/../lib/gcc/arm-none-eabi/4.8.3/../../../../arm-none-eabi/lib/armv6\libc.a(lib_a-sprintf.o)
                0x4a00e834                sprintf
 .text.__sread  0x4a00e8b0       0x30 c:/marmalade/7.4/s3e/gcc/win32/bin/../lib/gcc/arm-none-eabi/4.8.3/../../../../arm-none-eabi/lib/armv6\libc.a(lib_a-stdio.o)
                0x4a00e8b0                __sread
 .text.__seofread
                0x4a00e8e0        0x8 c:/marmalade/7.4/s3e/gcc/win32/bin/../lib/gcc/arm-none-eabi/4.8.3/../../../../arm-none-eabi/lib/armv6\libc.a(lib_a-stdio.o)
                0x4a00e8e0                __seofread
 .text.__swrite
                0x4a00e8e8       0x54 c:/marmalade/7.4/s3e/gcc/win32/bin/../lib/gcc/arm-none-eabi/4.8.3/../../../../arm-none-eabi/lib/armv6\libc.a(lib_a-stdio.o)
                0x4a00e8e8                __swrite
 .text.__sseek  0x4a00e93c       0x2c c:/marmalade/7.4/s3e/gcc/win32/bin/../lib/gcc/arm-none-eabi/4.8.3/../../../../arm-none-eabi/lib/armv6\libc.a(lib_a-stdio.o)
                0x4a00e93c                __sseek
 .text.__sclose
                0x4a00e968        0x8 c:/marmalade/7.4/s3e/gcc/win32/bin/../lib/gcc/arm-none-eabi/4.8.3/../../../../arm-none-eabi/lib/armv6\libc.a(lib_a-stdio.o)
                0x4a00e968                __sclose
 .text.strchr   0x4a00e970      0x1c8 c:/marmalade/7.4/s3e/gcc/win32/bin/../lib/gcc/arm-none-eabi/4.8.3/../../../../arm-none-eabi/lib/armv6\libc.a(lib_a-strchr.o)
                0x4a00e970                strchr
 .text          0x4a00eb38      0x280 c:/marmalade/7.4/s3e/gcc/win32/bin/../lib/gcc/arm-none-eabi/4.8.3/../../../../arm-none-eabi/lib/armv6\libc.a(lib_a-strcmp.o)
                0x4a00eb38                strcmp
 .text.strcpy   0x4a00edb8       0xf0 c:/marmalade/7.4/s3e/gcc/win32/bin/../lib/gcc/arm-none-eabi/4.8.3/../../../../arm-none-eabi/lib/armv6\libc.a(lib_a-strcpy.o)
                0x4a00edb8                strcpy
 .text.strlen   0x4a00eea8       0x5c c:/marmalade/7.4/s3e/gcc/win32/bin/../lib/gcc/arm-none-eabi/4.8.3/../../../../arm-none-eabi/lib/armv6\libc.a(lib_a-strlen.o)
                0x4a00eea8                strlen
 .text.strncat  0x4a00ef04       0xc0 c:/marmalade/7.4/s3e/gcc/win32/bin/../lib/gcc/arm-none-eabi/4.8.3/../../../../arm-none-eabi/lib/armv6\libc.a(lib_a-strncat.o)
                0x4a00ef04                strncat
 .text.strncmp  0x4a00efc4      0x160 c:/marmalade/7.4/s3e/gcc/win32/bin/../lib/gcc/arm-none-eabi/4.8.3/../../../../arm-none-eabi/lib/armv6\libc.a(lib_a-strncmp.o)
                0x4a00efc4                strncmp
 .text.strncpy  0x4a00f124       0xd4 c:/marmalade/7.4/s3e/gcc/win32/bin/../lib/gcc/arm-none-eabi/4.8.3/../../../../arm-none-eabi/lib/armv6\libc.a(lib_a-strncpy.o)
                0x4a00f124                strncpy
 .text._svfprintf_r
                0x4a00f1f8     0x20f4 c:/marmalade/7.4/s3e/gcc/win32/bin/../lib/gcc/arm-none-eabi/4.8.3/../../../../arm-none-eabi/lib/armv6\libc.a(lib_a-svfprintf.o)
                0x4a00f1f8                _svfprintf_r
 .text.tzset    0x4a0112ec       0x20 c:/marmalade/7.4/s3e/gcc/win32/bin/../lib/gcc/arm-none-eabi/4.8.3/../../../../arm-none-eabi/lib/armv6\libc.a(lib_a-tzset.o)
                0x4a0112ec                tzset
 .text._tzset_r
                0x4a01130c      0x530 c:/marmalade/7.4/s3e/gcc/win32/bin/../lib/gcc/arm-none-eabi/4.8.3/../../../../arm-none-eabi/lib/armv6\libc.a(lib_a-tzset_r.o)
                0x4a01130c                _tzset_r
 .text._vsnprintf_r
                0x4a01183c       0x80 c:/marmalade/7.4/s3e/gcc/win32/bin/../lib/gcc/arm-none-eabi/4.8.3/../../../../arm-none-eabi/lib/armv6\libc.a(lib_a-vsnprintf.o)
                0x4a01183c                _vsnprintf_r
 .text.vsnprintf
                0x4a0118bc       0x48 c:/marmalade/7.4/s3e/gcc/win32/bin/../lib/gcc/arm-none-eabi/4.8.3/../../../../arm-none-eabi/lib/armv6\libc.a(lib_a-vsnprintf.o)
                0x4a0118bc                vsnprintf
 .text.__swbuf_r
                0x4a011904      0x120 c:/marmalade/7.4/s3e/gcc/win32/bin/../lib/gcc/arm-none-eabi/4.8.3/../../../../arm-none-eabi/lib/armv6\libc.a(lib_a-wbuf.o)
                0x4a011904                __swbuf_r
 .text._write_r
                0x4a011a24       0x50 c:/marmalade/7.4/s3e/gcc/win32/bin/../lib/gcc/arm-none-eabi/4.8.3/../../../../arm-none-eabi/lib/armv6\libc.a(lib_a-writer.o)
                0x4a011a24                _write_r
 .text.__swsetup_r
                0x4a011a74      0x164 c:/marmalade/7.4/s3e/gcc/win32/bin/../lib/gcc/arm-none-eabi/4.8.3/../../../../arm-none-eabi/lib/armv6\libc.a(lib_a-wsetup.o)
                0x4a011a74                __swsetup_r
 .text.__register_exitproc
                0x4a011bd8      0x104 c:/marmalade/7.4/s3e/gcc/win32/bin/../lib/gcc/arm-none-eabi/4.8.3/../../../../arm-none-eabi/lib/armv6\libc.a(lib_a-__atexit.o)
                0x4a011bd8                __register_exitproc
 .text._close_r
                0x4a011cdc       0x48 c:/marmalade/7.4/s3e/gcc/win32/bin/../lib/gcc/arm-none-eabi/4.8.3/../../../../arm-none-eabi/lib/armv6\libc.a(lib_a-closer.o)
                0x4a011cdc                _close_r
 .text.quorem   0x4a011d24      0x1c4 c:/marmalade/7.4/s3e/gcc/win32/bin/../lib/gcc/arm-none-eabi/4.8.3/../../../../arm-none-eabi/lib/armv6\libc.a(lib_a-dtoa.o)
 .text._dtoa_r  0x4a011ee8     0x16fc c:/marmalade/7.4/s3e/gcc/win32/bin/../lib/gcc/arm-none-eabi/4.8.3/../../../../arm-none-eabi/lib/armv6\libc.a(lib_a-dtoa.o)
                0x4a011ee8                _dtoa_r
 .text.__sflush_r
                0x4a0135e4      0x240 c:/marmalade/7.4/s3e/gcc/win32/bin/../lib/gcc/arm-none-eabi/4.8.3/../../../../arm-none-eabi/lib/armv6\libc.a(lib_a-fflush.o)
                0x4a0135e4                __sflush_r
 .text._fflush_r
                0x4a013824       0x50 c:/marmalade/7.4/s3e/gcc/win32/bin/../lib/gcc/arm-none-eabi/4.8.3/../../../../arm-none-eabi/lib/armv6\libc.a(lib_a-fflush.o)
                0x4a013824                _fflush_r
 .text._cleanup_r
                0x4a013874       0x1c c:/marmalade/7.4/s3e/gcc/win32/bin/../lib/gcc/arm-none-eabi/4.8.3/../../../../arm-none-eabi/lib/armv6\libc.a(lib_a-findfp.o)
                0x4a013874                _cleanup_r
 .text.__sfp_lock_acquire
                0x4a013890        0x4 c:/marmalade/7.4/s3e/gcc/win32/bin/../lib/gcc/arm-none-eabi/4.8.3/../../../../arm-none-eabi/lib/armv6\libc.a(lib_a-findfp.o)
                0x4a013890                __sfp_lock_acquire
 .text.__sfp_lock_release
                0x4a013894        0x4 c:/marmalade/7.4/s3e/gcc/win32/bin/../lib/gcc/arm-none-eabi/4.8.3/../../../../arm-none-eabi/lib/armv6\libc.a(lib_a-findfp.o)
                0x4a013894                __sfp_lock_release
 .text.__sinit_lock_acquire
                0x4a013898        0x4 c:/marmalade/7.4/s3e/gcc/win32/bin/../lib/gcc/arm-none-eabi/4.8.3/../../../../arm-none-eabi/lib/armv6\libc.a(lib_a-findfp.o)
                0x4a013898                __sinit_lock_acquire
 .text.__sinit_lock_release
                0x4a01389c        0x4 c:/marmalade/7.4/s3e/gcc/win32/bin/../lib/gcc/arm-none-eabi/4.8.3/../../../../arm-none-eabi/lib/armv6\libc.a(lib_a-findfp.o)
                0x4a01389c                __sinit_lock_release
 .text.__sinit  0x4a0138a0      0x18c c:/marmalade/7.4/s3e/gcc/win32/bin/../lib/gcc/arm-none-eabi/4.8.3/../../../../arm-none-eabi/lib/armv6\libc.a(lib_a-findfp.o)
                0x4a0138a0                __sinit
 .text._fwalk   0x4a013a2c       0x78 c:/marmalade/7.4/s3e/gcc/win32/bin/../lib/gcc/arm-none-eabi/4.8.3/../../../../arm-none-eabi/lib/armv6\libc.a(lib_a-fwalk.o)
                0x4a013a2c                _fwalk
 .text._findenv_r
                0x4a013aa4       0xe4 c:/marmalade/7.4/s3e/gcc/win32/bin/../lib/gcc/arm-none-eabi/4.8.3/../../../../arm-none-eabi/lib/armv6\libc.a(lib_a-getenv_r.o)
                0x4a013aa4                _findenv_r
 .text._getenv_r
                0x4a013b88       0x18 c:/marmalade/7.4/s3e/gcc/win32/bin/../lib/gcc/arm-none-eabi/4.8.3/../../../../arm-none-eabi/lib/armv6\libc.a(lib_a-getenv_r.o)
                0x4a013b88                _getenv_r
 .text.__gettzinfo
                0x4a013ba0       0x10 c:/marmalade/7.4/s3e/gcc/win32/bin/../lib/gcc/arm-none-eabi/4.8.3/../../../../arm-none-eabi/lib/armv6\libc.a(lib_a-gettzinfo.o)
                0x4a013ba0                __gettzinfo
 .text._isatty_r
                0x4a013bb0       0x48 c:/marmalade/7.4/s3e/gcc/win32/bin/../lib/gcc/arm-none-eabi/4.8.3/../../../../arm-none-eabi/lib/armv6\libc.a(lib_a-isattyr.o)
                0x4a013bb0                _isatty_r
 .text.__locale_charset
                0x4a013bf8       0x10 c:/marmalade/7.4/s3e/gcc/win32/bin/../lib/gcc/arm-none-eabi/4.8.3/../../../../arm-none-eabi/lib/armv6\libc.a(lib_a-locale.o)
                0x4a013bf8                __locale_charset
 .text.__locale_mb_cur_max
                0x4a013c08       0x20 c:/marmalade/7.4/s3e/gcc/win32/bin/../lib/gcc/arm-none-eabi/4.8.3/../../../../arm-none-eabi/lib/armv6\libc.a(lib_a-locale.o)
                0x4a013c08                __locale_mb_cur_max
 .text._localeconv_r
                0x4a013c28       0x10 c:/marmalade/7.4/s3e/gcc/win32/bin/../lib/gcc/arm-none-eabi/4.8.3/../../../../arm-none-eabi/lib/armv6\libc.a(lib_a-locale.o)
                0x4a013c28                _localeconv_r
 .text._lseek_r
                0x4a013c38       0x50 c:/marmalade/7.4/s3e/gcc/win32/bin/../lib/gcc/arm-none-eabi/4.8.3/../../../../arm-none-eabi/lib/armv6\libc.a(lib_a-lseekr.o)
                0x4a013c38                _lseek_r
 .text.__tzcalc_limits
                0x4a013c88      0x258 c:/marmalade/7.4/s3e/gcc/win32/bin/../lib/gcc/arm-none-eabi/4.8.3/../../../../arm-none-eabi/lib/armv6\libc.a(lib_a-mktm_r.o)
                0x4a013c88                __tzcalc_limits
 .text._Balloc  0x4a013ee0       0x8c c:/marmalade/7.4/s3e/gcc/win32/bin/../lib/gcc/arm-none-eabi/4.8.3/../../../../arm-none-eabi/lib/armv6\libc.a(lib_a-mprec.o)
                0x4a013ee0                _Balloc
 .text._Bfree   0x4a013f6c       0x1c c:/marmalade/7.4/s3e/gcc/win32/bin/../lib/gcc/arm-none-eabi/4.8.3/../../../../arm-none-eabi/lib/armv6\libc.a(lib_a-mprec.o)
                0x4a013f6c                _Bfree
 .text.__multadd
                0x4a013f88       0xc8 c:/marmalade/7.4/s3e/gcc/win32/bin/../lib/gcc/arm-none-eabi/4.8.3/../../../../arm-none-eabi/lib/armv6\libc.a(lib_a-mprec.o)
                0x4a013f88                __multadd
 .text.__hi0bits
                0x4a014050       0x5c c:/marmalade/7.4/s3e/gcc/win32/bin/../lib/gcc/arm-none-eabi/4.8.3/../../../../arm-none-eabi/lib/armv6\libc.a(lib_a-mprec.o)
                0x4a014050                __hi0bits
 .text.__lo0bits
                0x4a0140ac       0x98 c:/marmalade/7.4/s3e/gcc/win32/bin/../lib/gcc/arm-none-eabi/4.8.3/../../../../arm-none-eabi/lib/armv6\libc.a(lib_a-mprec.o)
                0x4a0140ac                __lo0bits
 .text.__i2b    0x4a014144       0x20 c:/marmalade/7.4/s3e/gcc/win32/bin/../lib/gcc/arm-none-eabi/4.8.3/../../../../arm-none-eabi/lib/armv6\libc.a(lib_a-mprec.o)
                0x4a014144                __i2b
 .text.__multiply
                0x4a014164      0x1c8 c:/marmalade/7.4/s3e/gcc/win32/bin/../lib/gcc/arm-none-eabi/4.8.3/../../../../arm-none-eabi/lib/armv6\libc.a(lib_a-mprec.o)
                0x4a014164                __multiply
 .text.__pow5mult
                0x4a01432c       0xec c:/marmalade/7.4/s3e/gcc/win32/bin/../lib/gcc/arm-none-eabi/4.8.3/../../../../arm-none-eabi/lib/armv6\libc.a(lib_a-mprec.o)
                0x4a01432c                __pow5mult
 .text.__lshift
                0x4a014418      0x108 c:/marmalade/7.4/s3e/gcc/win32/bin/../lib/gcc/arm-none-eabi/4.8.3/../../../../arm-none-eabi/lib/armv6\libc.a(lib_a-mprec.o)
                0x4a014418                __lshift
 .text.__mcmp   0x4a014520       0x60 c:/marmalade/7.4/s3e/gcc/win32/bin/../lib/gcc/arm-none-eabi/4.8.3/../../../../arm-none-eabi/lib/armv6\libc.a(lib_a-mprec.o)
                0x4a014520                __mcmp
 .text.__mdiff  0x4a014580      0x134 c:/marmalade/7.4/s3e/gcc/win32/bin/../lib/gcc/arm-none-eabi/4.8.3/../../../../arm-none-eabi/lib/armv6\libc.a(lib_a-mprec.o)
                0x4a014580                __mdiff
 .text.__d2b    0x4a0146b4      0x114 c:/marmalade/7.4/s3e/gcc/win32/bin/../lib/gcc/arm-none-eabi/4.8.3/../../../../arm-none-eabi/lib/armv6\libc.a(lib_a-mprec.o)
                0x4a0146b4                __d2b
 .text._read_r  0x4a0147c8       0x50 c:/marmalade/7.4/s3e/gcc/win32/bin/../lib/gcc/arm-none-eabi/4.8.3/../../../../arm-none-eabi/lib/armv6\libc.a(lib_a-readr.o)
                0x4a0147c8                _read_r
 .text.__fpclassifyd
                0x4a014818       0x6c c:/marmalade/7.4/s3e/gcc/win32/bin/../lib/gcc/arm-none-eabi/4.8.3/../../../../arm-none-eabi/lib/armv6\libc.a(lib_a-s_fpclassify.o)
                0x4a014818                __fpclassifyd
 .text.siscanf  0x4a014884       0x94 c:/marmalade/7.4/s3e/gcc/win32/bin/../lib/gcc/arm-none-eabi/4.8.3/../../../../arm-none-eabi/lib/armv6\libc.a(lib_a-siscanf.o)
                0x4a014884                siscanf
 .text._strtoul_r
                0x4a014918      0x1f0 c:/marmalade/7.4/s3e/gcc/win32/bin/../lib/gcc/arm-none-eabi/4.8.3/../../../../arm-none-eabi/lib/armv6\libc.a(lib_a-strtoul.o)
                0x4a014918                _strtoul_r
 .text.strtoul  0x4a014b08       0x38 c:/marmalade/7.4/s3e/gcc/win32/bin/../lib/gcc/arm-none-eabi/4.8.3/../../../../arm-none-eabi/lib/armv6\libc.a(lib_a-strtoul.o)
                0x4a014b08                strtoul
 .text.__ssprint_r
                0x4a014b40      0x1a4 c:/marmalade/7.4/s3e/gcc/win32/bin/../lib/gcc/arm-none-eabi/4.8.3/../../../../arm-none-eabi/lib/armv6\libc.a(lib_a-svfiprintf.o)
                0x4a014b40                __ssprint_r
 .text._sungetc_r
                0x4a014ce4       0xe8 c:/marmalade/7.4/s3e/gcc/win32/bin/../lib/gcc/arm-none-eabi/4.8.3/../../../../arm-none-eabi/lib/armv6\libc.a(lib_a-svfiscanf.o)
                0x4a014ce4                _sungetc_r
 .text.__ssrefill_r
                0x4a014dcc       0x68 c:/marmalade/7.4/s3e/gcc/win32/bin/../lib/gcc/arm-none-eabi/4.8.3/../../../../arm-none-eabi/lib/armv6\libc.a(lib_a-svfiscanf.o)
                0x4a014dcc                __ssrefill_r
 .text._sfread_r
                0x4a014e34       0xc4 c:/marmalade/7.4/s3e/gcc/win32/bin/../lib/gcc/arm-none-eabi/4.8.3/../../../../arm-none-eabi/lib/armv6\libc.a(lib_a-svfiscanf.o)
                0x4a014e34                _sfread_r
 .text.__ssvfiscanf_r
                0x4a014ef8      0xfd8 c:/marmalade/7.4/s3e/gcc/win32/bin/../lib/gcc/arm-none-eabi/4.8.3/../../../../arm-none-eabi/lib/armv6\libc.a(lib_a-svfiscanf.o)
                0x4a014ef8                __ssvfiscanf_r
 .text.__tz_lock
                0x4a015ed0        0x4 c:/marmalade/7.4/s3e/gcc/win32/bin/../lib/gcc/arm-none-eabi/4.8.3/../../../../arm-none-eabi/lib/armv6\libc.a(lib_a-tzlock.o)
                0x4a015ed0                __tz_lock
 .text.__tz_unlock
                0x4a015ed4        0x4 c:/marmalade/7.4/s3e/gcc/win32/bin/../lib/gcc/arm-none-eabi/4.8.3/../../../../arm-none-eabi/lib/armv6\libc.a(lib_a-tzlock.o)
                0x4a015ed4                __tz_unlock
 .text.__submore
                0x4a015ed8       0xa8 c:/marmalade/7.4/s3e/gcc/win32/bin/../lib/gcc/arm-none-eabi/4.8.3/../../../../arm-none-eabi/lib/armv6\libc.a(lib_a-ungetc.o)
                0x4a015ed8                __submore
 .text.__env_lock
                0x4a015f80        0x4 c:/marmalade/7.4/s3e/gcc/win32/bin/../lib/gcc/arm-none-eabi/4.8.3/../../../../arm-none-eabi/lib/armv6\libc.a(lib_a-envlock.o)
                0x4a015f80                __env_lock
 .text.__env_unlock
                0x4a015f84        0x4 c:/marmalade/7.4/s3e/gcc/win32/bin/../lib/gcc/arm-none-eabi/4.8.3/../../../../arm-none-eabi/lib/armv6\libc.a(lib_a-envlock.o)
                0x4a015f84                __env_unlock
 .text._fclose_r
                0x4a015f88       0xe8 c:/marmalade/7.4/s3e/gcc/win32/bin/../lib/gcc/arm-none-eabi/4.8.3/../../../../arm-none-eabi/lib/armv6\libc.a(lib_a-fclose.o)
                0x4a015f88                _fclose_r
 .text.fclose   0x4a016070       0x24 c:/marmalade/7.4/s3e/gcc/win32/bin/../lib/gcc/arm-none-eabi/4.8.3/../../../../arm-none-eabi/lib/armv6\libc.a(lib_a-fclose.o)
                0x4a016070                fclose
 .text.iswspace
                0x4a016094       0x40 c:/marmalade/7.4/s3e/gcc/win32/bin/../lib/gcc/arm-none-eabi/4.8.3/../../../../arm-none-eabi/lib/armv6\libc.a(lib_a-iswspace.o)
                0x4a016094                iswspace
 .text._mbrtowc_r
                0x4a0160d4       0xa8 c:/marmalade/7.4/s3e/gcc/win32/bin/../lib/gcc/arm-none-eabi/4.8.3/../../../../arm-none-eabi/lib/armv6\libc.a(lib_a-mbrtowc.o)
                0x4a0160d4                _mbrtowc_r
 .text.__ascii_mbtowc
                0x4a01617c       0x4c c:/marmalade/7.4/s3e/gcc/win32/bin/../lib/gcc/arm-none-eabi/4.8.3/../../../../arm-none-eabi/lib/armv6\libc.a(lib_a-mbtowc_r.o)
                0x4a01617c                __ascii_mbtowc
 .text.__sccl   0x4a0161c8       0xd4 c:/marmalade/7.4/s3e/gcc/win32/bin/../lib/gcc/arm-none-eabi/4.8.3/../../../../arm-none-eabi/lib/armv6\libc.a(lib_a-sccl.o)
                0x4a0161c8                __sccl
 .text._strtol_r
                0x4a01629c      0x1e8 c:/marmalade/7.4/s3e/gcc/win32/bin/../lib/gcc/arm-none-eabi/4.8.3/../../../../arm-none-eabi/lib/armv6\libc.a(lib_a-strtol.o)
                0x4a01629c                _strtol_r
 .text._strtoll_r
                0x4a016484      0x2a0 c:/marmalade/7.4/s3e/gcc/win32/bin/../lib/gcc/arm-none-eabi/4.8.3/../../../../arm-none-eabi/lib/armv6\libc.a(lib_a-strtoll_r.o)
                0x4a016484                _strtoll_r
 .text._strtoull_r
                0x4a016724      0x28c c:/marmalade/7.4/s3e/gcc/win32/bin/../lib/gcc/arm-none-eabi/4.8.3/../../../../arm-none-eabi/lib/armv6\libc.a(lib_a-strtoull_r.o)
                0x4a016724                _strtoull_r
 .text          0x4a0169b0      0x20c c:/marmalade/7.4/s3e/gcc/win32/bin/../lib/gcc/arm-none-eabi/4.8.3/armv6\libgcc.a(_udivsi3.o)
                0x4a0169b0                __aeabi_uidiv
                0x4a0169b0                __udivsi3
                0x4a016b9c                __aeabi_uidivmod
 .text          0x4a016bbc      0x240 c:/marmalade/7.4/s3e/gcc/win32/bin/../lib/gcc/arm-none-eabi/4.8.3/armv6\libgcc.a(_divsi3.o)
                0x4a016bbc                __divsi3
                0x4a016bbc                __aeabi_idiv
                0x4a016ddc                __aeabi_idivmod
 .text          0x4a016dfc        0x4 c:/marmalade/7.4/s3e/gcc/win32/bin/../lib/gcc/arm-none-eabi/4.8.3/armv6\libgcc.a(_dvmd_tls.o)
                0x4a016dfc                __aeabi_idiv0
                0x4a016dfc                __aeabi_ldiv0
 .text          0x4a016e00      0x3b8 c:/marmalade/7.4/s3e/gcc/win32/bin/../lib/gcc/arm-none-eabi/4.8.3/armv6\libgcc.a(_arm_addsubdf3.o)
                0x4a016e00                __aeabi_drsub
                0x4a016e08                __aeabi_dsub
                0x4a016e08                __subdf3
                0x4a016e0c                __aeabi_dadd
                0x4a016e0c                __adddf3
                0x4a0170b8                __floatunsidf
                0x4a0170b8                __aeabi_ui2d
                0x4a0170dc                __floatsidf
                0x4a0170dc                __aeabi_i2d
                0x4a017104                __aeabi_f2d
                0x4a017104                __extendsfdf2
                0x4a017144                __floatundidf
                0x4a017144                __aeabi_ul2d
                0x4a017158                __floatdidf
                0x4a017158                __aeabi_l2d
 .text          0x4a0171b8      0x470 c:/marmalade/7.4/s3e/gcc/win32/bin/../lib/gcc/arm-none-eabi/4.8.3/armv6\libgcc.a(_arm_muldivdf3.o)
                0x4a0171b8                __aeabi_dmul
                0x4a0171b8                __muldf3
                0x4a017424                __divdf3
                0x4a017424                __aeabi_ddiv
 .text          0x4a017628      0x12c c:/marmalade/7.4/s3e/gcc/win32/bin/../lib/gcc/arm-none-eabi/4.8.3/armv6\libgcc.a(_arm_cmpdf2.o)
                0x4a017628                __gtdf2
                0x4a017628                __gedf2
                0x4a017630                __ltdf2
                0x4a017630                __ledf2
                0x4a017638                __nedf2
                0x4a017638                __eqdf2
                0x4a017638                __cmpdf2
                0x4a0176c0                __aeabi_cdrcmple
                0x4a0176dc                __aeabi_cdcmpeq
                0x4a0176dc                __aeabi_cdcmple
                0x4a0176f0                __aeabi_dcmpeq
                0x4a017704                __aeabi_dcmplt
                0x4a017718                __aeabi_dcmple
                0x4a01772c                __aeabi_dcmpge
                0x4a017740                __aeabi_dcmpgt
 .text          0x4a017754       0x5c c:/marmalade/7.4/s3e/gcc/win32/bin/../lib/gcc/arm-none-eabi/4.8.3/armv6\libgcc.a(_arm_fixdfsi.o)
                0x4a017754                __aeabi_d2iz
                0x4a017754                __fixdfsi
 .text          0x4a0177b0       0x44 c:/marmalade/7.4/s3e/gcc/win32/bin/../lib/gcc/arm-none-eabi/4.8.3/armv6\libgcc.a(_aeabi_ldivmod.o)
                0x4a0177b0                __aeabi_ldivmod
 .text          0x4a0177f4       0x3c c:/marmalade/7.4/s3e/gcc/win32/bin/../lib/gcc/arm-none-eabi/4.8.3/armv6\libgcc.a(_aeabi_uldivmod.o)
                0x4a0177f4                __aeabi_uldivmod
 .text          0x4a017830       0x78 c:/marmalade/7.4/s3e/gcc/win32/bin/../lib/gcc/arm-none-eabi/4.8.3/armv6\libgcc.a(bpabi.o)
                0x4a017830                __gnu_ldivmod_helper
                0x4a01786c                __gnu_uldivmod_helper
 .text          0x4a0178a8     0x100c c:/marmalade/7.4/s3e/gcc/win32/bin/../lib/gcc/arm-none-eabi/4.8.3/armv6\libgcc.a(unwind-arm.o)
                0x4a017d5c                _Unwind_GetCFA
                0x4a017d64                __gnu_Unwind_RaiseException
                0x4a017e0c                __gnu_Unwind_ForcedUnwind
                0x4a017e30                __gnu_Unwind_Resume
                0x4a017ea4                __gnu_Unwind_Resume_or_Rethrow
                0x4a017ec4                _Unwind_Complete
                0x4a017ec8                _Unwind_DeleteException
                0x4a017ee8                _Unwind_VRS_Get
                0x4a017f70                _Unwind_VRS_Set
                0x4a017ffc                __gnu_Unwind_Backtrace
                0x4a018510                __aeabi_unwind_cpp_pr0
                0x4a018518                __aeabi_unwind_cpp_pr1
                0x4a018520                __aeabi_unwind_cpp_pr2
                0x4a018528                _Unwind_VRS_Pop
 .text          0x4a0188b4      0x1a8 c:/marmalade/7.4/s3e/gcc/win32/bin/../lib/gcc/arm-none-eabi/4.8.3/armv6\libgcc.a(libunwind.o)
                0x4a0188b4                __restore_core_regs
                0x4a0188b4                restore_core_regs
                0x4a0188c8                __gnu_Unwind_Restore_VFP
                0x4a0188d0                __gnu_Unwind_Save_VFP
                0x4a0188d8                __gnu_Unwind_Restore_VFP_D
                0x4a0188e0                __gnu_Unwind_Save_VFP_D
                0x4a0188e8                __gnu_Unwind_Restore_VFP_D_16_to_31
                0x4a0188f0                __gnu_Unwind_Save_VFP_D_16_to_31
                0x4a0188f8                __gnu_Unwind_Restore_WMMXD
                0x4a01893c                __gnu_Unwind_Save_WMMXD
                0x4a018980                __gnu_Unwind_Restore_WMMXC
                0x4a018994                __gnu_Unwind_Save_WMMXC
                0x4a0189a8                ___Unwind_RaiseException
                0x4a0189a8                _Unwind_RaiseException
                0x4a0189cc                _Unwind_Resume
                0x4a0189cc                ___Unwind_Resume
                0x4a0189f0                _Unwind_Resume_or_Rethrow
                0x4a0189f0                ___Unwind_Resume_or_Rethrow
                0x4a018a14                _Unwind_ForcedUnwind
                0x4a018a14                ___Unwind_ForcedUnwind
                0x4a018a38                ___Unwind_Backtrace
                0x4a018a38                _Unwind_Backtrace
 .text          0x4a018a5c      0x4ac c:/marmalade/7.4/s3e/gcc/win32/bin/../lib/gcc/arm-none-eabi/4.8.3/armv6\libgcc.a(pr-support.o)
                0x4a018aec                __gnu_unwind_execute
                0x4a018e88                __gnu_unwind_frame
                0x4a018ecc                _Unwind_GetRegionStart
                0x4a018edc                _Unwind_GetLanguageSpecificData
                0x4a018ef8                _Unwind_GetDataRelBase
                0x4a018f00                _Unwind_GetTextRelBase
 .text          0x4a018f08      0x480 c:/marmalade/7.4/s3e/gcc/win32/bin/../lib/gcc/arm-none-eabi/4.8.3/armv6\libgcc.a(_divdi3.o)
                0x4a018f08                __divdi3
 .text          0x4a019388      0x424 c:/marmalade/7.4/s3e/gcc/win32/bin/../lib/gcc/arm-none-eabi/4.8.3/armv6\libgcc.a(_udivdi3.o)
                0x4a019388                __udivdi3
 *(.text.*personality*)
 *(.gnu.warning)
 *(.glue_7t)
 .glue_7t       0x00000000        0x0 linker stubs
 *(.glue_7)
 .glue_7        0x00000000        0x0 linker stubs

.vfp11_veneer   0x4a0197ac        0x0
 .vfp11_veneer  0x00000000        0x0 linker stubs

.v4_bx          0x4a0197ac        0x0
 .v4_bx         0x00000000        0x0 linker stubs

.iplt           0x4a0197ac        0x0
 .iplt          0x00000000        0x0 c:/marmalade/7.4/s3e/gcc/win32/bin/../lib/gcc/arm-none-eabi/4.8.3/armv6/crti.o

.fini           0x4a0197ac       0x18
 *(.fini)
 .fini          0x4a0197ac        0xc c:/marmalade/7.4/s3e/gcc/win32/bin/../lib/gcc/arm-none-eabi/4.8.3/armv6/crti.o
                0x4a0197ac                _fini
 .fini          0x4a0197b8        0xc c:/marmalade/7.4/s3e/gcc/win32/bin/../lib/gcc/arm-none-eabi/4.8.3/armv6/crtn.o
                0x4a0197c4                PROVIDE (__etext, .)
                0x4a0197c4                PROVIDE (_etext, .)
                0x4a0197c4                PROVIDE (etext, .)

.rodata         0x4a0197c8     0x1414
 *(.rodata .rodata.* .gnu.linkonce.r.*)
 .rodata.str1.4
                0x4a0197c8       0x3d Release_HelloWorld_vc12x_gcc_arm/HelloWorld.obj
                                 0x40 (size before relaxing)
 *fill*         0x4a019805        0x3 
 .rodata.str1.4
                0x4a019808      0x598 c:/marmalade/7.4/s3e/lib/arm/v6/nofpu/soft\libs3e_cpp.a(dll_main.obj)
                                0x5a8 (size before relaxing)
 .rodata.str1.4
                0x4a019da0       0x82 c:/marmalade/7.4/s3e/lib/arm/v6/nofpu/soft\libs3e.a(iwcrt_common.o)
                                 0x84 (size before relaxing)
 *fill*         0x4a019e22        0x2 
 .rodata.str1.4
                0x4a019e24        0x7 c:/marmalade/7.4/s3e/lib/arm/v6/nofpu/soft\libs3e.a(stdlib.o)
                                  0x8 (size before relaxing)
 *fill*         0x4a019e2b        0x1 
 .rodata.str1.4
                0x4a019e2c       0x3c c:/marmalade/7.4/s3e/lib/arm/v6/nofpu/soft\libs3e.a(stdout.o)
                                 0x48 (size before relaxing)
 .rodata.str1.4
                0x4a019e68        0x6 c:/marmalade/7.4/s3e/lib/arm/v6/nofpu/soft\libs3e.a(IwDebug.o)
                                  0x8 (size before relaxing)
 *fill*         0x4a019e6e        0x2 
 .rodata.str1.4
                0x4a019e70       0x23 c:/marmalade/7.4/s3e/lib/arm/v6/nofpu/soft\libs3e.a(s3eThread_interface.o)
                                 0x24 (size before relaxing)
 *fill*         0x4a019e93        0x1 
 .rodata.str1.4
                0x4a019e94       0x74 c:/marmalade/7.4/s3e/lib/arm/v6/nofpu/soft\libs3e.a(iwcrt_gcc.o)
 .rodata.str1.4
                0x4a019f08       0x28 c:/marmalade/7.4/s3e/lib/arm/v6/nofpu/soft\libs3e.a(iwmain.o)
                                 0x2c (size before relaxing)
 .rodata._ZTSN10__cxxabiv115__forced_unwindE
                0x4a019f30       0x20 c:/marmalade/7.4/s3e/gcc/win32/bin/../lib/gcc/arm-none-eabi/4.8.3/../../../../arm-none-eabi/lib/armv6\libstdc++.a(eh_exception.o)
                0x4a019f30                typeinfo name for __cxxabiv1::__forced_unwind
 .rodata._ZTSN10__cxxabiv119__foreign_exceptionE
                0x4a019f50       0x24 c:/marmalade/7.4/s3e/gcc/win32/bin/../lib/gcc/arm-none-eabi/4.8.3/../../../../arm-none-eabi/lib/armv6\libstdc++.a(eh_exception.o)
                0x4a019f50                typeinfo name for __cxxabiv1::__foreign_exception
 .rodata.str1.4
                0x4a019f74       0x23 c:/marmalade/7.4/s3e/gcc/win32/bin/../lib/gcc/arm-none-eabi/4.8.3/../../../../arm-none-eabi/lib/armv6\libstdc++.a(eh_exception.o)
                                 0x24 (size before relaxing)
 *fill*         0x4a019f97        0x1 
 .rodata._ZTSSt9exception
                0x4a019f98       0x10 c:/marmalade/7.4/s3e/gcc/win32/bin/../lib/gcc/arm-none-eabi/4.8.3/../../../../arm-none-eabi/lib/armv6\libstdc++.a(eh_exception.o)
                0x4a019f98                typeinfo name for std::exception
 .rodata._ZTSSt13bad_exception
                0x4a019fa8       0x14 c:/marmalade/7.4/s3e/gcc/win32/bin/../lib/gcc/arm-none-eabi/4.8.3/../../../../arm-none-eabi/lib/armv6\libstdc++.a(eh_exception.o)
                0x4a019fa8                typeinfo name for std::bad_exception
 .rodata._ZTSN10__cxxabiv120__si_class_type_infoE
                0x4a019fbc       0x28 c:/marmalade/7.4/s3e/gcc/win32/bin/../lib/gcc/arm-none-eabi/4.8.3/../../../../arm-none-eabi/lib/armv6\libstdc++.a(si_class_type_info.o)
                0x4a019fbc                typeinfo name for __cxxabiv1::__si_class_type_info
 .rodata._ZTSSt9type_info
                0x4a019fe4       0x10 c:/marmalade/7.4/s3e/gcc/win32/bin/../lib/gcc/arm-none-eabi/4.8.3/../../../../arm-none-eabi/lib/armv6\libstdc++.a(tinfo.o)
                0x4a019fe4                typeinfo name for std::type_info
 .rodata._ZTSN10__cxxabiv117__class_type_infoE
                0x4a019ff4       0x24 c:/marmalade/7.4/s3e/gcc/win32/bin/../lib/gcc/arm-none-eabi/4.8.3/../../../../arm-none-eabi/lib/armv6\libstdc++.a(class_type_info.o)
                0x4a019ff4                typeinfo name for __cxxabiv1::__class_type_info
 .rodata.str1.4
                0x4a01a018       0x94 c:/marmalade/7.4/s3e/gcc/win32/bin/../lib/gcc/arm-none-eabi/4.8.3/../../../../arm-none-eabi/lib/armv6\libstdc++.a(vterminate.o)
 .rodata.str1.4
                0x4a01a0ac      0x7d6 c:/marmalade/7.4/s3e/gcc/win32/bin/../lib/gcc/arm-none-eabi/4.8.3/../../../../arm-none-eabi/lib/armv6\libstdc++.a(cp-demangle.o)
                                0x840 (size before relaxing)
 *fill*         0x4a01a882        0x2 
 .rodata.str1.4
                0x4a01a884        0x2 c:/marmalade/7.4/s3e/gcc/win32/bin/../lib/gcc/arm-none-eabi/4.8.3/../../../../arm-none-eabi/lib/armv6\libc.a(lib_a-impure.o)
                                  0x4 (size before relaxing)
 .rodata.str1.4
                0x00000000        0x2 c:/marmalade/7.4/s3e/gcc/win32/bin/../lib/gcc/arm-none-eabi/4.8.3/../../../../arm-none-eabi/lib/armv6\libc.a(lib_a-puts.o)
                                  0x4 (size before relaxing)
 *fill*         0x4a01a886        0x2 
 .rodata.blanks.6743
                0x4a01a888       0x10 c:/marmalade/7.4/s3e/gcc/win32/bin/../lib/gcc/arm-none-eabi/4.8.3/../../../../arm-none-eabi/lib/armv6\libc.a(lib_a-svfprintf.o)
 .rodata.str1.4
                0x4a01a898       0x42 c:/marmalade/7.4/s3e/gcc/win32/bin/../lib/gcc/arm-none-eabi/4.8.3/../../../../arm-none-eabi/lib/armv6\libc.a(lib_a-svfprintf.o)
                                 0x44 (size before relaxing)
 *fill*         0x4a01a8da        0x2 
 .rodata.zeroes.6744
                0x4a01a8dc       0x10 c:/marmalade/7.4/s3e/gcc/win32/bin/../lib/gcc/arm-none-eabi/4.8.3/../../../../arm-none-eabi/lib/armv6\libc.a(lib_a-svfprintf.o)
 .rodata.str1.4
                0x4a01a8ec       0x4f c:/marmalade/7.4/s3e/gcc/win32/bin/../lib/gcc/arm-none-eabi/4.8.3/../../../../arm-none-eabi/lib/armv6\libc.a(lib_a-tzset_r.o)
                                 0x54 (size before relaxing)
 .rodata.str1.4
                0x00000000        0x4 c:/marmalade/7.4/s3e/gcc/win32/bin/../lib/gcc/arm-none-eabi/4.8.3/../../../../arm-none-eabi/lib/armv6\libc.a(lib_a-tzvars.o)
 *fill*         0x4a01a93b        0x1 
 .rodata._ctype_
                0x4a01a93c      0x104 c:/marmalade/7.4/s3e/gcc/win32/bin/../lib/gcc/arm-none-eabi/4.8.3/../../../../arm-none-eabi/lib/armv6\libc.a(lib_a-ctype_.o)
                0x4a01a93c                _ctype_
 .rodata.str1.4
                0x4a01aa40       0x10 c:/marmalade/7.4/s3e/gcc/win32/bin/../lib/gcc/arm-none-eabi/4.8.3/../../../../arm-none-eabi/lib/armv6\libc.a(lib_a-dtoa.o)
                                 0x14 (size before relaxing)
 .rodata.str1.4
                0x4a01aa50        0x8 c:/marmalade/7.4/s3e/gcc/win32/bin/../lib/gcc/arm-none-eabi/4.8.3/../../../../arm-none-eabi/lib/armv6\libc.a(lib_a-locale.o)
                                 0x14 (size before relaxing)
 .rodata.mon_lengths
                0x4a01aa58       0x60 c:/marmalade/7.4/s3e/gcc/win32/bin/../lib/gcc/arm-none-eabi/4.8.3/../../../../arm-none-eabi/lib/armv6\libc.a(lib_a-mktm_r.o)
 .rodata.p05.5288
                0x4a01aab8        0xc c:/marmalade/7.4/s3e/gcc/win32/bin/../lib/gcc/arm-none-eabi/4.8.3/../../../../arm-none-eabi/lib/armv6\libc.a(lib_a-mprec.o)
 *fill*         0x4a01aac4        0x4 
 .rodata.__mprec_tens
                0x4a01aac8       0xc8 c:/marmalade/7.4/s3e/gcc/win32/bin/../lib/gcc/arm-none-eabi/4.8.3/../../../../arm-none-eabi/lib/armv6\libc.a(lib_a-mprec.o)
                0x4a01aac8                __mprec_tens
 .rodata.__mprec_bigtens
                0x4a01ab90       0x28 c:/marmalade/7.4/s3e/gcc/win32/bin/../lib/gcc/arm-none-eabi/4.8.3/../../../../arm-none-eabi/lib/armv6\libc.a(lib_a-mprec.o)
                0x4a01ab90                __mprec_bigtens
 .rodata.basefix.6159
                0x4a01abb8       0x24 c:/marmalade/7.4/s3e/gcc/win32/bin/../lib/gcc/arm-none-eabi/4.8.3/../../../../arm-none-eabi/lib/armv6\libc.a(lib_a-svfiscanf.o)
 .rodata.str1.4
                0x00000000        0x4 c:/marmalade/7.4/s3e/gcc/win32/bin/../lib/gcc/arm-none-eabi/4.8.3/../../../../arm-none-eabi/lib/armv6\libc.a(lib_a-mbrtowc.o)

.interp         0x4a01abdc       0x11
 .interp        0x4a01abdc       0x11 c:/marmalade/7.4/s3e/gcc/win32/bin/../lib/gcc/arm-none-eabi/4.8.3/armv6/crti.o

.rodata1
 *(.rodata1)

.ARM.extab      0x4a01abf0      0x158
 *(.ARM.extab* .gnu.linkonce.armextab.*)
 .ARM.extab.text._ZN10__cxxabiv111__terminateEPFvvE
                0x4a01abf0       0x2c c:/marmalade/7.4/s3e/gcc/win32/bin/../lib/gcc/arm-none-eabi/4.8.3/../../../../arm-none-eabi/lib/armv6\libstdc++.a(eh_terminate.o)
 .ARM.extab.text._ZN10__cxxabiv112__unexpectedEPFvvE
                0x4a01ac1c        0xc c:/marmalade/7.4/s3e/gcc/win32/bin/../lib/gcc/arm-none-eabi/4.8.3/../../../../arm-none-eabi/lib/armv6\libstdc++.a(eh_terminate.o)
 .ARM.extab.text._ZSt10unexpectedv
                0x4a01ac28        0xc c:/marmalade/7.4/s3e/gcc/win32/bin/../lib/gcc/arm-none-eabi/4.8.3/../../../../arm-none-eabi/lib/armv6\libstdc++.a(eh_terminate.o)
 .ARM.extab.text.__cxa_call_unexpected
                0x4a01ac34       0x2c c:/marmalade/7.4/s3e/gcc/win32/bin/../lib/gcc/arm-none-eabi/4.8.3/../../../../arm-none-eabi/lib/armv6\libstdc++.a(eh_call.o)
 .ARM.extab.text.__cxa_begin_catch
                0x4a01ac60       0x20 c:/marmalade/7.4/s3e/gcc/win32/bin/../lib/gcc/arm-none-eabi/4.8.3/../../../../arm-none-eabi/lib/armv6\libstdc++.a(eh_catch.o)
 .ARM.extab.text._ZL21base_of_encoded_valuehP15_Unwind_Context
                0x4a01ac80        0xc c:/marmalade/7.4/s3e/gcc/win32/bin/../lib/gcc/arm-none-eabi/4.8.3/../../../../arm-none-eabi/lib/armv6\libstdc++.a(eh_personality.o)
 .ARM.extab.text.__gxx_personality_v0
                0x4a01ac8c       0x20 c:/marmalade/7.4/s3e/gcc/win32/bin/../lib/gcc/arm-none-eabi/4.8.3/../../../../arm-none-eabi/lib/armv6\libstdc++.a(eh_personality.o)
 .ARM.extab.text._ZN9__gnu_cxx27__verbose_terminate_handlerEv
                0x4a01acac       0x3c c:/marmalade/7.4/s3e/gcc/win32/bin/../lib/gcc/arm-none-eabi/4.8.3/../../../../arm-none-eabi/lib/armv6\libstdc++.a(vterminate.o)
 .ARM.extab     0x4a01ace8       0x18 c:/marmalade/7.4/s3e/gcc/win32/bin/../lib/gcc/arm-none-eabi/4.8.3/../../../../arm-none-eabi/lib/armv6\libstdc++.a(cp-demangle.o)
 .ARM.extab.text.snprintf
                0x4a01ad00        0xc c:/marmalade/7.4/s3e/gcc/win32/bin/../lib/gcc/arm-none-eabi/4.8.3/../../../../arm-none-eabi/lib/armv6\libc.a(lib_a-snprintf.o)
 .ARM.extab.text.sprintf
                0x4a01ad0c        0xc c:/marmalade/7.4/s3e/gcc/win32/bin/../lib/gcc/arm-none-eabi/4.8.3/../../../../arm-none-eabi/lib/armv6\libc.a(lib_a-sprintf.o)
 .ARM.extab.text.siscanf
                0x4a01ad18        0xc c:/marmalade/7.4/s3e/gcc/win32/bin/../lib/gcc/arm-none-eabi/4.8.3/../../../../arm-none-eabi/lib/armv6\libc.a(lib_a-siscanf.o)
 .ARM.extab     0x4a01ad24        0xc c:/marmalade/7.4/s3e/gcc/win32/bin/../lib/gcc/arm-none-eabi/4.8.3/armv6\libgcc.a(unwind-arm.o)
 .ARM.extab     0x4a01ad30       0x18 c:/marmalade/7.4/s3e/gcc/win32/bin/../lib/gcc/arm-none-eabi/4.8.3/armv6\libgcc.a(pr-support.o)
                0x4a01ad48                __exidx_start = .

.ARM.exidx      0x4a01ad48      0x508
 *(.ARM.exidx* .gnu.linkonce.armexidx.*)
 .ARM.exidx.text.__cxa_type_match
                0x4a01ad48        0x8 c:/marmalade/7.4/s3e/gcc/win32/bin/../lib/gcc/arm-none-eabi/4.8.3/../../../../arm-none-eabi/lib/armv6\libstdc++.a(eh_arm.o)
 .ARM.exidx.text.__cxa_begin_cleanup
                0x4a01ad50        0x8 c:/marmalade/7.4/s3e/gcc/win32/bin/../lib/gcc/arm-none-eabi/4.8.3/../../../../arm-none-eabi/lib/armv6\libstdc++.a(eh_arm.o)
 .ARM.exidx.text.__gnu_end_cleanup
                0x4a01ad58        0x0 c:/marmalade/7.4/s3e/gcc/win32/bin/../lib/gcc/arm-none-eabi/4.8.3/../../../../arm-none-eabi/lib/armv6\libstdc++.a(eh_arm.o)
                                  0x8 (size before relaxing)
 .ARM.exidx.text._ZNSt9exceptionD2Ev
                0x4a01ad58        0x0 c:/marmalade/7.4/s3e/gcc/win32/bin/../lib/gcc/arm-none-eabi/4.8.3/../../../../arm-none-eabi/lib/armv6\libstdc++.a(eh_exception.o)
                                  0x8 (size before relaxing)
 .ARM.exidx.text._ZNSt13bad_exceptionD2Ev
                0x4a01ad58        0x0 c:/marmalade/7.4/s3e/gcc/win32/bin/../lib/gcc/arm-none-eabi/4.8.3/../../../../arm-none-eabi/lib/armv6\libstdc++.a(eh_exception.o)
                                  0x8 (size before relaxing)
 .ARM.exidx.text._ZNKSt9exception4whatEv
                0x4a01ad58        0x0 c:/marmalade/7.4/s3e/gcc/win32/bin/../lib/gcc/arm-none-eabi/4.8.3/../../../../arm-none-eabi/lib/armv6\libstdc++.a(eh_exception.o)
                                  0x8 (size before relaxing)
 .ARM.exidx.text._ZNKSt13bad_exception4whatEv
                0x4a01ad58        0x0 c:/marmalade/7.4/s3e/gcc/win32/bin/../lib/gcc/arm-none-eabi/4.8.3/../../../../arm-none-eabi/lib/armv6\libstdc++.a(eh_exception.o)
                                  0x8 (size before relaxing)
 .ARM.exidx.text._ZNSt9exceptionD0Ev
                0x4a01ad58        0x0 c:/marmalade/7.4/s3e/gcc/win32/bin/../lib/gcc/arm-none-eabi/4.8.3/../../../../arm-none-eabi/lib/armv6\libstdc++.a(eh_exception.o)
                                  0x8 (size before relaxing)
 .ARM.exidx.text._ZNSt13bad_exceptionD0Ev
                0x4a01ad58        0x0 c:/marmalade/7.4/s3e/gcc/win32/bin/../lib/gcc/arm-none-eabi/4.8.3/../../../../arm-none-eabi/lib/armv6\libstdc++.a(eh_exception.o)
                                  0x8 (size before relaxing)
 .ARM.exidx.text.__cxa_get_globals_fast
                0x4a01ad58        0x0 c:/marmalade/7.4/s3e/gcc/win32/bin/../lib/gcc/arm-none-eabi/4.8.3/../../../../arm-none-eabi/lib/armv6\libstdc++.a(eh_globals.o)
                                  0x8 (size before relaxing)
 .ARM.exidx.text.__cxa_get_globals
                0x4a01ad58        0x0 c:/marmalade/7.4/s3e/gcc/win32/bin/../lib/gcc/arm-none-eabi/4.8.3/../../../../arm-none-eabi/lib/armv6\libstdc++.a(eh_globals.o)
                                  0x8 (size before relaxing)
 .ARM.exidx.text._ZN10__cxxabiv111__terminateEPFvvE
                0x4a01ad58        0x8 c:/marmalade/7.4/s3e/gcc/win32/bin/../lib/gcc/arm-none-eabi/4.8.3/../../../../arm-none-eabi/lib/armv6\libstdc++.a(eh_terminate.o)
 .ARM.exidx.text._ZSt9terminatev
                0x4a01ad60        0x8 c:/marmalade/7.4/s3e/gcc/win32/bin/../lib/gcc/arm-none-eabi/4.8.3/../../../../arm-none-eabi/lib/armv6\libstdc++.a(eh_terminate.o)
 .ARM.exidx.text._ZN10__cxxabiv112__unexpectedEPFvvE
                0x4a01ad68        0x8 c:/marmalade/7.4/s3e/gcc/win32/bin/../lib/gcc/arm-none-eabi/4.8.3/../../../../arm-none-eabi/lib/armv6\libstdc++.a(eh_terminate.o)
 .ARM.exidx.text._ZSt10unexpectedv
                0x4a01ad70        0x8 c:/marmalade/7.4/s3e/gcc/win32/bin/../lib/gcc/arm-none-eabi/4.8.3/../../../../arm-none-eabi/lib/armv6\libstdc++.a(eh_terminate.o)
 .ARM.exidx.text._ZN10__cxxabiv120__si_class_type_infoD2Ev
                0x4a01ad78        0x8 c:/marmalade/7.4/s3e/gcc/win32/bin/../lib/gcc/arm-none-eabi/4.8.3/../../../../arm-none-eabi/lib/armv6\libstdc++.a(si_class_type_info.o)
 .ARM.exidx.text._ZN10__cxxabiv120__si_class_type_infoD0Ev
                0x4a01ad80        0x0 c:/marmalade/7.4/s3e/gcc/win32/bin/../lib/gcc/arm-none-eabi/4.8.3/../../../../arm-none-eabi/lib/armv6\libstdc++.a(si_class_type_info.o)
                                  0x8 (size before relaxing)
 .ARM.exidx.text._ZNK10__cxxabiv120__si_class_type_info20__do_find_public_srcEiPKvPKNS_17__class_type_infoES2_
                0x4a01ad80        0x8 c:/marmalade/7.4/s3e/gcc/win32/bin/../lib/gcc/arm-none-eabi/4.8.3/../../../../arm-none-eabi/lib/armv6\libstdc++.a(si_class_type_info.o)
 .ARM.exidx.text._ZNK10__cxxabiv120__si_class_type_info12__do_dyncastEiNS_17__class_type_info10__sub_kindEPKS1_PKvS4_S6_RNS1_16__dyncast_resultE
                0x4a01ad88        0x8 c:/marmalade/7.4/s3e/gcc/win32/bin/../lib/gcc/arm-none-eabi/4.8.3/../../../../arm-none-eabi/lib/armv6\libstdc++.a(si_class_type_info.o)
 .ARM.exidx.text._ZNK10__cxxabiv120__si_class_type_info11__do_upcastEPKNS_17__class_type_infoEPKvRNS1_15__upcast_resultE
                0x4a01ad90        0x8 c:/marmalade/7.4/s3e/gcc/win32/bin/../lib/gcc/arm-none-eabi/4.8.3/../../../../arm-none-eabi/lib/armv6\libstdc++.a(si_class_type_info.o)
 .ARM.exidx.text._ZNSt9type_infoD2Ev
                0x4a01ad98        0x8 c:/marmalade/7.4/s3e/gcc/win32/bin/../lib/gcc/arm-none-eabi/4.8.3/../../../../arm-none-eabi/lib/armv6\libstdc++.a(tinfo.o)
 .ARM.exidx.text._ZNKSt9type_info14__is_pointer_pEv
                0x4a01ada0        0x0 c:/marmalade/7.4/s3e/gcc/win32/bin/../lib/gcc/arm-none-eabi/4.8.3/../../../../arm-none-eabi/lib/armv6\libstdc++.a(tinfo.o)
                                  0x8 (size before relaxing)
 .ARM.exidx.text._ZNKSt9type_info15__is_function_pEv
                0x4a01ada0        0x0 c:/marmalade/7.4/s3e/gcc/win32/bin/../lib/gcc/arm-none-eabi/4.8.3/../../../../arm-none-eabi/lib/armv6\libstdc++.a(tinfo.o)
                                  0x8 (size before relaxing)
 .ARM.exidx.text._ZNKSt9type_info11__do_upcastEPKN10__cxxabiv117__class_type_infoEPPv
                0x4a01ada0        0x0 c:/marmalade/7.4/s3e/gcc/win32/bin/../lib/gcc/arm-none-eabi/4.8.3/../../../../arm-none-eabi/lib/armv6\libstdc++.a(tinfo.o)
                                  0x8 (size before relaxing)
 .ARM.exidx.text._ZNSt9type_infoD0Ev
                0x4a01ada0        0x8 c:/marmalade/7.4/s3e/gcc/win32/bin/../lib/gcc/arm-none-eabi/4.8.3/../../../../arm-none-eabi/lib/armv6\libstdc++.a(tinfo.o)
 .ARM.exidx.text._ZNKSt9type_infoeqERKS_
                0x4a01ada8        0x8 c:/marmalade/7.4/s3e/gcc/win32/bin/../lib/gcc/arm-none-eabi/4.8.3/../../../../arm-none-eabi/lib/armv6\libstdc++.a(tinfo.o)
 .ARM.exidx.text._ZNKSt9type_info10__do_catchEPKS_PPvj
                0x4a01adb0        0x0 c:/marmalade/7.4/s3e/gcc/win32/bin/../lib/gcc/arm-none-eabi/4.8.3/../../../../arm-none-eabi/lib/armv6\libstdc++.a(tinfo.o)
                                  0x8 (size before relaxing)
 .ARM.exidx.text._ZNK10__cxxabiv117__class_type_info11__do_upcastEPKS0_PPv
                0x4a01adb0        0x8 c:/marmalade/7.4/s3e/gcc/win32/bin/../lib/gcc/arm-none-eabi/4.8.3/../../../../arm-none-eabi/lib/armv6\libstdc++.a(class_type_info.o)
 .ARM.exidx.text._ZNK10__cxxabiv117__class_type_info20__do_find_public_srcEiPKvPKS0_S2_
                0x4a01adb8        0x8 c:/marmalade/7.4/s3e/gcc/win32/bin/../lib/gcc/arm-none-eabi/4.8.3/../../../../arm-none-eabi/lib/armv6\libstdc++.a(class_type_info.o)
 .ARM.exidx.text._ZN10__cxxabiv117__class_type_infoD2Ev
                0x4a01adc0        0x8 c:/marmalade/7.4/s3e/gcc/win32/bin/../lib/gcc/arm-none-eabi/4.8.3/../../../../arm-none-eabi/lib/armv6\libstdc++.a(class_type_info.o)
 .ARM.exidx.text._ZN10__cxxabiv117__class_type_infoD0Ev
                0x4a01adc8        0x0 c:/marmalade/7.4/s3e/gcc/win32/bin/../lib/gcc/arm-none-eabi/4.8.3/../../../../arm-none-eabi/lib/armv6\libstdc++.a(class_type_info.o)
                                  0x8 (size before relaxing)
 .ARM.exidx.text._ZNK10__cxxabiv117__class_type_info11__do_upcastEPKS0_PKvRNS0_15__upcast_resultE
                0x4a01adc8        0x8 c:/marmalade/7.4/s3e/gcc/win32/bin/../lib/gcc/arm-none-eabi/4.8.3/../../../../arm-none-eabi/lib/armv6\libstdc++.a(class_type_info.o)
 .ARM.exidx.text._ZNK10__cxxabiv117__class_type_info10__do_catchEPKSt9type_infoPPvj
                0x4a01add0        0x8 c:/marmalade/7.4/s3e/gcc/win32/bin/../lib/gcc/arm-none-eabi/4.8.3/../../../../arm-none-eabi/lib/armv6\libstdc++.a(class_type_info.o)
 .ARM.exidx.text._ZNK10__cxxabiv117__class_type_info12__do_dyncastEiNS0_10__sub_kindEPKS0_PKvS3_S5_RNS0_16__dyncast_resultE
                0x4a01add8        0x8 c:/marmalade/7.4/s3e/gcc/win32/bin/../lib/gcc/arm-none-eabi/4.8.3/../../../../arm-none-eabi/lib/armv6\libstdc++.a(class_type_info.o)
 .ARM.exidx.text.__cxa_call_terminate
                0x4a01ade0        0x8 c:/marmalade/7.4/s3e/gcc/win32/bin/../lib/gcc/arm-none-eabi/4.8.3/../../../../arm-none-eabi/lib/armv6\libstdc++.a(eh_call.o)
 .ARM.exidx.text.__cxa_call_unexpected
                0x4a01ade8        0x8 c:/marmalade/7.4/s3e/gcc/win32/bin/../lib/gcc/arm-none-eabi/4.8.3/../../../../arm-none-eabi/lib/armv6\libstdc++.a(eh_call.o)
 .ARM.exidx.text.__cxa_begin_catch
                0x4a01adf0        0x8 c:/marmalade/7.4/s3e/gcc/win32/bin/../lib/gcc/arm-none-eabi/4.8.3/../../../../arm-none-eabi/lib/armv6\libstdc++.a(eh_catch.o)
 .ARM.exidx.text.__cxa_end_catch
                0x4a01adf8        0x8 c:/marmalade/7.4/s3e/gcc/win32/bin/../lib/gcc/arm-none-eabi/4.8.3/../../../../arm-none-eabi/lib/armv6\libstdc++.a(eh_catch.o)
 .ARM.exidx.text._ZL12read_sleb128PKhPl
                0x4a01ae00        0x0 c:/marmalade/7.4/s3e/gcc/win32/bin/../lib/gcc/arm-none-eabi/4.8.3/../../../../arm-none-eabi/lib/armv6\libstdc++.a(eh_personality.o)
                                  0x8 (size before relaxing)
 .ARM.exidx.text._ZL28read_encoded_value_with_basehjPKhPj
                0x4a01ae00        0x8 c:/marmalade/7.4/s3e/gcc/win32/bin/../lib/gcc/arm-none-eabi/4.8.3/../../../../arm-none-eabi/lib/armv6\libstdc++.a(eh_personality.o)
 .ARM.exidx.text._ZL21base_of_encoded_valuehP15_Unwind_Context
                0x4a01ae08        0x8 c:/marmalade/7.4/s3e/gcc/win32/bin/../lib/gcc/arm-none-eabi/4.8.3/../../../../arm-none-eabi/lib/armv6\libstdc++.a(eh_personality.o)
 .ARM.exidx.text._ZL17parse_lsda_headerP15_Unwind_ContextPKhP16lsda_header_info
                0x4a01ae10        0x8 c:/marmalade/7.4/s3e/gcc/win32/bin/../lib/gcc/arm-none-eabi/4.8.3/../../../../arm-none-eabi/lib/armv6\libstdc++.a(eh_personality.o)
 .ARM.exidx.text.__gxx_personality_v0
                0x4a01ae18        0x8 c:/marmalade/7.4/s3e/gcc/win32/bin/../lib/gcc/arm-none-eabi/4.8.3/../../../../arm-none-eabi/lib/armv6\libstdc++.a(eh_personality.o)
 .ARM.exidx.text._ZL23__gxx_exception_cleanup19_Unwind_Reason_CodeP21_Unwind_Control_Block
                0x4a01ae20        0x8 c:/marmalade/7.4/s3e/gcc/win32/bin/../lib/gcc/arm-none-eabi/4.8.3/../../../../arm-none-eabi/lib/armv6\libstdc++.a(eh_throw.o)
 .ARM.exidx.text.__cxa_throw
                0x4a01ae28        0x8 c:/marmalade/7.4/s3e/gcc/win32/bin/../lib/gcc/arm-none-eabi/4.8.3/../../../../arm-none-eabi/lib/armv6\libstdc++.a(eh_throw.o)
 .ARM.exidx.text.__cxa_rethrow
                0x4a01ae30        0x8 c:/marmalade/7.4/s3e/gcc/win32/bin/../lib/gcc/arm-none-eabi/4.8.3/../../../../arm-none-eabi/lib/armv6\libstdc++.a(eh_throw.o)
 .ARM.exidx.text._ZN9__gnu_cxx27__verbose_terminate_handlerEv
                0x4a01ae38        0x8 c:/marmalade/7.4/s3e/gcc/win32/bin/../lib/gcc/arm-none-eabi/4.8.3/../../../../arm-none-eabi/lib/armv6\libstdc++.a(vterminate.o)
 .ARM.exidx     0x4a01ae40       0x80 c:/marmalade/7.4/s3e/gcc/win32/bin/../lib/gcc/arm-none-eabi/4.8.3/../../../../arm-none-eabi/lib/armv6\libstdc++.a(cp-demangle.o)
                                0x148 (size before relaxing)
 .ARM.exidx.text.__cxa_allocate_exception
                0x4a01aec0        0x8 c:/marmalade/7.4/s3e/gcc/win32/bin/../lib/gcc/arm-none-eabi/4.8.3/../../../../arm-none-eabi/lib/armv6\libstdc++.a(eh_alloc.o)
 .ARM.exidx.text.__cxa_free_exception
                0x4a01aec8        0x0 c:/marmalade/7.4/s3e/gcc/win32/bin/../lib/gcc/arm-none-eabi/4.8.3/../../../../arm-none-eabi/lib/armv6\libstdc++.a(eh_alloc.o)
                                  0x8 (size before relaxing)
 .ARM.exidx.text.__cxa_current_exception_type
                0x4a01aec8        0x0 c:/marmalade/7.4/s3e/gcc/win32/bin/../lib/gcc/arm-none-eabi/4.8.3/../../../../arm-none-eabi/lib/armv6\libstdc++.a(eh_type.o)
                                  0x8 (size before relaxing)
 .ARM.exidx.text.startup.register_fini
                0x4a01aec8        0x8 c:/marmalade/7.4/s3e/gcc/win32/bin/../lib/gcc/arm-none-eabi/4.8.3/../../../../arm-none-eabi/lib/armv6\libc.a(lib_a-__call_atexit.o)
 .ARM.exidx.text.__call_exitprocs
                0x4a01aed0        0x8 c:/marmalade/7.4/s3e/gcc/win32/bin/../lib/gcc/arm-none-eabi/4.8.3/../../../../arm-none-eabi/lib/armv6\libc.a(lib_a-__call_atexit.o)
 .ARM.exidx.text.setup_aeabi_stdio
                0x4a01aed8        0x8 c:/marmalade/7.4/s3e/gcc/win32/bin/../lib/gcc/arm-none-eabi/4.8.3/../../../../arm-none-eabi/lib/armv6\libc.a(lib_a-aeabi_lcsts.o)
 .ARM.exidx.text.atexit
                0x4a01aee0        0x8 c:/marmalade/7.4/s3e/gcc/win32/bin/../lib/gcc/arm-none-eabi/4.8.3/../../../../arm-none-eabi/lib/armv6\libc.a(lib_a-atexit.o)
 .ARM.exidx.text.__errno
                0x4a01aee8        0x0 c:/marmalade/7.4/s3e/gcc/win32/bin/../lib/gcc/arm-none-eabi/4.8.3/../../../../arm-none-eabi/lib/armv6\libc.a(lib_a-errno.o)
                                  0x8 (size before relaxing)
 .ARM.exidx.text.exit
                0x4a01aee8        0x8 c:/marmalade/7.4/s3e/gcc/win32/bin/../lib/gcc/arm-none-eabi/4.8.3/../../../../arm-none-eabi/lib/armv6\libc.a(lib_a-exit.o)
 .ARM.exidx.text.__libc_fini_array
                0x4a01aef0        0x0 c:/marmalade/7.4/s3e/gcc/win32/bin/../lib/gcc/arm-none-eabi/4.8.3/../../../../arm-none-eabi/lib/armv6\libc.a(lib_a-fini.o)
                                  0x8 (size before relaxing)
 .ARM.exidx.text.fputc
                0x4a01aef0        0x8 c:/marmalade/7.4/s3e/gcc/win32/bin/../lib/gcc/arm-none-eabi/4.8.3/../../../../arm-none-eabi/lib/armv6\libc.a(lib_a-fputc.o)
 .ARM.exidx.text._fputs_r
                0x4a01aef8        0x8 c:/marmalade/7.4/s3e/gcc/win32/bin/../lib/gcc/arm-none-eabi/4.8.3/../../../../arm-none-eabi/lib/armv6\libc.a(lib_a-fputs.o)
 .ARM.exidx.text.fputs
                0x4a01af00        0x8 c:/marmalade/7.4/s3e/gcc/win32/bin/../lib/gcc/arm-none-eabi/4.8.3/../../../../arm-none-eabi/lib/armv6\libc.a(lib_a-fputs.o)
 .ARM.exidx.text._fstat_r
                0x4a01af08        0x8 c:/marmalade/7.4/s3e/gcc/win32/bin/../lib/gcc/arm-none-eabi/4.8.3/../../../../arm-none-eabi/lib/armv6\libc.a(lib_a-fstatr.o)
 .ARM.exidx.text.__sfvwrite_r
                0x4a01af10        0x8 c:/marmalade/7.4/s3e/gcc/win32/bin/../lib/gcc/arm-none-eabi/4.8.3/../../../../arm-none-eabi/lib/armv6\libc.a(lib_a-fvwrite.o)
 .ARM.exidx.text._fwrite_r
                0x4a01af18        0x8 c:/marmalade/7.4/s3e/gcc/win32/bin/../lib/gcc/arm-none-eabi/4.8.3/../../../../arm-none-eabi/lib/armv6\libc.a(lib_a-fwrite.o)
 .ARM.exidx.text.fwrite
                0x4a01af20        0x8 c:/marmalade/7.4/s3e/gcc/win32/bin/../lib/gcc/arm-none-eabi/4.8.3/../../../../arm-none-eabi/lib/armv6\libc.a(lib_a-fwrite.o)
 .ARM.exidx.text.__libc_init_array
                0x4a01af28        0x8 c:/marmalade/7.4/s3e/gcc/win32/bin/../lib/gcc/arm-none-eabi/4.8.3/../../../../arm-none-eabi/lib/armv6\libc.a(lib_a-init.o)
 .ARM.exidx.text.__smakebuf_r
                0x4a01af30        0x8 c:/marmalade/7.4/s3e/gcc/win32/bin/../lib/gcc/arm-none-eabi/4.8.3/../../../../arm-none-eabi/lib/armv6\libc.a(lib_a-makebuf.o)
 .ARM.exidx.text.memchr
                0x4a01af38        0x8 c:/marmalade/7.4/s3e/gcc/win32/bin/../lib/gcc/arm-none-eabi/4.8.3/../../../../arm-none-eabi/lib/armv6\libc.a(lib_a-memchr-stub.o)
 .ARM.exidx.text.memcmp
                0x4a01af40        0x8 c:/marmalade/7.4/s3e/gcc/win32/bin/../lib/gcc/arm-none-eabi/4.8.3/../../../../arm-none-eabi/lib/armv6\libc.a(lib_a-memcmp.o)
 .ARM.exidx.text.memcpy
                0x4a01af48        0x8 c:/marmalade/7.4/s3e/gcc/win32/bin/../lib/gcc/arm-none-eabi/4.8.3/../../../../arm-none-eabi/lib/armv6\libc.a(lib_a-memcpy-stub.o)
 .ARM.exidx.text.memmove
                0x4a01af50        0x0 c:/marmalade/7.4/s3e/gcc/win32/bin/../lib/gcc/arm-none-eabi/4.8.3/../../../../arm-none-eabi/lib/armv6\libc.a(lib_a-memmove.o)
                                  0x8 (size before relaxing)
 .ARM.exidx.text.memset
                0x4a01af50        0x8 c:/marmalade/7.4/s3e/gcc/win32/bin/../lib/gcc/arm-none-eabi/4.8.3/../../../../arm-none-eabi/lib/armv6\libc.a(lib_a-memset.o)
 .ARM.exidx.text._putc_r
                0x4a01af58        0x8 c:/marmalade/7.4/s3e/gcc/win32/bin/../lib/gcc/arm-none-eabi/4.8.3/../../../../arm-none-eabi/lib/armv6\libc.a(lib_a-putc.o)
 .ARM.exidx.text._puts_r
                0x4a01af60        0x8 c:/marmalade/7.4/s3e/gcc/win32/bin/../lib/gcc/arm-none-eabi/4.8.3/../../../../arm-none-eabi/lib/armv6\libc.a(lib_a-puts.o)
 .ARM.exidx.text.puts
                0x4a01af68        0x8 c:/marmalade/7.4/s3e/gcc/win32/bin/../lib/gcc/arm-none-eabi/4.8.3/../../../../arm-none-eabi/lib/armv6\libc.a(lib_a-puts.o)
 .ARM.exidx.text.snprintf
                0x4a01af70        0x8 c:/marmalade/7.4/s3e/gcc/win32/bin/../lib/gcc/arm-none-eabi/4.8.3/../../../../arm-none-eabi/lib/armv6\libc.a(lib_a-snprintf.o)
 .ARM.exidx.text.sprintf
                0x4a01af78        0x8 c:/marmalade/7.4/s3e/gcc/win32/bin/../lib/gcc/arm-none-eabi/4.8.3/../../../../arm-none-eabi/lib/armv6\libc.a(lib_a-sprintf.o)
 .ARM.exidx.text.__sread
                0x4a01af80        0x8 c:/marmalade/7.4/s3e/gcc/win32/bin/../lib/gcc/arm-none-eabi/4.8.3/../../../../arm-none-eabi/lib/armv6\libc.a(lib_a-stdio.o)
 .ARM.exidx.text.__seofread
                0x4a01af88        0x8 c:/marmalade/7.4/s3e/gcc/win32/bin/../lib/gcc/arm-none-eabi/4.8.3/../../../../arm-none-eabi/lib/armv6\libc.a(lib_a-stdio.o)
 .ARM.exidx.text.__swrite
                0x4a01af90        0x8 c:/marmalade/7.4/s3e/gcc/win32/bin/../lib/gcc/arm-none-eabi/4.8.3/../../../../arm-none-eabi/lib/armv6\libc.a(lib_a-stdio.o)
 .ARM.exidx.text.__sseek
                0x4a01af98        0x8 c:/marmalade/7.4/s3e/gcc/win32/bin/../lib/gcc/arm-none-eabi/4.8.3/../../../../arm-none-eabi/lib/armv6\libc.a(lib_a-stdio.o)
 .ARM.exidx.text.__sclose
                0x4a01afa0        0x8 c:/marmalade/7.4/s3e/gcc/win32/bin/../lib/gcc/arm-none-eabi/4.8.3/../../../../arm-none-eabi/lib/armv6\libc.a(lib_a-stdio.o)
 .ARM.exidx.text.strchr
                0x4a01afa8       0x10 c:/marmalade/7.4/s3e/gcc/win32/bin/../lib/gcc/arm-none-eabi/4.8.3/../../../../arm-none-eabi/lib/armv6\libc.a(lib_a-strchr.o)
                                  0x8 (size before relaxing)
 .ARM.exidx.text.strcpy
                0x4a01afb8        0x8 c:/marmalade/7.4/s3e/gcc/win32/bin/../lib/gcc/arm-none-eabi/4.8.3/../../../../arm-none-eabi/lib/armv6\libc.a(lib_a-strcpy.o)
 .ARM.exidx.text.strlen
                0x4a01afc0        0x0 c:/marmalade/7.4/s3e/gcc/win32/bin/../lib/gcc/arm-none-eabi/4.8.3/../../../../arm-none-eabi/lib/armv6\libc.a(lib_a-strlen.o)
                                  0x8 (size before relaxing)
 .ARM.exidx.text.strncat
                0x4a01afc0        0x8 c:/marmalade/7.4/s3e/gcc/win32/bin/../lib/gcc/arm-none-eabi/4.8.3/../../../../arm-none-eabi/lib/armv6\libc.a(lib_a-strncat.o)
 .ARM.exidx.text.strncmp
                0x4a01afc8        0x8 c:/marmalade/7.4/s3e/gcc/win32/bin/../lib/gcc/arm-none-eabi/4.8.3/../../../../arm-none-eabi/lib/armv6\libc.a(lib_a-strncmp.o)
 .ARM.exidx.text.strncpy
                0x4a01afd0        0x8 c:/marmalade/7.4/s3e/gcc/win32/bin/../lib/gcc/arm-none-eabi/4.8.3/../../../../arm-none-eabi/lib/armv6\libc.a(lib_a-strncpy.o)
 .ARM.exidx.text._svfprintf_r
                0x4a01afd8        0x8 c:/marmalade/7.4/s3e/gcc/win32/bin/../lib/gcc/arm-none-eabi/4.8.3/../../../../arm-none-eabi/lib/armv6\libc.a(lib_a-svfprintf.o)
 .ARM.exidx.text.tzset
                0x4a01afe0        0x8 c:/marmalade/7.4/s3e/gcc/win32/bin/../lib/gcc/arm-none-eabi/4.8.3/../../../../arm-none-eabi/lib/armv6\libc.a(lib_a-tzset.o)
 .ARM.exidx.text._tzset_r
                0x4a01afe8        0x8 c:/marmalade/7.4/s3e/gcc/win32/bin/../lib/gcc/arm-none-eabi/4.8.3/../../../../arm-none-eabi/lib/armv6\libc.a(lib_a-tzset_r.o)
 .ARM.exidx.text._vsnprintf_r
                0x4a01aff0        0x8 c:/marmalade/7.4/s3e/gcc/win32/bin/../lib/gcc/arm-none-eabi/4.8.3/../../../../arm-none-eabi/lib/armv6\libc.a(lib_a-vsnprintf.o)
 .ARM.exidx.text.vsnprintf
                0x4a01aff8        0x8 c:/marmalade/7.4/s3e/gcc/win32/bin/../lib/gcc/arm-none-eabi/4.8.3/../../../../arm-none-eabi/lib/armv6\libc.a(lib_a-vsnprintf.o)
 .ARM.exidx.text.__swbuf_r
                0x4a01b000        0x8 c:/marmalade/7.4/s3e/gcc/win32/bin/../lib/gcc/arm-none-eabi/4.8.3/../../../../arm-none-eabi/lib/armv6\libc.a(lib_a-wbuf.o)
 .ARM.exidx.text._write_r
                0x4a01b008        0x8 c:/marmalade/7.4/s3e/gcc/win32/bin/../lib/gcc/arm-none-eabi/4.8.3/../../../../arm-none-eabi/lib/armv6\libc.a(lib_a-writer.o)
 .ARM.exidx.text.__swsetup_r
                0x4a01b010        0x0 c:/marmalade/7.4/s3e/gcc/win32/bin/../lib/gcc/arm-none-eabi/4.8.3/../../../../arm-none-eabi/lib/armv6\libc.a(lib_a-wsetup.o)
                                  0x8 (size before relaxing)
 .ARM.exidx.text.__register_exitproc
                0x4a01b010        0x8 c:/marmalade/7.4/s3e/gcc/win32/bin/../lib/gcc/arm-none-eabi/4.8.3/../../../../arm-none-eabi/lib/armv6\libc.a(lib_a-__atexit.o)
 .ARM.exidx.text._close_r
                0x4a01b018        0x8 c:/marmalade/7.4/s3e/gcc/win32/bin/../lib/gcc/arm-none-eabi/4.8.3/../../../../arm-none-eabi/lib/armv6\libc.a(lib_a-closer.o)
 .ARM.exidx.text.quorem