Archive member included because of file (symbol)

c:/marmalade/7.4/s3e/lib/arm/v6/nofpu/soft\libs3e_cpp.a(dll_main.obj)
                              Release_HelloWorld_vc12x_gcc_arm/HelloWorld.obj (_STL::__stl_throw_length_error(char const*))
c:/marmalade/7.4/s3e/lib/arm/v6/nofpu/soft\libs3e_cpp.a(delete.obj)
                              c:/marmalade/7.4/s3e/lib/arm/v6/nofpu/soft\libs3e_cpp.a(dll_main.obj) (operator delete(void*))
c:/marmalade/7.4/s3e/lib/arm/v6/nofpu/soft\libs3e_cpp.a(new.obj)
                              c:/marmalade/7.4/s3e/lib/arm/v6/nofpu/soft\libs3e_cpp.a(dll_main.obj) (operator new(unsigned int))
c:/marmalade/7.4/s3e/lib/arm/v6/nofpu/soft\libs3e.a(iwcrt_common.o)
                              c:/marmalade/7.4/s3e/lib/arm/v6/nofpu/soft\libs3e_cpp.a(dll_main.obj) (abort)
c:/marmalade/7.4/s3e/lib/arm/v6/nofpu/soft\libs3e.a(malloc.o)
                              Release_HelloWorld_vc12x_gcc_arm/HelloWorld.obj (malloc)
c:/marmalade/7.4/s3e/lib/arm/v6/nofpu/soft\libs3e.a(sockets.o)
                              c:/marmalade/7.4/s3e/lib/arm/v6/nofpu/soft\libs3e.a(iwcrt_common.o) (_IwFcntl_socket)
c:/marmalade/7.4/s3e/lib/arm/v6/nofpu/soft\libs3e.a(stdlib.o)
                              c:/marmalade/7.4/s3e/lib/arm/v6/nofpu/soft\libs3e.a(iwcrt_common.o) (setenv)
c:/marmalade/7.4/s3e/lib/arm/v6/nofpu/soft\libs3e.a(stdout.o)
                              c:/marmalade/7.4/s3e/lib/arm/v6/nofpu/soft\libs3e.a(iwcrt_common.o) (_IwHandleStdoutput)
c:/marmalade/7.4/s3e/lib/arm/v6/nofpu/soft\libs3e.a(string.o)
                              c:/marmalade/7.4/s3e/lib/arm/v6/nofpu/soft\libs3e.a(iwcrt_common.o) (strlcpy)
c:/marmalade/7.4/s3e/lib/arm/v6/nofpu/soft\libs3e.a(s3eMalloc_eapi.o)
                              c:/marmalade/7.4/s3e/lib/arm/v6/nofpu/soft\libs3e_cpp.a(new.obj) (s3eMalloc)
c:/marmalade/7.4/s3e/lib/arm/v6/nofpu/soft\libs3e.a(s3eMemory_eapi.o)
                              c:/marmalade/7.4/s3e/lib/arm/v6/nofpu/soft\libs3e.a(s3eMalloc_eapi.o) (iw_malloc_get_usr_mgr_tls())
c:/marmalade/7.4/s3e/lib/arm/v6/nofpu/soft\libs3e.a(s3eSurface_eapi.o)
                              Release_HelloWorld_vc12x_gcc_arm/HelloWorld.obj (s3eSurfaceClear)
c:/marmalade/7.4/s3e/lib/arm/v6/nofpu/soft\libs3e.a(IwDebug.o)
                              c:/marmalade/7.4/s3e/lib/arm/v6/nofpu/soft\libs3e.a(iwcrt_common.o) (IwDebugErrorShow)
c:/marmalade/7.4/s3e/lib/arm/v6/nofpu/soft\libs3e.a(IwPath.o)
                              c:/marmalade/7.4/s3e/lib/arm/v6/nofpu/soft\libs3e.a(iwcrt_common.o) (IwPathHasDrive)
c:/marmalade/7.4/s3e/lib/arm/v6/nofpu/soft\libs3e.a(s3eSocketOpt_interface.o)
                              c:/marmalade/7.4/s3e/lib/arm/v6/nofpu/soft\libs3e.a(sockets.o) (s3eSocketSetOpt)
c:/marmalade/7.4/s3e/lib/arm/v6/nofpu/soft\libs3e.a(s3eThread_interface.o)
                              c:/marmalade/7.4/s3e/lib/arm/v6/nofpu/soft\libs3e.a(iwcrt_common.o) (s3eThreadAvailable)
c:/marmalade/7.4/s3e/lib/arm/v6/nofpu/soft\libs3e.a(iwcrt_gcc.o)
                              (_IwMain)
c:/marmalade/7.4/s3e/lib/arm/v6/nofpu/soft\libs3e.a(newlib_impl.o)
                              c:/marmalade/7.4/s3e/lib/arm/v6/nofpu/soft\libs3e.a(iwcrt_common.o) (_exit)
c:/marmalade/7.4/s3e/lib/arm/v6/nofpu/soft\libs3e.a(iwmain.o)
                              c:/marmalade/7.4/s3e/lib/arm/v6/nofpu/soft\libs3e.a(iwcrt_gcc.o) (IwMain)
c:/marmalade/7.4/s3e/lib/arm/v6/nofpu/soft\libs3e.a(inet.o)
                              c:/marmalade/7.4/s3e/lib/arm/v6/nofpu/soft\libs3e.a(sockets.o) (inet_aton)
c:/marmalade/7.4/s3e/lib/arm/v6/nofpu/soft\libs3e.a(pthread_mutex.o)
                              c:/marmalade/7.4/s3e/lib/arm/v6/nofpu/soft\libs3e.a(stdout.o) (pthread_mutex_lock)
c:/marmalade/7.4/s3e/lib/arm/v6/nofpu/soft\libs3e.a(pthread_tls.o)
                              c:/marmalade/7.4/s3e/lib/arm/v6/nofpu/soft\libs3e.a(s3eMemory_eapi.o) (pthread_key_create)
c:/marmalade/7.4/s3e/lib/arm/v6/nofpu/soft\libs3e.a(pthreads.o)
                              c:/marmalade/7.4/s3e/lib/arm/v6/nofpu/soft\libs3e.a(pthread_tls.o) (pthread_self)
c:/marmalade/7.4/s3e/lib/arm/v6/nofpu/soft\libs3e.a(signal.o)
                              c:/marmalade/7.4/s3e/lib/arm/v6/nofpu/soft\libs3e.a(stdout.o) (raise)
c:/marmalade/7.4/s3e/lib/arm/v6/nofpu/soft\libs3e.a(s3eTest_interface.o)
                              c:/marmalade/7.4/s3e/lib/arm/v6/nofpu/soft\libs3e.a(signal.o) (s3eTestAvailable)
c:/marmalade/7.4/s3e/lib/arm/v6/nofpu/soft\libs3e.a(pthread_cleanup.o)
                              c:/marmalade/7.4/s3e/lib/arm/v6/nofpu/soft\libs3e.a(pthreads.o) (s3e_pthread_cleanup())
c:/marmalade/7.4/s3e/lib/arm/v6/nofpu/soft\libs3e.a(pthread_once.o)
                              c:/marmalade/7.4/s3e/lib/arm/v6/nofpu/soft\libs3e.a(pthread_cleanup.o) (pthread_once)
c:/marmalade/7.4/s3e/lib/arm/v6/nofpu/soft\libs3e.a(pthread_cond.o)
[...]
Memory Configuration

Name             Origin             Length             Attributes
*default*        0x00000000         0xffffffff

Linker script and memory map

LOAD c:/marmalade/7.4/s3e/gcc/win32/bin/../lib/gcc/arm-none-eabi/4.8.3/armv6/crti.o
LOAD c:/marmalade/7.4/s3e/gcc/win32/bin/../lib/gcc/arm-none-eabi/4.8.3/armv6/crtbegin.o
LOAD c:/marmalade/7.4/s3e/gcc/win32/bin/../lib/gcc/arm-none-eabi/4.8.3/../../../../arm-none-eabi/lib/armv6/crt0.o
LOAD Release_HelloWorld_vc12x_gcc_arm/HelloWorld.obj
LOAD Release_HelloWorld_vc12x_gcc_arm/Main.obj
LOAD Release_HelloWorld_vc12x_gcc_arm/MainMenu.obj
                0x4a000000                . = 0x4a000000

.s3e_startup    0x4a000000       0x94
 *(.s3e_startup)
 .s3e_startup   0x4a000000       0x94 c:/marmalade/7.4/s3e/lib/arm/v6/nofpu/soft\libs3e.a(iwcrt_gcc.o)
                0x4a000000                _IwMain

.init           0x4a000094       0x18
 *(.init)
 .init          0x4a000094        0xc c:/marmalade/7.4/s3e/gcc/win32/bin/../lib/gcc/arm-none-eabi/4.8.3/armv6/crti.o
                0x4a000094                _init
 .init          0x4a0000a0        0xc c:/marmalade/7.4/s3e/gcc/win32/bin/../lib/gcc/arm-none-eabi/4.8.3/armv6/crtn.o

.plt            0x4a0000ac      0x218
 *(.plt)
 .plt           0x4a0000ac      0x218 c:/marmalade/7.4/s3e/gcc/win32/bin/../lib/gcc/arm-none-eabi/4.8.3/armv6/crti.o

.text           0x4a0002c4    0x195ec
 *(.text .stub .text.* .gnu.linkonce.t.*)
 .text          0x4a0002c4       0xd8 c:/marmalade/7.4/s3e/gcc/win32/bin/../lib/gcc/arm-none-eabi/4.8.3/armv6/crtbegin.o
 .text.startup.main
                0x4a00039c      0x468 Release_HelloWorld_vc12x_gcc_arm/HelloWorld.obj
                0x4a00039c                main
 .text._ZN4_STL24__stl_throw_length_errorEPKc
                0x4a000804        0xc c:/marmalade/7.4/s3e/lib/arm/v6/nofpu/soft\libs3e_cpp.a(dll_main.obj)
                0x4a000804                _STL::__stl_throw_length_error(char const*)
 .text._ZN4_STL14__malloc_allocILi0EE13_S_oom_mallocEj
                0x4a000810       0x50 c:/marmalade/7.4/s3e/lib/arm/v6/nofpu/soft\libs3e_cpp.a(dll_main.obj)
                0x4a000810                _STL::__malloc_alloc<0>::_S_oom_malloc(unsigned int)
 .text._ZdlPv   0x4a000860        0x4 c:/marmalade/7.4/s3e/lib/arm/v6/nofpu/soft\libs3e_cpp.a(delete.obj)
                0x4a000860                operator delete(void*)
 .text.iwcrt_init
                0x4a000864       0xa8 c:/marmalade/7.4/s3e/lib/arm/v6/nofpu/soft\libs3e.a(iwcrt_common.o)
                0x4a000864                iwcrt_init
 .text.iwcrt_init2
                0x4a00090c      0x170 c:/marmalade/7.4/s3e/lib/arm/v6/nofpu/soft\libs3e.a(iwcrt_common.o)
                0x4a00090c                iwcrt_init2
 .text.iwcrt_fini
                0x4a000a7c       0x98 c:/marmalade/7.4/s3e/lib/arm/v6/nofpu/soft\libs3e.a(iwcrt_common.o)
                0x4a000a7c                iwcrt_fini
 .text._IwRead  0x4a000b14       0x88 c:/marmalade/7.4/s3e/lib/arm/v6/nofpu/soft\libs3e.a(iwcrt_common.o)
                0x4a000b14                _IwRead
 .text._IwLseek
                0x4a000b9c       0x9c c:/marmalade/7.4/s3e/lib/arm/v6/nofpu/soft\libs3e.a(iwcrt_common.o)
                0x4a000b9c                _IwLseek
 .text._IwWrite
                0x4a000c38       0x90 c:/marmalade/7.4/s3e/lib/arm/v6/nofpu/soft\libs3e.a(iwcrt_common.o)
                0x4a000c38                _IwWrite
 .text._IwClose
                0x4a000cc8      0x108 c:/marmalade/7.4/s3e/lib/arm/v6/nofpu/soft\libs3e.a(iwcrt_common.o)
                0x4a000cc8                _IwClose
 .text._IwFstat
                0x4a000dd0      0x1d4 c:/marmalade/7.4/s3e/lib/arm/v6/nofpu/soft\libs3e.a(iwcrt_common.o)
                0x4a000dd0                _IwFstat
 .text._IwExit  0x4a000fa4        0x8 c:/marmalade/7.4/s3e/lib/arm/v6/nofpu/soft\libs3e.a(iwcrt_common.o)
                0x4a000fa4                _IwExit
 .text._IwCrtFree
                0x4a000fac        0x4 c:/marmalade/7.4/s3e/lib/arm/v6/nofpu/soft\libs3e.a(iwcrt_common.o)
                0x4a000fac                _IwCrtFree
 .text._IwCrtCalloc
                0x4a000fb0       0x80 c:/marmalade/7.4/s3e/lib/arm/v6/nofpu/soft\libs3e.a(iwcrt_common.o)
                0x4a000fb0                _IwCrtCalloc
 .text._IwCrtMalloc
                0x4a001030       0x6c c:/marmalade/7.4/s3e/lib/arm/v6/nofpu/soft\libs3e.a(iwcrt_common.o)
                0x4a001030                _IwCrtMalloc
 .text._IwCrtRealloc
                0x4a00109c       0x74 c:/marmalade/7.4/s3e/lib/arm/v6/nofpu/soft\libs3e.a(iwcrt_common.o)
                0x4a00109c                _IwCrtRealloc
 .text.abort    0x4a001110       0x28 c:/marmalade/7.4/s3e/lib/arm/v6/nofpu/soft\libs3e.a(iwcrt_common.o)
                0x4a001110                abort
 .text._IwMalloc
                0x4a001138        0x4 c:/marmalade/7.4/s3e/lib/arm/v6/nofpu/soft\libs3e.a(malloc.o)
                0x4a001138                _IwMalloc
 .text._IwFree  0x4a00113c       0x98 c:/marmalade/7.4/s3e/lib/arm/v6/nofpu/soft\libs3e.a(malloc.o)
                0x4a00113c                _IwFree
 .text.malloc   0x4a0011d4        0x4 c:/marmalade/7.4/s3e/lib/arm/v6/nofpu/soft\libs3e.a(malloc.o)
                0x4a0011d4                malloc
 .text.free     0x4a0011d8       0x98 c:/marmalade/7.4/s3e/lib/arm/v6/nofpu/soft\libs3e.a(malloc.o)
                0x4a0011d8                free
 .text.realloc  0x4a001270        0x4 c:/marmalade/7.4/s3e/lib/arm/v6/nofpu/soft\libs3e.a(malloc.o)
                0x4a001270                realloc
 .text.shutdown
                0x4a001274       0xc0 c:/marmalade/7.4/s3e/lib/arm/v6/nofpu/soft\libs3e.a(sockets.o)
                0x4a001274                shutdown
 .text.unsetenv
                0x4a001334      0x118 c:/marmalade/7.4/s3e/lib/arm/v6/nofpu/soft\libs3e.a(stdlib.o)
                0x4a001334                unsetenv
 .text._ZL15putenv_internalPcbb
                0x4a00144c      0x2a4 c:/marmalade/7.4/s3e/lib/arm/v6/nofpu/soft\libs3e.a(stdlib.o)
 .text.setenv   0x4a0016f0       0xe0 c:/marmalade/7.4/s3e/lib/arm/v6/nofpu/soft\libs3e.a(stdlib.o)
                0x4a0016f0                setenv
 .text.startup._GLOBAL__sub_I_stdlib.cpp
                0x4a0017d0       0x20 c:/marmalade/7.4/s3e/lib/arm/v6/nofpu/soft\libs3e.a(stdlib.o)
 .text._ZL11CheckConfigv
                0x4a0017f0      0x200 c:/marmalade/7.4/s3e/lib/arm/v6/nofpu/soft\libs3e.a(stdout.o)
 .text._ZL13TimerCallbackPvS_
                0x4a0019f0       0xb0 c:/marmalade/7.4/s3e/lib/arm/v6/nofpu/soft\libs3e.a(stdout.o)
 .text._ZL16KeyboardCallbackPvS_
                0x4a001aa0      0x2dc c:/marmalade/7.4/s3e/lib/arm/v6/nofpu/soft\libs3e.a(stdout.o)
 .text._ZL17ConsoleTraceLinesPKcjb.isra.2
                0x4a001d7c      0x294 c:/marmalade/7.4/s3e/lib/arm/v6/nofpu/soft\libs3e.a(stdout.o)
 .text._IwHandleStdoutput
                0x4a002010      0x260 c:/marmalade/7.4/s3e/lib/arm/v6/nofpu/soft\libs3e.a(stdout.o)
                0x4a002010                _IwHandleStdoutput
 .text._IwHandleStdinput
                0x4a002270      0x148 c:/marmalade/7.4/s3e/lib/arm/v6/nofpu/soft\libs3e.a(stdout.o)
                0x4a002270                _IwHandleStdinput
 .text.strlcat  0x4a0023b8       0x88 c:/marmalade/7.4/s3e/lib/arm/v6/nofpu/soft\libs3e.a(string.o)
                0x4a0023b8                strlcat
 .text.s3eMalloc
                0x4a002440       0x1c c:/marmalade/7.4/s3e/lib/arm/v6/nofpu/soft\libs3e.a(s3eMalloc_eapi.o)
                0x4a002440                s3eMalloc
 .text.s3eFree  0x4a00245c       0x1c c:/marmalade/7.4/s3e/lib/arm/v6/nofpu/soft\libs3e.a(s3eMalloc_eapi.o)
                0x4a00245c                s3eFree
 .text.s3eRealloc
                0x4a002478       0x24 c:/marmalade/7.4/s3e/lib/arm/v6/nofpu/soft\libs3e.a(s3eMalloc_eapi.o)
                0x4a002478                s3eRealloc
 .text._ZL7tlsFreePv
                0x4a00249c        0x4 c:/marmalade/7.4/s3e/lib/arm/v6/nofpu/soft\libs3e.a(s3eMemory_eapi.o)
 .text._Z25iw_malloc_get_usr_mgr_tlsv
                0x4a0024a0       0x98 c:/marmalade/7.4/s3e/lib/arm/v6/nofpu/soft\libs3e.a(s3eMemory_eapi.o)
                0x4a0024a0                iw_malloc_get_usr_mgr_tls()
 .text.iw_malloc_init
                0x4a002538       0xa4 c:/marmalade/7.4/s3e/lib/arm/v6/nofpu/soft\libs3e.a(s3eMemory_eapi.o)
                0x4a002538                iw_malloc_init
 .text.s3eMemoryGetUserMemMgr
                0x4a0025dc       0xa0 c:/marmalade/7.4/s3e/lib/arm/v6/nofpu/soft\libs3e.a(s3eMemory_eapi.o)
                0x4a0025dc                s3eMemoryGetUserMemMgr
 .text.s3eMemorySetUserMemMgr
                0x4a00267c       0xc4 c:/marmalade/7.4/s3e/lib/arm/v6/nofpu/soft\libs3e.a(s3eMemory_eapi.o)
                0x4a00267c                s3eMemorySetUserMemMgr
 .text.s3eSurfaceClear
                0x4a002740      0x258 c:/marmalade/7.4/s3e/lib/arm/v6/nofpu/soft\libs3e.a(s3eSurface_eapi.o)
                0x4a002740                s3eSurfaceClear
 .text.IwDebugErrorShow
                0x4a002998      0x108 c:/marmalade/7.4/s3e/lib/arm/v6/nofpu/soft\libs3e.a(IwDebug.o)
                0x4a002998                IwDebugErrorShow
 .text.startup._GLOBAL__sub_I_IwDebug.cpp
                0x4a002aa0       0x1c c:/marmalade/7.4/s3e/lib/arm/v6/nofpu/soft\libs3e.a(IwDebug.o)
 .text.s3eThreadAvailable
                0x4a002abc       0x70 c:/marmalade/7.4/s3e/lib/arm/v6/nofpu/soft\libs3e.a(s3eThread_interface.o)
                0x4a002abc                s3eThreadAvailable
 .text.s3eThreadGetCurrent
                0x4a002b2c       0xa4 c:/marmalade/7.4/s3e/lib/arm/v6/nofpu/soft\libs3e.a(s3eThread_interface.o)
                0x4a002b2c                s3eThreadGetCurrent
 .text.s3eThreadLockCreate
                0x4a002bd0       0xa4 c:/marmalade/7.4/s3e/lib/arm/v6/nofpu/soft\libs3e.a(s3eThread_interface.o)
                0x4a002bd0                s3eThreadLockCreate
 .text.s3eThreadLockDestroy
                0x4a002c74       0xac c:/marmalade/7.4/s3e/lib/arm/v6/nofpu/soft\libs3e.a(s3eThread_interface.o)
                0x4a002c74                s3eThreadLockDestroy
 .text.s3eThreadLockAcquire
                0x4a002d20       0xb4 c:/marmalade/7.4/s3e/lib/arm/v6/nofpu/soft\libs3e.a(s3eThread_interface.o)
                0x4a002d20                s3eThreadLockAcquire
 .text.s3eThreadLockRelease
                0x4a002dd4       0xac c:/marmalade/7.4/s3e/lib/arm/v6/nofpu/soft\libs3e.a(s3eThread_interface.o)
                0x4a002dd4                s3eThreadLockRelease
 .text._free_r  0x4a002e80        0x8 c:/marmalade/7.4/s3e/lib/arm/v6/nofpu/soft\libs3e.a(newlib_impl.o)
                0x4a002e80                _free_r
 .text._calloc_r
                0x4a002e88        0xc c:/marmalade/7.4/s3e/lib/arm/v6/nofpu/soft\libs3e.a(newlib_impl.o)
                0x4a002e88                _calloc_r
 .text._realloc_r
                0x4a002e94        0xc c:/marmalade/7.4/s3e/lib/arm/v6/nofpu/soft\libs3e.a(newlib_impl.o)
                0x4a002e94                _realloc_r
 .text._malloc_r
                0x4a002ea0        0x8 c:/marmalade/7.4/s3e/lib/arm/v6/nofpu/soft\libs3e.a(newlib_impl.o)
                0x4a002ea0                _malloc_r
 .text._close   0x4a002ea8        0x4 c:/marmalade/7.4/s3e/lib/arm/v6/nofpu/soft\libs3e.a(newlib_impl.o)
                0x4a002ea8                _close
 .text._lseek   0x4a002eac        0x4 c:/marmalade/7.4/s3e/lib/arm/v6/nofpu/soft\libs3e.a(newlib_impl.o)
                0x4a002eac                _lseek
 .text._read    0x4a002eb0        0x4 c:/marmalade/7.4/s3e/lib/arm/v6/nofpu/soft\libs3e.a(newlib_impl.o)
                0x4a002eb0                _read
 .text._write   0x4a002eb4        0x4 c:/marmalade/7.4/s3e/lib/arm/v6/nofpu/soft\libs3e.a(newlib_impl.o)
                0x4a002eb4                _write
 .text._fstat   0x4a002eb8       0x4c c:/marmalade/7.4/s3e/lib/arm/v6/nofpu/soft\libs3e.a(newlib_impl.o)
                0x4a002eb8                _fstat
 .text._exit    0x4a002f04        0x8 c:/marmalade/7.4/s3e/lib/arm/v6/nofpu/soft\libs3e.a(newlib_impl.o)
                0x4a002f04                _exit
 .text._isatty  0x4a002f0c       0x10 c:/marmalade/7.4/s3e/lib/arm/v6/nofpu/soft\libs3e.a(newlib_impl.o)
                0x4a002f0c                _isatty
 .text.IwMain   0x4a002f1c      0x134 c:/marmalade/7.4/s3e/lib/arm/v6/nofpu/soft\libs3e.a(iwmain.o)
                0x4a002f1c                IwMain
 .text.pthread_mutex_lock
                0x4a003050      0x174 c:/marmalade/7.4/s3e/lib/arm/v6/nofpu/soft\libs3e.a(pthread_mutex.o)
                0x4a003050                pthread_mutex_lock
 .text.pthread_mutex_unlock
                0x4a0031c4      0x178 c:/marmalade/7.4/s3e/lib/arm/v6/nofpu/soft\libs3e.a(pthread_mutex.o)
                0x4a0031c4                pthread_mutex_unlock
 .text.pthread_key_create
                0x4a00333c      0x134 c:/marmalade/7.4/s3e/lib/arm/v6/nofpu/soft\libs3e.a(pthread_tls.o)
                0x4a00333c                pthread_key_create
 .text.pthread_setspecific
                0x4a003470       0xa0 c:/marmalade/7.4/s3e/lib/arm/v6/nofpu/soft\libs3e.a(pthread_tls.o)
                0x4a003470                pthread_setspecific
 .text.pthread_getspecific
                0x4a003510       0x48 c:/marmalade/7.4/s3e/lib/arm/v6/nofpu/soft\libs3e.a(pthread_tls.o)
                0x4a003510                pthread_getspecific
 .text.pthread_self
                0x4a003558       0x5c c:/marmalade/7.4/s3e/lib/arm/v6/nofpu/soft\libs3e.a(pthreads.o)
                0x4a003558                pthread_self
 .text.raise    0x4a0035b4       0x38 c:/marmalade/7.4/s3e/lib/arm/v6/nofpu/soft\libs3e.a(signal.o)
                0x4a0035b4                raise
 .text.__cxa_end_cleanup
                0x4a0035ec       0x10 c:/marmalade/7.4/s3e/gcc/win32/bin/../lib/gcc/arm-none-eabi/4.8.3/../../../../arm-none-eabi/lib/armv6\libstdc++.a(eh_arm.o)
                0x4a0035ec                __cxa_end_cleanup
 .text.__cxa_type_match
                0x4a0035fc      0x154 c:/marmalade/7.4/s3e/gcc/win32/bin/../lib/gcc/arm-none-eabi/4.8.3/../../../../arm-none-eabi/lib/armv6\libstdc++.a(eh_arm.o)
                0x4a0035fc                __cxa_type_match
 .text.__cxa_begin_cleanup
                0x4a003750       0xb4 c:/marmalade/7.4/s3e/gcc/win32/bin/../lib/gcc/arm-none-eabi/4.8.3/../../../../arm-none-eabi/lib/armv6\libstdc++.a(eh_arm.o)
                0x4a003750                __cxa_begin_cleanup
 .text.__gnu_end_cleanup
                0x4a003804       0xb4 c:/marmalade/7.4/s3e/gcc/win32/bin/../lib/gcc/arm-none-eabi/4.8.3/../../../../arm-none-eabi/lib/armv6\libstdc++.a(eh_arm.o)
                0x4a003804                __gnu_end_cleanup
 .text._ZNSt9exceptionD2Ev
                0x4a0038b8       0x24 c:/marmalade/7.4/s3e/gcc/win32/bin/../lib/gcc/arm-none-eabi/4.8.3/../../../../arm-none-eabi/lib/armv6\libstdc++.a(eh_exception.o)
                0x4a0038b8                std::exception::~exception()
                0x4a0038b8                std::exception::~exception()
 .text._ZNSt13bad_exceptionD2Ev
                0x4a0038dc       0x34 c:/marmalade/7.4/s3e/gcc/win32/bin/../lib/gcc/arm-none-eabi/4.8.3/../../../../arm-none-eabi/lib/armv6\libstdc++.a(eh_exception.o)
                0x4a0038dc                std::bad_exception::~bad_exception()
                0x4a0038dc                std::bad_exception::~bad_exception()
 .text._ZNKSt9exception4whatEv
                0x4a003910       0x10 c:/marmalade/7.4/s3e/gcc/win32/bin/../lib/gcc/arm-none-eabi/4.8.3/../../../../arm-none-eabi/lib/armv6\libstdc++.a(eh_exception.o)
                0x4a003910                std::exception::what() const
 .text._ZNKSt13bad_exception4whatEv
                0x4a003920       0x10 c:/marmalade/7.4/s3e/gcc/win32/bin/../lib/gcc/arm-none-eabi/4.8.3/../../../../arm-none-eabi/lib/armv6\libstdc++.a(eh_exception.o)
                0x4a003920                std::bad_exception::what() const
 .text._ZNSt9exceptionD0Ev
                0x4a003930       0x1c c:/marmalade/7.4/s3e/gcc/win32/bin/../lib/gcc/arm-none-eabi/4.8.3/../../../../arm-none-eabi/lib/armv6\libstdc++.a(eh_exception.o)
                0x4a003930                std::exception::~exception()
 .text._ZNSt13bad_exceptionD0Ev
                0x4a00394c       0x1c c:/marmalade/7.4/s3e/gcc/win32/bin/../lib/gcc/arm-none-eabi/4.8.3/../../../../arm-none-eabi/lib/armv6\libstdc++.a(eh_exception.o)
                0x4a00394c                std::bad_exception::~bad_exception()
 .text.__cxa_get_globals_fast
                0x4a003968       0x10 c:/marmalade/7.4/s3e/gcc/win32/bin/../lib/gcc/arm-none-eabi/4.8.3/../../../../arm-none-eabi/lib/armv6\libstdc++.a(eh_globals.o)
                0x4a003968                __cxa_get_globals_fast
 .text.__cxa_get_globals
                0x4a003978       0x10 c:/marmalade/7.4/s3e/gcc/win32/bin/../lib/gcc/arm-none-eabi/4.8.3/../../../../arm-none-eabi/lib/armv6\libstdc++.a(eh_globals.o)
                0x4a003978                __cxa_get_globals
 .text._ZN10__cxxabiv111__terminateEPFvvE
                0x4a003988       0x34 c:/marmalade/7.4/s3e/gcc/win32/bin/../lib/gcc/arm-none-eabi/4.8.3/../../../../arm-none-eabi/lib/armv6\libstdc++.a(eh_terminate.o)
                0x4a003988                __cxxabiv1::__terminate(void (*)())
 .text._ZSt9terminatev
                0x4a0039bc       0x24 c:/marmalade/7.4/s3e/gcc/win32/bin/../lib/gcc/arm-none-eabi/4.8.3/../../../../arm-none-eabi/lib/armv6\libstdc++.a(eh_terminate.o)
                0x4a0039bc                std::terminate()
 .text._ZN10__cxxabiv112__unexpectedEPFvvE
                0x4a0039e0        0xc c:/marmalade/7.4/s3e/gcc/win32/bin/../lib/gcc/arm-none-eabi/4.8.3/../../../../arm-none-eabi/lib/armv6\libstdc++.a(eh_terminate.o)
                0x4a0039e0                __cxxabiv1::__unexpected(void (*)())
 .text._ZSt10unexpectedv
                0x4a0039ec       0x24 c:/marmalade/7.4/s3e/gcc/win32/bin/../lib/gcc/arm-none-eabi/4.8.3/../../../../arm-none-eabi/lib/armv6\libstdc++.a(eh_terminate.o)
                0x4a0039ec                std::unexpected()
 .text._ZN10__cxxabiv120__si_class_type_infoD2Ev
                0x4a003a10       0x34 c:/marmalade/7.4/s3e/gcc/win32/bin/../lib/gcc/arm-none-eabi/4.8.3/../../../../arm-none-eabi/lib/armv6\libstdc++.a(si_class_type_info.o)
                0x4a003a10                __cxxabiv1::__si_class_type_info::~__si_class_type_info()
                0x4a003a10                __cxxabiv1::__si_class_type_info::~__si_class_type_info()
 .text._ZN10__cxxabiv120__si_class_type_infoD0Ev
                0x4a003a44       0x1c c:/marmalade/7.4/s3e/gcc/win32/bin/../lib/gcc/arm-none-eabi/4.8.3/../../../../arm-none-eabi/lib/armv6\libstdc++.a(si_class_type_info.o)
                0x4a003a44                __cxxabiv1::__si_class_type_info::~__si_class_type_info()
 .text._ZNK10__cxxabiv120__si_class_type_info20__do_find_public_srcEiPKvPKNS_17__class_type_infoES2_
                0x4a003a60       0x64 c:/marmalade/7.4/s3e/gcc/win32/bin/../lib/gcc/arm-none-eabi/4.8.3/../../../../arm-none-eabi/lib/armv6\libstdc++.a(si_class_type_info.o)
                0x4a003a60                __cxxabiv1::__si_class_type_info::__do_find_public_src(int, void const*, __cxxabiv1::__class_type_info const*, void const*) const
 .text._ZNK10__cxxabiv120__si_class_type_info12__do_dyncastEiNS_17__class_type_info10__sub_kindEPKS1_PKvS4_S6_RNS1_16__dyncast_resultE
                0x4a003ac4       0xe4 c:/marmalade/7.4/s3e/gcc/win32/bin/../lib/gcc/arm-none-eabi/4.8.3/../../../../arm-none-eabi/lib/armv6\libstdc++.a(si_class_type_info.o)
                0x4a003ac4                __cxxabiv1::__si_class_type_info::__do_dyncast(int, __cxxabiv1::__class_type_info::__sub_kind, __cxxabiv1::__class_type_info const*, void const*, __cxxabiv1::__class_type_info const*, void const*, __cxxabiv1::__class_type_info::__dyncast_result&) const
 .text._ZNK10__cxxabiv120__si_class_type_info11__do_upcastEPKNS_17__class_type_infoEPKvRNS1_15__upcast_resultE
                0x4a003ba8       0x40 c:/marmalade/7.4/s3e/gcc/win32/bin/../lib/gcc/arm-none-eabi/4.8.3/../../../../arm-none-eabi/lib/armv6\libstdc++.a(si_class_type_info.o)
                0x4a003ba8                __cxxabiv1::__si_class_type_info::__do_upcast(__cxxabiv1::__class_type_info const*, void const*, __cxxabiv1::__class_type_info::__upcast_result&) const
 .text._ZNSt9type_infoD2Ev
                0x4a003be8       0x24 c:/marmalade/7.4/s3e/gcc/win32/bin/../lib/gcc/arm-none-eabi/4.8.3/../../../../arm-none-eabi/lib/armv6\libstdc++.a(tinfo.o)
                0x4a003be8                std::type_info::~type_info()
                0x4a003be8                std::type_info::~type_info()
 .text._ZNKSt9type_info14__is_pointer_pEv
                0x4a003c0c        0x8 c:/marmalade/7.4/s3e/gcc/win32/bin/../lib/gcc/arm-none-eabi/4.8.3/../../../../arm-none-eabi/lib/armv6\libstdc++.a(tinfo.o)
                0x4a003c0c                std::type_info::__is_pointer_p() const
 .text._ZNKSt9type_info15__is_function_pEv
                0x4a003c14        0x8 c:/marmalade/7.4/s3e/gcc/win32/bin/../lib/gcc/arm-none-eabi/4.8.3/../../../../arm-none-eabi/lib/armv6\libstdc++.a(tinfo.o)
                0x4a003c14                std::type_info::__is_function_p() const
 .text._ZNKSt9type_info11__do_upcastEPKN10__cxxabiv117__class_type_infoEPPv
                0x4a003c1c        0x8 c:/marmalade/7.4/s3e/gcc/win32/bin/../lib/gcc/arm-none-eabi/4.8.3/../../../../arm-none-eabi/lib/armv6\libstdc++.a(tinfo.o)
                0x4a003c1c                std::type_info::__do_upcast(__cxxabiv1::__class_type_info const*, void**) const
 .text._ZNSt9type_infoD0Ev
                0x4a003c24       0x1c c:/marmalade/7.4/s3e/gcc/win32/bin/../lib/gcc/arm-none-eabi/4.8.3/../../../../arm-none-eabi/lib/armv6\libstdc++.a(tinfo.o)
                0x4a003c24                std::type_info::~type_info()
 .text._ZNKSt9type_infoeqERKS_
                0x4a003c40       0x4c c:/marmalade/7.4/s3e/gcc/win32/bin/../lib/gcc/arm-none-eabi/4.8.3/../../../../arm-none-eabi/lib/armv6\libstdc++.a(tinfo.o)
                0x4a003c40                std::type_info::operator==(std::type_info const&) const
 .text._ZNKSt9type_info10__do_catchEPKS_PPvj
                0x4a003c8c        0x4 c:/marmalade/7.4/s3e/gcc/win32/bin/../lib/gcc/arm-none-eabi/4.8.3/../../../../arm-none-eabi/lib/armv6\libstdc++.a(tinfo.o)
                0x4a003c8c                std::type_info::__do_catch(std::type_info const*, void**, unsigned int) const
 .text._ZNK10__cxxabiv117__class_type_info11__do_upcastEPKS0_PPv
                0x4a003c90       0x5c c:/marmalade/7.4/s3e/gcc/win32/bin/../lib/gcc/arm-none-eabi/4.8.3/../../../../arm-none-eabi/lib/armv6\libstdc++.a(class_type_info.o)
                0x4a003c90                __cxxabiv1::__class_type_info::__do_upcast(__cxxabiv1::__class_type_info const*, void**) const
 .text._ZNK10__cxxabiv117__class_type_info20__do_find_public_srcEiPKvPKS0_S2_
                0x4a003cec       0x14 c:/marmalade/7.4/s3e/gcc/win32/bin/../lib/gcc/arm-none-eabi/4.8.3/../../../../arm-none-eabi/lib/armv6\libstdc++.a(class_type_info.o)
                0x4a003cec                __cxxabiv1::__class_type_info::__do_find_public_src(int, void const*, __cxxabiv1::__class_type_info const*, void const*) const
 .text._ZN10__cxxabiv117__class_type_infoD2Ev
                0x4a003d00       0x34 c:/marmalade/7.4/s3e/gcc/win32/bin/../lib/gcc/arm-none-eabi/4.8.3/../../../../arm-none-eabi/lib/armv6\libstdc++.a(class_type_info.o)
                0x4a003d00                __cxxabiv1::__class_type_info::~__class_type_info()
                0x4a003d00                __cxxabiv1::__class_type_info::~__class_type_info()
 .text._ZN10__cxxabiv117__class_type_infoD0Ev
                0x4a003d34       0x1c c:/marmalade/7.4/s3e/gcc/win32/bin/../lib/gcc/arm-none-eabi/4.8.3/../../../../arm-none-eabi/lib/armv6\libstdc++.a(class_type_info.o)
                0x4a003d34                __cxxabiv1::__class_type_info::~__class_type_info()
 .text._ZNK10__cxxabiv117__class_type_info11__do_upcastEPKS0_PKvRNS0_15__upcast_resultE
                0x4a003d50       0x2c c:/marmalade/7.4/s3e/gcc/win32/bin/../lib/gcc/arm-none-eabi/4.8.3/../../../../arm-none-eabi/lib/armv6\libstdc++.a(class_type_info.o)
                0x4a003d50                __cxxabiv1::__class_type_info::__do_upcast(__cxxabiv1::__class_type_info const*, void const*, __cxxabiv1::__class_type_info::__upcast_result&) const
 .text._ZNK10__cxxabiv117__class_type_info10__do_catchEPKSt9type_infoPPvj
                0x4a003d7c       0x44 c:/marmalade/7.4/s3e/gcc/win32/bin/../lib/gcc/arm-none-eabi/4.8.3/../../../../arm-none-eabi/lib/armv6\libstdc++.a(class_type_info.o)
                0x4a003d7c                __cxxabiv1::__class_type_info::__do_catch(std::type_info const*, void**, unsigned int) const
 .text._ZNK10__cxxabiv117__class_type_info12__do_dyncastEiNS0_10__sub_kindEPKS0_PKvS3_S5_RNS0_16__dyncast_resultE
                0x4a003dc0       0x78 c:/marmalade/7.4/s3e/gcc/win32/bin/../lib/gcc/arm-none-eabi/4.8.3/../../../../arm-none-eabi/lib/armv6\libstdc++.a(class_type_info.o)
                0x4a003dc0                __cxxabiv1::__class_type_info::__do_dyncast(int, __cxxabiv1::__class_type_info::__sub_kind, __cxxabiv1::__class_type_info const*, void const*, __cxxabiv1::__class_type_info const*, void const*, __cxxabiv1::__class_type_info::__dyncast_result&) const
 .text.__cxa_call_terminate
                0x4a003e38       0x7c c:/marmalade/7.4/s3e/gcc/win32/bin/../lib/gcc/arm-none-eabi/4.8.3/../../../../arm-none-eabi/lib/armv6\libstdc++.a(eh_call.o)
                0x4a003e38                __cxa_call_terminate
 .text.__cxa_call_unexpected
                0x4a003eb4      0x1a8 c:/marmalade/7.4/s3e/gcc/win32/bin/../lib/gcc/arm-none-eabi/4.8.3/../../../../arm-none-eabi/lib/armv6\libstdc++.a(eh_call.o)
                0x4a003eb4                __cxa_call_unexpected
 .text.__cxa_begin_catch
                0x4a00405c       0xe0 c:/marmalade/7.4/s3e/gcc/win32/bin/../lib/gcc/arm-none-eabi/4.8.3/../../../../arm-none-eabi/lib/armv6\libstdc++.a(eh_catch.o)
                0x4a00405c                __cxa_begin_catch
 .text.__cxa_end_catch
                0x4a00413c       0xd8 c:/marmalade/7.4/s3e/gcc/win32/bin/../lib/gcc/arm-none-eabi/4.8.3/../../../../arm-none-eabi/lib/armv6\libstdc++.a(eh_catch.o)
                0x4a00413c                __cxa_end_catch
 .text._ZL12read_sleb128PKhPl
                0x4a004214       0x44 c:/marmalade/7.4/s3e/gcc/win32/bin/../lib/gcc/arm-none-eabi/4.8.3/../../../../arm-none-eabi/lib/armv6\libstdc++.a(eh_personality.o)
 .text._ZL28read_encoded_value_with_basehjPKhPj
                0x4a004258      0x16c c:/marmalade/7.4/s3e/gcc/win32/bin/../lib/gcc/arm-none-eabi/4.8.3/../../../../arm-none-eabi/lib/armv6\libstdc++.a(eh_personality.o)
 .text._ZL21base_of_encoded_valuehP15_Unwind_Context
                0x4a0043c4       0x74 c:/marmalade/7.4/s3e/gcc/win32/bin/../lib/gcc/arm-none-eabi/4.8.3/../../../../arm-none-eabi/lib/armv6\libstdc++.a(eh_personality.o)
 .text._ZL17parse_lsda_headerP15_Unwind_ContextPKhP16lsda_header_info
                0x4a004438       0xe0 c:/marmalade/7.4/s3e/gcc/win32/bin/../lib/gcc/arm-none-eabi/4.8.3/../../../../arm-none-eabi/lib/armv6\libstdc++.a(eh_personality.o)
 .text.__gxx_personality_v0
                0x4a004518      0x66c c:/marmalade/7.4/s3e/gcc/win32/bin/../lib/gcc/arm-none-eabi/4.8.3/../../../../arm-none-eabi/lib/armv6\libstdc++.a(eh_personality.o)
                0x4a004518                __gxx_personality_v0
 .text._ZL23__gxx_exception_cleanup19_Unwind_Reason_CodeP21_Unwind_Control_Block
                0x4a004b84       0x60 c:/marmalade/7.4/s3e/gcc/win32/bin/../lib/gcc/arm-none-eabi/4.8.3/../../../../arm-none-eabi/lib/armv6\libstdc++.a(eh_throw.o)
 .text.__cxa_throw
                0x4a004be4       0xc4 c:/marmalade/7.4/s3e/gcc/win32/bin/../lib/gcc/arm-none-eabi/4.8.3/../../../../arm-none-eabi/lib/armv6\libstdc++.a(eh_throw.o)
                0x4a004be4                __cxa_throw
 .text.__cxa_rethrow
                0x4a004ca8       0xb0 c:/marmalade/7.4/s3e/gcc/win32/bin/../lib/gcc/arm-none-eabi/4.8.3/../../../../arm-none-eabi/lib/armv6\libstdc++.a(eh_throw.o)
                0x4a004ca8                __cxa_rethrow
 .text._ZN9__gnu_cxx27__verbose_terminate_handlerEv
                0x4a004d58      0x1cc c:/marmalade/7.4/s3e/gcc/win32/bin/../lib/gcc/arm-none-eabi/4.8.3/../../../../arm-none-eabi/lib/armv6\libstdc++.a(vterminate.o)
                0x4a004d58                __gnu_cxx::__verbose_terminate_handler()
 .text          0x4a004f24     0x8640 c:/marmalade/7.4/s3e/gcc/win32/bin/../lib/gcc/arm-none-eabi/4.8.3/../../../../arm-none-eabi/lib/armv6\libstdc++.a(cp-demangle.o)
                0x4a00d3ec                __cxa_demangle
                0x4a00d538                __gcclibcxx_demangle_callback
 .text.__cxa_allocate_exception
                0x4a00d564       0x98 c:/marmalade/7.4/s3e/gcc/win32/bin/../lib/gcc/arm-none-eabi/4.8.3/../../../../arm-none-eabi/lib/armv6\libstdc++.a(eh_alloc.o)
                0x4a00d564                __cxa_allocate_exception
 .text.__cxa_free_exception
                0x4a00d5fc       0x50 c:/marmalade/7.4/s3e/gcc/win32/bin/../lib/gcc/arm-none-eabi/4.8.3/../../../../arm-none-eabi/lib/armv6\libstdc++.a(eh_alloc.o)
                0x4a00d5fc                __cxa_free_exception
 .text.__cxa_current_exception_type
                0x4a00d64c       0x2c c:/marmalade/7.4/s3e/gcc/win32/bin/../lib/gcc/arm-none-eabi/4.8.3/../../../../arm-none-eabi/lib/armv6\libstdc++.a(eh_type.o)
                0x4a00d64c                __cxa_current_exception_type
 .text.startup.register_fini
                0x4a00d678       0x30 c:/marmalade/7.4/s3e/gcc/win32/bin/../lib/gcc/arm-none-eabi/4.8.3/../../../../arm-none-eabi/lib/armv6\libc.a(lib_a-__call_atexit.o)
 .text.__call_exitprocs
                0x4a00d6a8      0x17c c:/marmalade/7.4/s3e/gcc/win32/bin/../lib/gcc/arm-none-eabi/4.8.3/../../../../arm-none-eabi/lib/armv6\libc.a(lib_a-__call_atexit.o)
                0x4a00d6a8                __call_exitprocs
 .text.setup_aeabi_stdio
                0x4a00d824       0x60 c:/marmalade/7.4/s3e/gcc/win32/bin/../lib/gcc/arm-none-eabi/4.8.3/../../../../arm-none-eabi/lib/armv6\libc.a(lib_a-aeabi_lcsts.o)
 .text.atexit   0x4a00d884       0x14 c:/marmalade/7.4/s3e/gcc/win32/bin/../lib/gcc/arm-none-eabi/4.8.3/../../../../arm-none-eabi/lib/armv6\libc.a(lib_a-atexit.o)
                0x4a00d884                atexit
 .text.__errno  0x4a00d898       0x20 c:/marmalade/7.4/s3e/gcc/win32/bin/../lib/gcc/arm-none-eabi/4.8.3/../../../../arm-none-eabi/lib/armv6\libc.a(lib_a-errno.o)
                0x4a00d898                __errno
 .text.exit     0x4a00d8b8       0x48 c:/marmalade/7.4/s3e/gcc/win32/bin/../lib/gcc/arm-none-eabi/4.8.3/../../../../arm-none-eabi/lib/armv6\libc.a(lib_a-exit.o)
                0x4a00d8b8                exit
 .text.__libc_fini_array
                0x4a00d900       0x54 c:/marmalade/7.4/s3e/gcc/win32/bin/../lib/gcc/arm-none-eabi/4.8.3/../../../../arm-none-eabi/lib/armv6\libc.a(lib_a-fini.o)
                0x4a00d900                __libc_fini_array
 .text.fputc    0x4a00d954       0x58 c:/marmalade/7.4/s3e/gcc/win32/bin/../lib/gcc/arm-none-eabi/4.8.3/../../../../arm-none-eabi/lib/armv6\libc.a(lib_a-fputc.o)
                0x4a00d954                fputc
 .text._fputs_r
                0x4a00d9ac       0x88 c:/marmalade/7.4/s3e/gcc/win32/bin/../lib/gcc/arm-none-eabi/4.8.3/../../../../arm-none-eabi/lib/armv6\libc.a(lib_a-fputs.o)
                0x4a00d9ac                _fputs_r
 .text.fputs    0x4a00da34       0x28 c:/marmalade/7.4/s3e/gcc/win32/bin/../lib/gcc/arm-none-eabi/4.8.3/../../../../arm-none-eabi/lib/armv6\libc.a(lib_a-fputs.o)
                0x4a00da34                fputs
 .text._fstat_r
                0x4a00da5c       0x4c c:/marmalade/7.4/s3e/gcc/win32/bin/../lib/gcc/arm-none-eabi/4.8.3/../../../../arm-none-eabi/lib/armv6\libc.a(lib_a-fstatr.o)
                0x4a00da5c                _fstat_r
 .text.__sfvwrite_r
                0x4a00daa8      0x4b4 c:/marmalade/7.4/s3e/gcc/win32/bin/../lib/gcc/arm-none-eabi/4.8.3/../../../../arm-none-eabi/lib/armv6\libc.a(lib_a-fvwrite.o)
                0x4a00daa8                __sfvwrite_r
 .text._fwrite_r
                0x4a00df5c       0x9c c:/marmalade/7.4/s3e/gcc/win32/bin/../lib/gcc/arm-none-eabi/4.8.3/../../../../arm-none-eabi/lib/armv6\libc.a(lib_a-fwrite.o)
                0x4a00df5c                _fwrite_r
 .text.fwrite   0x4a00dff8       0x48 c:/marmalade/7.4/s3e/gcc/win32/bin/../lib/gcc/arm-none-eabi/4.8.3/../../../../arm-none-eabi/lib/armv6\libc.a(lib_a-fwrite.o)
                0x4a00dff8                fwrite
 .text.__libc_init_array
                0x4a00e040       0x98 c:/marmalade/7.4/s3e/gcc/win32/bin/../lib/gcc/arm-none-eabi/4.8.3/../../../../arm-none-eabi/lib/armv6\libc.a(lib_a-init.o)
                0x4a00e040                __libc_init_array
 .text.__smakebuf_r
                0x4a00e0d8      0x180 c:/marmalade/7.4/s3e/gcc/win32/bin/../lib/gcc/arm-none-eabi/4.8.3/../../../../arm-none-eabi/lib/armv6\libc.a(lib_a-makebuf.o)
                0x4a00e0d8                __smakebuf_r
 .text.memchr   0x4a00e258      0x114 c:/marmalade/7.4/s3e/gcc/win32/bin/../lib/gcc/arm-none-eabi/4.8.3/../../../../arm-none-eabi/lib/armv6\libc.a(lib_a-memchr-stub.o)
                0x4a00e258                memchr
 .text.memcmp   0x4a00e36c       0xb4 c:/marmalade/7.4/s3e/gcc/win32/bin/../lib/gcc/arm-none-eabi/4.8.3/../../../../arm-none-eabi/lib/armv6\libc.a(lib_a-memcmp.o)
                0x4a00e36c                memcmp
 .text.memcpy   0x4a00e420       0xf0 c:/marmalade/7.4/s3e/gcc/win32/bin/../lib/gcc/arm-none-eabi/4.8.3/../../../../arm-none-eabi/lib/armv6\libc.a(lib_a-memcpy-stub.o)
                0x4a00e420                memcpy
 .text.memmove  0x4a00e510      0x134 c:/marmalade/7.4/s3e/gcc/win32/bin/../lib/gcc/arm-none-eabi/4.8.3/../../../../arm-none-eabi/lib/armv6\libc.a(lib_a-memmove.o)
                0x4a00e510                memmove
 .text.memset   0x4a00e644       0xf4 c:/marmalade/7.4/s3e/gcc/win32/bin/../lib/gcc/arm-none-eabi/4.8.3/../../../../arm-none-eabi/lib/armv6\libc.a(lib_a-memset.o)
                0x4a00e644                memset
 .text._putc_r  0x4a00e738       0xa0 c:/marmalade/7.4/s3e/gcc/win32/bin/../lib/gcc/arm-none-eabi/4.8.3/../../../../arm-none-eabi/lib/armv6\libc.a(lib_a-putc.o)
                0x4a00e738                _putc_r
 .text._puts_r  0x4a00e7d8       0x90 c:/marmalade/7.4/s3e/gcc/win32/bin/../lib/gcc/arm-none-eabi/4.8.3/../../../../arm-none-eabi/lib/armv6\libc.a(lib_a-puts.o)
                0x4a00e7d8                _puts_r
 .text.puts     0x4a00e868       0x24 c:/marmalade/7.4/s3e/gcc/win32/bin/../lib/gcc/arm-none-eabi/4.8.3/../../../../arm-none-eabi/lib/armv6\libc.a(lib_a-puts.o)
                0x4a00e868                puts
 .text.snprintf
                0x4a00e88c       0xac c:/marmalade/7.4/s3e/gcc/win32/bin/../lib/gcc/arm-none-eabi/4.8.3/../../../../arm-none-eabi/lib/armv6\libc.a(lib_a-snprintf.o)
                0x4a00e88c                snprintf
 .text.sprintf  0x4a00e938       0x7c c:/marmalade/7.4/s3e/gcc/win32/bin/../lib/gcc/arm-none-eabi/4.8.3/../../../../arm-none-eabi/lib/armv6\libc.a(lib_a-sprintf.o)
                0x4a00e938                sprintf
 .text.__sread  0x4a00e9b4       0x30 c:/marmalade/7.4/s3e/gcc/win32/bin/../lib/gcc/arm-none-eabi/4.8.3/../../../../arm-none-eabi/lib/armv6\libc.a(lib_a-stdio.o)
                0x4a00e9b4                __sread
 .text.__seofread
                0x4a00e9e4        0x8 c:/marmalade/7.4/s3e/gcc/win32/bin/../lib/gcc/arm-none-eabi/4.8.3/../../../../arm-none-eabi/lib/armv6\libc.a(lib_a-stdio.o)
                0x4a00e9e4                __seofread
 .text.__swrite
                0x4a00e9ec       0x54 c:/marmalade/7.4/s3e/gcc/win32/bin/../lib/gcc/arm-none-eabi/4.8.3/../../../../arm-none-eabi/lib/armv6\libc.a(lib_a-stdio.o)
                0x4a00e9ec                __swrite
 .text.__sseek  0x4a00ea40       0x2c c:/marmalade/7.4/s3e/gcc/win32/bin/../lib/gcc/arm-none-eabi/4.8.3/../../../../arm-none-eabi/lib/armv6\libc.a(lib_a-stdio.o)
                0x4a00ea40                __sseek
 .text.__sclose
                0x4a00ea6c        0x8 c:/marmalade/7.4/s3e/gcc/win32/bin/../lib/gcc/arm-none-eabi/4.8.3/../../../../arm-none-eabi/lib/armv6\libc.a(lib_a-stdio.o)
                0x4a00ea6c                __sclose
 .text.strchr   0x4a00ea74      0x1c8 c:/marmalade/7.4/s3e/gcc/win32/bin/../lib/gcc/arm-none-eabi/4.8.3/../../../../arm-none-eabi/lib/armv6\libc.a(lib_a-strchr.o)
                0x4a00ea74                strchr
 .text          0x4a00ec3c      0x280 c:/marmalade/7.4/s3e/gcc/win32/bin/../lib/gcc/arm-none-eabi/4.8.3/../../../../arm-none-eabi/lib/armv6\libc.a(lib_a-strcmp.o)
                0x4a00ec3c                strcmp
 .text.strcpy   0x4a00eebc       0xf0 c:/marmalade/7.4/s3e/gcc/win32/bin/../lib/gcc/arm-none-eabi/4.8.3/../../../../arm-none-eabi/lib/armv6\libc.a(lib_a-strcpy.o)
                0x4a00eebc                strcpy
 .text.strlen   0x4a00efac       0x5c c:/marmalade/7.4/s3e/gcc/win32/bin/../lib/gcc/arm-none-eabi/4.8.3/../../../../arm-none-eabi/lib/armv6\libc.a(lib_a-strlen.o)
                0x4a00efac                strlen
 .text.strncat  0x4a00f008       0xc0 c:/marmalade/7.4/s3e/gcc/win32/bin/../lib/gcc/arm-none-eabi/4.8.3/../../../../arm-none-eabi/lib/armv6\libc.a(lib_a-strncat.o)
                0x4a00f008                strncat
 .text.strncmp  0x4a00f0c8      0x160 c:/marmalade/7.4/s3e/gcc/win32/bin/../lib/gcc/arm-none-eabi/4.8.3/../../../../arm-none-eabi/lib/armv6\libc.a(lib_a-strncmp.o)
                0x4a00f0c8                strncmp
 .text.strncpy  0x4a00f228       0xd4 c:/marmalade/7.4/s3e/gcc/win32/bin/../lib/gcc/arm-none-eabi/4.8.3/../../../../arm-none-eabi/lib/armv6\libc.a(lib_a-strncpy.o)
                0x4a00f228                strncpy
 .text._svfprintf_r
                0x4a00f2fc     0x20f4 c:/marmalade/7.4/s3e/gcc/win32/bin/../lib/gcc/arm-none-eabi/4.8.3/../../../../arm-none-eabi/lib/armv6\libc.a(lib_a-svfprintf.o)
                0x4a00f2fc                _svfprintf_r
 .text.tzset    0x4a0113f0       0x20 c:/marmalade/7.4/s3e/gcc/win32/bin/../lib/gcc/arm-none-eabi/4.8.3/../../../../arm-none-eabi/lib/armv6\libc.a(lib_a-tzset.o)
                0x4a0113f0                tzset
 .text._tzset_r
                0x4a011410      0x530 c:/marmalade/7.4/s3e/gcc/win32/bin/../lib/gcc/arm-none-eabi/4.8.3/../../../../arm-none-eabi/lib/armv6\libc.a(lib_a-tzset_r.o)
                0x4a011410                _tzset_r
 .text._vsnprintf_r
                0x4a011940       0x80 c:/marmalade/7.4/s3e/gcc/win32/bin/../lib/gcc/arm-none-eabi/4.8.3/../../../../arm-none-eabi/lib/armv6\libc.a(lib_a-vsnprintf.o)
                0x4a011940                _vsnprintf_r
 .text.vsnprintf
                0x4a0119c0       0x48 c:/marmalade/7.4/s3e/gcc/win32/bin/../lib/gcc/arm-none-eabi/4.8.3/../../../../arm-none-eabi/lib/armv6\libc.a(lib_a-vsnprintf.o)
                0x4a0119c0                vsnprintf
 .text.__swbuf_r
                0x4a011a08      0x120 c:/marmalade/7.4/s3e/gcc/win32/bin/../lib/gcc/arm-none-eabi/4.8.3/../../../../arm-none-eabi/lib/armv6\libc.a(lib_a-wbuf.o)
                0x4a011a08                __swbuf_r
 .text._write_r
                0x4a011b28       0x50 c:/marmalade/7.4/s3e/gcc/win32/bin/../lib/gcc/arm-none-eabi/4.8.3/../../../../arm-none-eabi/lib/armv6\libc.a(lib_a-writer.o)
                0x4a011b28                _write_r
 .text.__swsetup_r
                0x4a011b78      0x164 c:/marmalade/7.4/s3e/gcc/win32/bin/../lib/gcc/arm-none-eabi/4.8.3/../../../../arm-none-eabi/lib/armv6\libc.a(lib_a-wsetup.o)
                0x4a011b78                __swsetup_r
 .text.__register_exitproc
                0x4a011cdc      0x104 c:/marmalade/7.4/s3e/gcc/win32/bin/../lib/gcc/arm-none-eabi/4.8.3/../../../../arm-none-eabi/lib/armv6\libc.a(lib_a-__atexit.o)
                0x4a011cdc                __register_exitproc
 .text._close_r
                0x4a011de0       0x48 c:/marmalade/7.4/s3e/gcc/win32/bin/../lib/gcc/arm-none-eabi/4.8.3/../../../../arm-none-eabi/lib/armv6\libc.a(lib_a-closer.o)
                0x4a011de0                _close_r
 .text.quorem   0x4a011e28      0x1c4 c:/marmalade/7.4/s3e/gcc/win32/bin/../lib/gcc/arm-none-eabi/4.8.3/../../../../arm-none-eabi/lib/armv6\libc.a(lib_a-dtoa.o)
 .text._dtoa_r  0x4a011fec     0x16fc c:/marmalade/7.4/s3e/gcc/win32/bin/../lib/gcc/arm-none-eabi/4.8.3/../../../../arm-none-eabi/lib/armv6\libc.a(lib_a-dtoa.o)
                0x4a011fec                _dtoa_r
 .text.__sflush_r
                0x4a0136e8      0x240 c:/marmalade/7.4/s3e/gcc/win32/bin/../lib/gcc/arm-none-eabi/4.8.3/../../../../arm-none-eabi/lib/armv6\libc.a(lib_a-fflush.o)
                0x4a0136e8                __sflush_r
 .text._fflush_r
                0x4a013928       0x50 c:/marmalade/7.4/s3e/gcc/win32/bin/../lib/gcc/arm-none-eabi/4.8.3/../../../../arm-none-eabi/lib/armv6\libc.a(lib_a-fflush.o)
                0x4a013928                _fflush_r
 .text._cleanup_r
                0x4a013978       0x1c c:/marmalade/7.4/s3e/gcc/win32/bin/../lib/gcc/arm-none-eabi/4.8.3/../../../../arm-none-eabi/lib/armv6\libc.a(lib_a-findfp.o)
                0x4a013978                _cleanup_r
 .text.__sfp_lock_acquire
                0x4a013994        0x4 c:/marmalade/7.4/s3e/gcc/win32/bin/../lib/gcc/arm-none-eabi/4.8.3/../../../../arm-none-eabi/lib/armv6\libc.a(lib_a-findfp.o)
                0x4a013994                __sfp_lock_acquire
 .text.__sfp_lock_release
                0x4a013998        0x4 c:/marmalade/7.4/s3e/gcc/win32/bin/../lib/gcc/arm-none-eabi/4.8.3/../../../../arm-none-eabi/lib/armv6\libc.a(lib_a-findfp.o)
                0x4a013998                __sfp_lock_release
 .text.__sinit_lock_acquire
                0x4a01399c        0x4 c:/marmalade/7.4/s3e/gcc/win32/bin/../lib/gcc/arm-none-eabi/4.8.3/../../../../arm-none-eabi/lib/armv6\libc.a(lib_a-findfp.o)
                0x4a01399c                __sinit_lock_acquire
 .text.__sinit_lock_release
                0x4a0139a0        0x4 c:/marmalade/7.4/s3e/gcc/win32/bin/../lib/gcc/arm-none-eabi/4.8.3/../../../../arm-none-eabi/lib/armv6\libc.a(lib_a-findfp.o)
                0x4a0139a0                __sinit_lock_release
 .text.__sinit  0x4a0139a4      0x18c c:/marmalade/7.4/s3e/gcc/win32/bin/../lib/gcc/arm-none-eabi/4.8.3/../../../../arm-none-eabi/lib/armv6\libc.a(lib_a-findfp.o)
                0x4a0139a4                __sinit
 .text._fwalk   0x4a013b30       0x78 c:/marmalade/7.4/s3e/gcc/win32/bin/../lib/gcc/arm-none-eabi/4.8.3/../../../../arm-none-eabi/lib/armv6\libc.a(lib_a-fwalk.o)
                0x4a013b30                _fwalk
 .text._findenv_r
                0x4a013ba8       0xe4 c:/marmalade/7.4/s3e/gcc/win32/bin/../lib/gcc/arm-none-eabi/4.8.3/../../../../arm-none-eabi/lib/armv6\libc.a(lib_a-getenv_r.o)
                0x4a013ba8                _findenv_r
 .text._getenv_r
                0x4a013c8c       0x18 c:/marmalade/7.4/s3e/gcc/win32/bin/../lib/gcc/arm-none-eabi/4.8.3/../../../../arm-none-eabi/lib/armv6\libc.a(lib_a-getenv_r.o)
                0x4a013c8c                _getenv_r
 .text.__gettzinfo
                0x4a013ca4       0x10 c:/marmalade/7.4/s3e/gcc/win32/bin/../lib/gcc/arm-none-eabi/4.8.3/../../../../arm-none-eabi/lib/armv6\libc.a(lib_a-gettzinfo.o)
                0x4a013ca4                __gettzinfo
 .text._isatty_r
                0x4a013cb4       0x48 c:/marmalade/7.4/s3e/gcc/win32/bin/../lib/gcc/arm-none-eabi/4.8.3/../../../../arm-none-eabi/lib/armv6\libc.a(lib_a-isattyr.o)
                0x4a013cb4                _isatty_r
 .text.__locale_charset
                0x4a013cfc       0x10 c:/marmalade/7.4/s3e/gcc/win32/bin/../lib/gcc/arm-none-eabi/4.8.3/../../../../arm-none-eabi/lib/armv6\libc.a(lib_a-locale.o)
                0x4a013cfc                __locale_charset
 .text.__locale_mb_cur_max
                0x4a013d0c       0x20 c:/marmalade/7.4/s3e/gcc/win32/bin/../lib/gcc/arm-none-eabi/4.8.3/../../../../arm-none-eabi/lib/armv6\libc.a(lib_a-locale.o)
                0x4a013d0c                __locale_mb_cur_max
 .text._localeconv_r
                0x4a013d2c       0x10 c:/marmalade/7.4/s3e/gcc/win32/bin/../lib/gcc/arm-none-eabi/4.8.3/../../../../arm-none-eabi/lib/armv6\libc.a(lib_a-locale.o)
                0x4a013d2c                _localeconv_r
 .text._lseek_r
                0x4a013d3c       0x50 c:/marmalade/7.4/s3e/gcc/win32/bin/../lib/gcc/arm-none-eabi/4.8.3/../../../../arm-none-eabi/lib/armv6\libc.a(lib_a-lseekr.o)
                0x4a013d3c                _lseek_r
 .text.__tzcalc_limits
                0x4a013d8c      0x258 c:/marmalade/7.4/s3e/gcc/win32/bin/../lib/gcc/arm-none-eabi/4.8.3/../../../../arm-none-eabi/lib/armv6\libc.a(lib_a-mktm_r.o)
                0x4a013d8c                __tzcalc_limits
 .text._Balloc  0x4a013fe4       0x8c c:/marmalade/7.4/s3e/gcc/win32/bin/../lib/gcc/arm-none-eabi/4.8.3/../../../../arm-none-eabi/lib/armv6\libc.a(lib_a-mprec.o)
                0x4a013fe4                _Balloc
 .text._Bfree   0x4a014070       0x1c c:/marmalade/7.4/s3e/gcc/win32/bin/../lib/gcc/arm-none-eabi/4.8.3/../../../../arm-none-eabi/lib/armv6\libc.a(lib_a-mprec.o)
                0x4a014070                _Bfree
 .text.__multadd
                0x4a01408c       0xc8 c:/marmalade/7.4/s3e/gcc/win32/bin/../lib/gcc/arm-none-eabi/4.8.3/../../../../arm-none-eabi/lib/armv6\libc.a(lib_a-mprec.o)
                0x4a01408c                __multadd
 .text.__hi0bits
                0x4a014154       0x5c c:/marmalade/7.4/s3e/gcc/win32/bin/../lib/gcc/arm-none-eabi/4.8.3/../../../../arm-none-eabi/lib/armv6\libc.a(lib_a-mprec.o)
                0x4a014154                __hi0bits
 .text.__lo0bits
                0x4a0141b0       0x98 c:/marmalade/7.4/s3e/gcc/win32/bin/../lib/gcc/arm-none-eabi/4.8.3/../../../../arm-none-eabi/lib/armv6\libc.a(lib_a-mprec.o)
                0x4a0141b0                __lo0bits
 .text.__i2b    0x4a014248       0x20 c:/marmalade/7.4/s3e/gcc/win32/bin/../lib/gcc/arm-none-eabi/4.8.3/../../../../arm-none-eabi/lib/armv6\libc.a(lib_a-mprec.o)
                0x4a014248                __i2b
 .text.__multiply
                0x4a014268      0x1c8 c:/marmalade/7.4/s3e/gcc/win32/bin/../lib/gcc/arm-none-eabi/4.8.3/../../../../arm-none-eabi/lib/armv6\libc.a(lib_a-mprec.o)
                0x4a014268                __multiply
 .text.__pow5mult
                0x4a014430       0xec c:/marmalade/7.4/s3e/gcc/win32/bin/../lib/gcc/arm-none-eabi/4.8.3/../../../../arm-none-eabi/lib/armv6\libc.a(lib_a-mprec.o)
                0x4a014430                __pow5mult
 .text.__lshift
                0x4a01451c      0x108 c:/marmalade/7.4/s3e/gcc/win32/bin/../lib/gcc/arm-none-eabi/4.8.3/../../../../arm-none-eabi/lib/armv6\libc.a(lib_a-mprec.o)
                0x4a01451c                __lshift
 .text.__mcmp   0x4a014624       0x60 c:/marmalade/7.4/s3e/gcc/win32/bin/../lib/gcc/arm-none-eabi/4.8.3/../../../../arm-none-eabi/lib/armv6\libc.a(lib_a-mprec.o)
                0x4a014624                __mcmp
 .text.__mdiff  0x4a014684      0x134 c:/marmalade/7.4/s3e/gcc/win32/bin/../lib/gcc/arm-none-eabi/4.8.3/../../../../arm-none-eabi/lib/armv6\libc.a(lib_a-mprec.o)
                0x4a014684                __mdiff
 .text.__d2b    0x4a0147b8      0x114 c:/marmalade/7.4/s3e/gcc/win32/bin/../lib/gcc/arm-none-eabi/4.8.3/../../../../arm-none-eabi/lib/armv6\libc.a(lib_a-mprec.o)
                0x4a0147b8                __d2b
 .text._read_r  0x4a0148cc       0x50 c:/marmalade/7.4/s3e/gcc/win32/bin/../lib/gcc/arm-none-eabi/4.8.3/../../../../arm-none-eabi/lib/armv6\libc.a(lib_a-readr.o)
                0x4a0148cc                _read_r
 .text.__fpclassifyd
                0x4a01491c       0x6c c:/marmalade/7.4/s3e/gcc/win32/bin/../lib/gcc/arm-none-eabi/4.8.3/../../../../arm-none-eabi/lib/armv6\libc.a(lib_a-s_fpclassify.o)
                0x4a01491c                __fpclassifyd
 .text.siscanf  0x4a014988       0x94 c:/marmalade/7.4/s3e/gcc/win32/bin/../lib/gcc/arm-none-eabi/4.8.3/../../../../arm-none-eabi/lib/armv6\libc.a(lib_a-siscanf.o)
                0x4a014988                siscanf
 .text._strtoul_r
                0x4a014a1c      0x1f0 c:/marmalade/7.4/s3e/gcc/win32/bin/../lib/gcc/arm-none-eabi/4.8.3/../../../../arm-none-eabi/lib/armv6\libc.a(lib_a-strtoul.o)
                0x4a014a1c                _strtoul_r
 .text.strtoul  0x4a014c0c       0x38 c:/marmalade/7.4/s3e/gcc/win32/bin/../lib/gcc/arm-none-eabi/4.8.3/../../../../arm-none-eabi/lib/armv6\libc.a(lib_a-strtoul.o)
                0x4a014c0c                strtoul
 .text.__ssprint_r
                0x4a014c44      0x1a4 c:/marmalade/7.4/s3e/gcc/win32/bin/../lib/gcc/arm-none-eabi/4.8.3/../../../../arm-none-eabi/lib/armv6\libc.a(lib_a-svfiprintf.o)
                0x4a014c44                __ssprint_r
 .text._sungetc_r
                0x4a014de8       0xe8 c:/marmalade/7.4/s3e/gcc/win32/bin/../lib/gcc/arm-none-eabi/4.8.3/../../../../arm-none-eabi/lib/armv6\libc.a(lib_a-svfiscanf.o)
                0x4a014de8                _sungetc_r
 .text.__ssrefill_r
                0x4a014ed0       0x68 c:/marmalade/7.4/s3e/gcc/win32/bin/../lib/gcc/arm-none-eabi/4.8.3/../../../../arm-none-eabi/lib/armv6\libc.a(lib_a-svfiscanf.o)
                0x4a014ed0                __ssrefill_r
 .text._sfread_r
                0x4a014f38       0xc4 c:/marmalade/7.4/s3e/gcc/win32/bin/../lib/gcc/arm-none-eabi/4.8.3/../../../../arm-none-eabi/lib/armv6\libc.a(lib_a-svfiscanf.o)
                0x4a014f38                _sfread_r
 .text.__ssvfiscanf_r
                0x4a014ffc      0xfd8 c:/marmalade/7.4/s3e/gcc/win32/bin/../lib/gcc/arm-none-eabi/4.8.3/../../../../arm-none-eabi/lib/armv6\libc.a(lib_a-svfiscanf.o)
                0x4a014ffc                __ssvfiscanf_r
 .text.__tz_lock
                0x4a015fd4        0x4 c:/marmalade/7.4/s3e/gcc/win32/bin/../lib/gcc/arm-none-eabi/4.8.3/../../../../arm-none-eabi/lib/armv6\libc.a(lib_a-tzlock.o)
                0x4a015fd4                __tz_lock
 .text.__tz_unlock
                0x4a015fd8        0x4 c:/marmalade/7.4/s3e/gcc/win32/bin/../lib/gcc/arm-none-eabi/4.8.3/../../../../arm-none-eabi/lib/armv6\libc.a(lib_a-tzlock.o)
                0x4a015fd8                __tz_unlock
 .text.__submore
                0x4a015fdc       0xa8 c:/marmalade/7.4/s3e/gcc/win32/bin/../lib/gcc/arm-none-eabi/4.8.3/../../../../arm-none-eabi/lib/armv6\libc.a(lib_a-ungetc.o)
                0x4a015fdc                __submore
 .text.__env_lock
                0x4a016084        0x4 c:/marmalade/7.4/s3e/gcc/win32/bin/../lib/gcc/arm-none-eabi/4.8.3/../../../../arm-none-eabi/lib/armv6\libc.a(lib_a-envlock.o)
                0x4a016084                __env_lock
 .text.__env_unlock
                0x4a016088        0x4 c:/marmalade/7.4/s3e/gcc/win32/bin/../lib/gcc/arm-none-eabi/4.8.3/../../../../arm-none-eabi/lib/armv6\libc.a(lib_a-envlock.o)
                0x4a016088                __env_unlock
 .text._fclose_r
                0x4a01608c       0xe8 c:/marmalade/7.4/s3e/gcc/win32/bin/../lib/gcc/arm-none-eabi/4.8.3/../../../../arm-none-eabi/lib/armv6\libc.a(lib_a-fclose.o)
                0x4a01608c                _fclose_r
 .text.fclose   0x4a016174       0x24 c:/marmalade/7.4/s3e/gcc/win32/bin/../lib/gcc/arm-none-eabi/4.8.3/../../../../arm-none-eabi/lib/armv6\libc.a(lib_a-fclose.o)
                0x4a016174                fclose
 .text.iswspace
                0x4a016198       0x40 c:/marmalade/7.4/s3e/gcc/win32/bin/../lib/gcc/arm-none-eabi/4.8.3/../../../../arm-none-eabi/lib/armv6\libc.a(lib_a-iswspace.o)
                0x4a016198                iswspace
 .text._mbrtowc_r
                0x4a0161d8       0xa8 c:/marmalade/7.4/s3e/gcc/win32/bin/../lib/gcc/arm-none-eabi/4.8.3/../../../../arm-none-eabi/lib/armv6\libc.a(lib_a-mbrtowc.o)
                0x4a0161d8                _mbrtowc_r
 .text.__ascii_mbtowc
                0x4a016280       0x4c c:/marmalade/7.4/s3e/gcc/win32/bin/../lib/gcc/arm-none-eabi/4.8.3/../../../../arm-none-eabi/lib/armv6\libc.a(lib_a-mbtowc_r.o)
                0x4a016280                __ascii_mbtowc
 .text.__sccl   0x4a0162cc       0xd4 c:/marmalade/7.4/s3e/gcc/win32/bin/../lib/gcc/arm-none-eabi/4.8.3/../../../../arm-none-eabi/lib/armv6\libc.a(lib_a-sccl.o)
                0x4a0162cc                __sccl
 .text._strtol_r
                0x4a0163a0      0x1e8 c:/marmalade/7.4/s3e/gcc/win32/bin/../lib/gcc/arm-none-eabi/4.8.3/../../../../arm-none-eabi/lib/armv6\libc.a(lib_a-strtol.o)
                0x4a0163a0                _strtol_r
 .text._strtoll_r
                0x4a016588      0x2a0 c:/marmalade/7.4/s3e/gcc/win32/bin/../lib/gcc/arm-none-eabi/4.8.3/../../../../arm-none-eabi/lib/armv6\libc.a(lib_a-strtoll_r.o)
                0x4a016588                _strtoll_r
 .text._strtoull_r
                0x4a016828      0x28c c:/marmalade/7.4/s3e/gcc/win32/bin/../lib/gcc/arm-none-eabi/4.8.3/../../../../arm-none-eabi/lib/armv6\libc.a(lib_a-strtoull_r.o)
                0x4a016828                _strtoull_r
 .text          0x4a016ab4      0x20c c:/marmalade/7.4/s3e/gcc/win32/bin/../lib/gcc/arm-none-eabi/4.8.3/armv6\libgcc.a(_udivsi3.o)
                0x4a016ab4                __aeabi_uidiv
                0x4a016ab4                __udivsi3
                0x4a016ca0                __aeabi_uidivmod
 .text          0x4a016cc0      0x240 c:/marmalade/7.4/s3e/gcc/win32/bin/../lib/gcc/arm-none-eabi/4.8.3/armv6\libgcc.a(_divsi3.o)
                0x4a016cc0                __divsi3
                0x4a016cc0                __aeabi_idiv
                0x4a016ee0                __aeabi_idivmod
 .text          0x4a016f00        0x4 c:/marmalade/7.4/s3e/gcc/win32/bin/../lib/gcc/arm-none-eabi/4.8.3/armv6\libgcc.a(_dvmd_tls.o)
                0x4a016f00                __aeabi_idiv0
                0x4a016f00                __aeabi_ldiv0
 .text          0x4a016f04      0x3b8 c:/marmalade/7.4/s3e/gcc/win32/bin/../lib/gcc/arm-none-eabi/4.8.3/armv6\libgcc.a(_arm_addsubdf3.o)
                0x4a016f04                __aeabi_drsub
                0x4a016f0c                __aeabi_dsub
                0x4a016f0c                __subdf3
                0x4a016f10                __aeabi_dadd
                0x4a016f10                __adddf3
                0x4a0171bc                __floatunsidf
                0x4a0171bc                __aeabi_ui2d
                0x4a0171e0                __floatsidf
                0x4a0171e0                __aeabi_i2d
                0x4a017208                __aeabi_f2d
                0x4a017208                __extendsfdf2
                0x4a017248                __floatundidf
                0x4a017248                __aeabi_ul2d
                0x4a01725c                __floatdidf
                0x4a01725c                __aeabi_l2d
 .text          0x4a0172bc      0x470 c:/marmalade/7.4/s3e/gcc/win32/bin/../lib/gcc/arm-none-eabi/4.8.3/armv6\libgcc.a(_arm_muldivdf3.o)
                0x4a0172bc                __aeabi_dmul
                0x4a0172bc                __muldf3
                0x4a017528                __divdf3
                0x4a017528                __aeabi_ddiv
 .text          0x4a01772c      0x12c c:/marmalade/7.4/s3e/gcc/win32/bin/../lib/gcc/arm-none-eabi/4.8.3/armv6\libgcc.a(_arm_cmpdf2.o)
                0x4a01772c                __gtdf2
                0x4a01772c                __gedf2
                0x4a017734                __ltdf2
                0x4a017734                __ledf2
                0x4a01773c                __nedf2
                0x4a01773c                __eqdf2
                0x4a01773c                __cmpdf2
                0x4a0177c4                __aeabi_cdrcmple
                0x4a0177e0                __aeabi_cdcmpeq
                0x4a0177e0                __aeabi_cdcmple
                0x4a0177f4                __aeabi_dcmpeq
                0x4a017808                __aeabi_dcmplt
                0x4a01781c                __aeabi_dcmple
                0x4a017830                __aeabi_dcmpge
                0x4a017844                __aeabi_dcmpgt
 .text          0x4a017858       0x5c c:/marmalade/7.4/s3e/gcc/win32/bin/../lib/gcc/arm-none-eabi/4.8.3/armv6\libgcc.a(_arm_fixdfsi.o)
                0x4a017858                __aeabi_d2iz
                0x4a017858                __fixdfsi
 .text          0x4a0178b4       0x44 c:/marmalade/7.4/s3e/gcc/win32/bin/../lib/gcc/arm-none-eabi/4.8.3/armv6\libgcc.a(_aeabi_ldivmod.o)
                0x4a0178b4                __aeabi_ldivmod
 .text          0x4a0178f8       0x3c c:/marmalade/7.4/s3e/gcc/win32/bin/../lib/gcc/arm-none-eabi/4.8.3/armv6\libgcc.a(_aeabi_uldivmod.o)
                0x4a0178f8                __aeabi_uldivmod
 .text          0x4a017934       0x78 c:/marmalade/7.4/s3e/gcc/win32/bin/../lib/gcc/arm-none-eabi/4.8.3/armv6\libgcc.a(bpabi.o)
                0x4a017934                __gnu_ldivmod_helper
                0x4a017970                __gnu_uldivmod_helper
 .text          0x4a0179ac     0x100c c:/marmalade/7.4/s3e/gcc/win32/bin/../lib/gcc/arm-none-eabi/4.8.3/armv6\libgcc.a(unwind-arm.o)
                0x4a017e60                _Unwind_GetCFA
                0x4a017e68                __gnu_Unwind_RaiseException
                0x4a017f10                __gnu_Unwind_ForcedUnwind
                0x4a017f34                __gnu_Unwind_Resume
                0x4a017fa8                __gnu_Unwind_Resume_or_Rethrow
                0x4a017fc8                _Unwind_Complete
                0x4a017fcc                _Unwind_DeleteException
                0x4a017fec                _Unwind_VRS_Get
                0x4a018074                _Unwind_VRS_Set
                0x4a018100                __gnu_Unwind_Backtrace
                0x4a018614                __aeabi_unwind_cpp_pr0
                0x4a01861c                __aeabi_unwind_cpp_pr1
                0x4a018624                __aeabi_unwind_cpp_pr2
                0x4a01862c                _Unwind_VRS_Pop
 .text          0x4a0189b8      0x1a8 c:/marmalade/7.4/s3e/gcc/win32/bin/../lib/gcc/arm-none-eabi/4.8.3/armv6\libgcc.a(libunwind.o)
                0x4a0189b8                __restore_core_regs
                0x4a0189b8                restore_core_regs
                0x4a0189cc                __gnu_Unwind_Restore_VFP
                0x4a0189d4                __gnu_Unwind_Save_VFP
                0x4a0189dc                __gnu_Unwind_Restore_VFP_D
                0x4a0189e4                __gnu_Unwind_Save_VFP_D
                0x4a0189ec                __gnu_Unwind_Restore_VFP_D_16_to_31
                0x4a0189f4                __gnu_Unwind_Save_VFP_D_16_to_31
                0x4a0189fc                __gnu_Unwind_Restore_WMMXD
                0x4a018a40                __gnu_Unwind_Save_WMMXD
                0x4a018a84                __gnu_Unwind_Restore_WMMXC
                0x4a018a98                __gnu_Unwind_Save_WMMXC
                0x4a018aac                ___Unwind_RaiseException
                0x4a018aac                _Unwind_RaiseException
                0x4a018ad0                _Unwind_Resume
                0x4a018ad0                ___Unwind_Resume
                0x4a018af4                _Unwind_Resume_or_Rethrow
                0x4a018af4                ___Unwind_Resume_or_Rethrow
                0x4a018b18                _Unwind_ForcedUnwind
                0x4a018b18                ___Unwind_ForcedUnwind
                0x4a018b3c                ___Unwind_Backtrace
                0x4a018b3c                _Unwind_Backtrace
 .text          0x4a018b60      0x4ac c:/marmalade/7.4/s3e/gcc/win32/bin/../lib/gcc/arm-none-eabi/4.8.3/armv6\libgcc.a(pr-support.o)
                0x4a018bf0                __gnu_unwind_execute
                0x4a018f8c                __gnu_unwind_frame
                0x4a018fd0                _Unwind_GetRegionStart
                0x4a018fe0                _Unwind_GetLanguageSpecificData
                0x4a018ffc                _Unwind_GetDataRelBase
                0x4a019004                _Unwind_GetTextRelBase
 .text          0x4a01900c      0x480 c:/marmalade/7.4/s3e/gcc/win32/bin/../lib/gcc/arm-none-eabi/4.8.3/armv6\libgcc.a(_divdi3.o)
                0x4a01900c                __divdi3
 .text          0x4a01948c      0x424 c:/marmalade/7.4/s3e/gcc/win32/bin/../lib/gcc/arm-none-eabi/4.8.3/armv6\libgcc.a(_udivdi3.o)
                0x4a01948c                __udivdi3
 *(.text.*personality*)
 *(.gnu.warning)
 *(.glue_7t)
 .glue_7t       0x00000000        0x0 linker stubs
 *(.glue_7)
 .glue_7        0x00000000        0x0 linker stubs

.vfp11_veneer   0x4a0198b0        0x0
 .vfp11_veneer  0x00000000        0x0 linker stubs

.v4_bx          0x4a0198b0        0x0
 .v4_bx         0x00000000        0x0 linker stubs

.iplt           0x4a0198b0        0x0
 .iplt          0x00000000        0x0 c:/marmalade/7.4/s3e/gcc/win32/bin/../lib/gcc/arm-none-eabi/4.8.3/armv6/crti.o

.fini           0x4a0198b0       0x18
 *(.fini)
 .fini          0x4a0198b0        0xc c:/marmalade/7.4/s3e/gcc/win32/bin/../lib/gcc/arm-none-eabi/4.8.3/armv6/crti.o
                0x4a0198b0                _fini
 .fini          0x4a0198bc        0xc c:/marmalade/7.4/s3e/gcc/win32/bin/../lib/gcc/arm-none-eabi/4.8.3/armv6/crtn.o
                0x4a0198c8                PROVIDE (__etext, .)
                0x4a0198c8                PROVIDE (_etext, .)
                0x4a0198c8                PROVIDE (etext, .)

.rodata         0x4a0198c8     0x1434
 *(.rodata .rodata.* .gnu.linkonce.r.*)
 .rodata.str1.4
                0x4a0198c8       0x5d Release_HelloWorld_vc12x_gcc_arm/HelloWorld.obj
                                 0x60 (size before relaxing)
 *fill*         0x4a019925        0x3 
 .rodata.str1.4
                0x4a019928      0x598 c:/marmalade/7.4/s3e/lib/arm/v6/nofpu/soft\libs3e_cpp.a(dll_main.obj)
                                0x5a8 (size before relaxing)
 .rodata.str1.4
                0x4a019ec0       0x82 c:/marmalade/7.4/s3e/lib/arm/v6/nofpu/soft\libs3e.a(iwcrt_common.o)
                                 0x84 (size before relaxing)
 *fill*         0x4a019f42        0x2 
 .rodata.str1.4
                0x4a019f44        0x7 c:/marmalade/7.4/s3e/lib/arm/v6/nofpu/soft\libs3e.a(stdlib.o)
                                  0x8 (size before relaxing)
 *fill*         0x4a019f4b        0x1 
 .rodata.str1.4
                0x4a019f4c       0x3c c:/marmalade/7.4/s3e/lib/arm/v6/nofpu/soft\libs3e.a(stdout.o)
                                 0x48 (size before relaxing)
 .rodata.str1.4
                0x4a019f88        0x6 c:/marmalade/7.4/s3e/lib/arm/v6/nofpu/soft\libs3e.a(IwDebug.o)
                                  0x8 (size before relaxing)
 *fill*         0x4a019f8e        0x2 
 .rodata.str1.4
                0x4a019f90       0x23 c:/marmalade/7.4/s3e/lib/arm/v6/nofpu/soft\libs3e.a(s3eThread_interface.o)
                                 0x24 (size before relaxing)
 *fill*         0x4a019fb3        0x1 
 .rodata.str1.4
                0x4a019fb4       0x74 c:/marmalade/7.4/s3e/lib/arm/v6/nofpu/soft\libs3e.a(iwcrt_gcc.o)
 .rodata.str1.4
                0x4a01a028       0x28 c:/marmalade/7.4/s3e/lib/arm/v6/nofpu/soft\libs3e.a(iwmain.o)
                                 0x2c (size before relaxing)
 .rodata._ZTSN10__cxxabiv115__forced_unwindE
                0x4a01a050       0x20 c:/marmalade/7.4/s3e/gcc/win32/bin/../lib/gcc/arm-none-eabi/4.8.3/../../../../arm-none-eabi/lib/armv6\libstdc++.a(eh_exception.o)
                0x4a01a050                typeinfo name for __cxxabiv1::__forced_unwind
 .rodata._ZTSN10__cxxabiv119__foreign_exceptionE
                0x4a01a070       0x24 c:/marmalade/7.4/s3e/gcc/win32/bin/../lib/gcc/arm-none-eabi/4.8.3/../../../../arm-none-eabi/lib/armv6\libstdc++.a(eh_exception.o)
                0x4a01a070                typeinfo name for __cxxabiv1::__foreign_exception
 .rodata.str1.4
                0x4a01a094       0x23 c:/marmalade/7.4/s3e/gcc/win32/bin/../lib/gcc/arm-none-eabi/4.8.3/../../../../arm-none-eabi/lib/armv6\libstdc++.a(eh_exception.o)
                                 0x24 (size before relaxing)
 *fill*         0x4a01a0b7        0x1 
 .rodata._ZTSSt9exception
                0x4a01a0b8       0x10 c:/marmalade/7.4/s3e/gcc/win32/bin/../lib/gcc/arm-none-eabi/4.8.3/../../../../arm-none-eabi/lib/armv6\libstdc++.a(eh_exception.o)
                0x4a01a0b8                typeinfo name for std::exception
 .rodata._ZTSSt13bad_exception
                0x4a01a0c8       0x14 c:/marmalade/7.4/s3e/gcc/win32/bin/../lib/gcc/arm-none-eabi/4.8.3/../../../../arm-none-eabi/lib/armv6\libstdc++.a(eh_exception.o)
                0x4a01a0c8                typeinfo name for std::bad_exception
 .rodata._ZTSN10__cxxabiv120__si_class_type_infoE
                0x4a01a0dc       0x28 c:/marmalade/7.4/s3e/gcc/win32/bin/../lib/gcc/arm-none-eabi/4.8.3/../../../../arm-none-eabi/lib/armv6\libstdc++.a(si_class_type_info.o)
                0x4a01a0dc                typeinfo name for __cxxabiv1::__si_class_type_info
 .rodata._ZTSSt9type_info
                0x4a01a104       0x10 c:/marmalade/7.4/s3e/gcc/win32/bin/../lib/gcc/arm-none-eabi/4.8.3/../../../../arm-none-eabi/lib/armv6\libstdc++.a(tinfo.o)
                0x4a01a104                typeinfo name for std::type_info
 .rodata._ZTSN10__cxxabiv117__class_type_infoE
                0x4a01a114       0x24 c:/marmalade/7.4/s3e/gcc/win32/bin/../lib/gcc/arm-none-eabi/4.8.3/../../../../arm-none-eabi/lib/armv6\libstdc++.a(class_type_info.o)
                0x4a01a114                typeinfo name for __cxxabiv1::__class_type_info
 .rodata.str1.4
                0x4a01a138       0x94 c:/marmalade/7.4/s3e/gcc/win32/bin/../lib/gcc/arm-none-eabi/4.8.3/../../../../arm-none-eabi/lib/armv6\libstdc++.a(vterminate.o)
 .rodata.str1.4
                0x4a01a1cc      0x7d6 c:/marmalade/7.4/s3e/gcc/win32/bin/../lib/gcc/arm-none-eabi/4.8.3/../../../../arm-none-eabi/lib/armv6\libstdc++.a(cp-demangle.o)
                                0x840 (size before relaxing)
 *fill*         0x4a01a9a2        0x2 
 .rodata.str1.4
                0x4a01a9a4        0x2 c:/marmalade/7.4/s3e/gcc/win32/bin/../lib/gcc/arm-none-eabi/4.8.3/../../../../arm-none-eabi/lib/armv6\libc.a(lib_a-impure.o)
                                  0x4 (size before relaxing)
 .rodata.str1.4
                0x00000000        0x2 c:/marmalade/7.4/s3e/gcc/win32/bin/../lib/gcc/arm-none-eabi/4.8.3/../../../../arm-none-eabi/lib/armv6\libc.a(lib_a-puts.o)
                                  0x4 (size before relaxing)
 *fill*         0x4a01a9a6        0x2 
 .rodata.blanks.6743
                0x4a01a9a8       0x10 c:/marmalade/7.4/s3e/gcc/win32/bin/../lib/gcc/arm-none-eabi/4.8.3/../../../../arm-none-eabi/lib/armv6\libc.a(lib_a-svfprintf.o)
 .rodata.str1.4
                0x4a01a9b8       0x42 c:/marmalade/7.4/s3e/gcc/win32/bin/../lib/gcc/arm-none-eabi/4.8.3/../../../../arm-none-eabi/lib/armv6\libc.a(lib_a-svfprintf.o)
                                 0x44 (size before relaxing)
 *fill*         0x4a01a9fa        0x2 
 .rodata.zeroes.6744
                0x4a01a9fc       0x10 c:/marmalade/7.4/s3e/gcc/win32/bin/../lib/gcc/arm-none-eabi/4.8.3/../../../../arm-none-eabi/lib/armv6\libc.a(lib_a-svfprintf.o)
 .rodata.str1.4
                0x4a01aa0c       0x4f c:/marmalade/7.4/s3e/gcc/win32/bin/../lib/gcc/arm-none-eabi/4.8.3/../../../../arm-none-eabi/lib/armv6\libc.a(lib_a-tzset_r.o)
                                 0x54 (size before relaxing)
 .rodata.str1.4
                0x00000000        0x4 c:/marmalade/7.4/s3e/gcc/win32/bin/../lib/gcc/arm-none-eabi/4.8.3/../../../../arm-none-eabi/lib/armv6\libc.a(lib_a-tzvars.o)
 *fill*         0x4a01aa5b        0x1 
 .rodata._ctype_
                0x4a01aa5c      0x104 c:/marmalade/7.4/s3e/gcc/win32/bin/../lib/gcc/arm-none-eabi/4.8.3/../../../../arm-none-eabi/lib/armv6\libc.a(lib_a-ctype_.o)
                0x4a01aa5c                _ctype_
 .rodata.str1.4
                0x4a01ab60       0x10 c:/marmalade/7.4/s3e/gcc/win32/bin/../lib/gcc/arm-none-eabi/4.8.3/../../../../arm-none-eabi/lib/armv6\libc.a(lib_a-dtoa.o)
                                 0x14 (size before relaxing)
 .rodata.str1.4
                0x4a01ab70        0x8 c:/marmalade/7.4/s3e/gcc/win32/bin/../lib/gcc/arm-none-eabi/4.8.3/../../../../arm-none-eabi/lib/armv6\libc.a(lib_a-locale.o)
                                 0x14 (size before relaxing)
 .rodata.mon_lengths
                0x4a01ab78       0x60 c:/marmalade/7.4/s3e/gcc/win32/bin/../lib/gcc/arm-none-eabi/4.8.3/../../../../arm-none-eabi/lib/armv6\libc.a(lib_a-mktm_r.o)
 .rodata.p05.5288
                0x4a01abd8        0xc c:/marmalade/7.4/s3e/gcc/win32/bin/../lib/gcc/arm-none-eabi/4.8.3/../../../../arm-none-eabi/lib/armv6\libc.a(lib_a-mprec.o)
 *fill*         0x4a01abe4        0x4 
 .rodata.__mprec_tens
                0x4a01abe8       0xc8 c:/marmalade/7.4/s3e/gcc/win32/bin/../lib/gcc/arm-none-eabi/4.8.3/../../../../arm-none-eabi/lib/armv6\libc.a(lib_a-mprec.o)
                0x4a01abe8                __mprec_tens
 .rodata.__mprec_bigtens
                0x4a01acb0       0x28 c:/marmalade/7.4/s3e/gcc/win32/bin/../lib/gcc/arm-none-eabi/4.8.3/../../../../arm-none-eabi/lib/armv6\libc.a(lib_a-mprec.o)
                0x4a01acb0                __mprec_bigtens
 .rodata.basefix.6159
                0x4a01acd8       0x24 c:/marmalade/7.4/s3e/gcc/win32/bin/../lib/gcc/arm-none-eabi/4.8.3/../../../../arm-none-eabi/lib/armv6\libc.a(lib_a-svfiscanf.o)
 .rodata.str1.4
                0x00000000        0x4 c:/marmalade/7.4/s3e/gcc/win32/bin/../lib/gcc/arm-none-eabi/4.8.3/../../../../arm-none-eabi/lib/armv6\libc.a(lib_a-mbrtowc.o)

.interp         0x4a01acfc       0x11
 .interp        0x4a01acfc       0x11 c:/marmalade/7.4/s3e/gcc/win32/bin/../lib/gcc/arm-none-eabi/4.8.3/armv6/crti.o

.rodata1
 *(.rodata1)

.ARM.extab      0x4a01ad10      0x158
 *(.ARM.extab* .gnu.linkonce.armextab.*)
 .ARM.extab.text._ZN10__cxxabiv111__terminateEPFvvE
                0x4a01ad10       0x2c c:/marmalade/7.4/s3e/gcc/win32/bin/../lib/gcc/arm-none-eabi/4.8.3/../../../../arm-none-eabi/lib/armv6\libstdc++.a(eh_terminate.o)
 .ARM.extab.text._ZN10__cxxabiv112__unexpectedEPFvvE
                0x4a01ad3c        0xc c:/marmalade/7.4/s3e/gcc/win32/bin/../lib/gcc/arm-none-eabi/4.8.3/../../../../arm-none-eabi/lib/armv6\libstdc++.a(eh_terminate.o)
 .ARM.extab.text._ZSt10unexpectedv
                0x4a01ad48        0xc c:/marmalade/7.4/s3e/gcc/win32/bin/../lib/gcc/arm-none-eabi/4.8.3/../../../../arm-none-eabi/lib/armv6\libstdc++.a(eh_terminate.o)
 .ARM.extab.text.__cxa_call_unexpected
                0x4a01ad54       0x2c c:/marmalade/7.4/s3e/gcc/win32/bin/../lib/gcc/arm-none-eabi/4.8.3/../../../../arm-none-eabi/lib/armv6\libstdc++.a(eh_call.o)
 .ARM.extab.text.__cxa_begin_catch
                0x4a01ad80       0x20 c:/marmalade/7.4/s3e/gcc/win32/bin/../lib/gcc/arm-none-eabi/4.8.3/../../../../arm-none-eabi/lib/armv6\libstdc++.a(eh_catch.o)
 .ARM.extab.text._ZL21base_of_encoded_valuehP15_Unwind_Context
                0x4a01ada0        0xc c:/marmalade/7.4/s3e/gcc/win32/bin/../lib/gcc/arm-none-eabi/4.8.3/../../../../arm-none-eabi/lib/armv6\libstdc++.a(eh_personality.o)
 .ARM.extab.text.__gxx_personality_v0
                0x4a01adac       0x20 c:/marmalade/7.4/s3e/gcc/win32/bin/../lib/gcc/arm-none-eabi/4.8.3/../../../../arm-none-eabi/lib/armv6\libstdc++.a(eh_personality.o)
 .ARM.extab.text._ZN9__gnu_cxx27__verbose_terminate_handlerEv
                0x4a01adcc       0x3c c:/marmalade/7.4/s3e/gcc/win32/bin/../lib/gcc/arm-none-eabi/4.8.3/../../../../arm-none-eabi/lib/armv6\libstdc++.a(vterminate.o)
 .ARM.extab     0x4a01ae08       0x18 c:/marmalade/7.4/s3e/gcc/win32/bin/../lib/gcc/arm-none-eabi/4.8.3/../../../../arm-none-eabi/lib/armv6\libstdc++.a(cp-demangle.o)
 .ARM.extab.text.snprintf
                0x4a01ae20        0xc c:/marmalade/7.4/s3e/gcc/win32/bin/../lib/gcc/arm-none-eabi/4.8.3/../../../../arm-none-eabi/lib/armv6\libc.a(lib_a-snprintf.o)
 .ARM.extab.text.sprintf
                0x4a01ae2c        0xc c:/marmalade/7.4/s3e/gcc/win32/bin/../lib/gcc/arm-none-eabi/4.8.3/../../../../arm-none-eabi/lib/armv6\libc.a(lib_a-sprintf.o)
 .ARM.extab.text.siscanf
                0x4a01ae38        0xc c:/marmalade/7.4/s3e/gcc/win32/bin/../lib/gcc/arm-none-eabi/4.8.3/../../../../arm-none-eabi/lib/armv6\libc.a(lib_a-siscanf.o)
 .ARM.extab     0x4a01ae44        0xc c:/marmalade/7.4/s3e/gcc/win32/bin/../lib/gcc/arm-none-eabi/4.8.3/armv6\libgcc.a(unwind-arm.o)
 .ARM.extab     0x4a01ae50       0x18 c:/marmalade/7.4/s3e/gcc/win32/bin/../lib/gcc/arm-none-eabi/4.8.3/armv6\libgcc.a(pr-support.o)
                0x4a01ae68                __exidx_start = .

.ARM.exidx      0x4a01ae68      0x508
 *(.ARM.exidx* .gnu.linkonce.armexidx.*)
 .ARM.exidx.text.__cxa_type_match
                0x4a01ae68        0x8 c:/marmalade/7.4/s3e/gcc/win32/bin/../lib/gcc/arm-none-eabi/4.8.3/../../../../arm-none-eabi/lib/armv6\libstdc++.a(eh_arm.o)
 .ARM.exidx.text.__cxa_begin_cleanup
                0x4a01ae70        0x8 c:/marmalade/7.4/s3e/gcc/win32/bin/../lib/gcc/arm-none-eabi/4.8.3/../../../../arm-none-eabi/lib/armv6\libstdc++.a(eh_arm.o)
 .ARM.exidx.text.__gnu_end_cleanup
                0x4a01ae78        0x0 c:/marmalade/7.4/s3e/gcc/win32/bin/../lib/gcc/arm-none-eabi/4.8.3/../../../../arm-none-eabi/lib/armv6\libstdc++.a(eh_arm.o)
                                  0x8 (size before relaxing)
 .ARM.exidx.text._ZNSt9exceptionD2Ev
                0x4a01ae78        0x0 c:/marmalade/7.4/s3e/gcc/win32/bin/../lib/gcc/arm-none-eabi/4.8.3/../../../../arm-none-eabi/lib/armv6\libstdc++.a(eh_exception.o)
                                  0x8 (size before relaxing)
 .ARM.exidx.text._ZNSt13bad_exceptionD2Ev
                0x4a01ae78        0x0 c:/marmalade/7.4/s3e/gcc/win32/bin/../lib/gcc/arm-none-eabi/4.8.3/../../../../arm-none-eabi/lib/armv6\libstdc++.a(eh_exception.o)
                                  0x8 (size before relaxing)
 .ARM.exidx.text._ZNKSt9exception4whatEv
                0x4a01ae78        0x0 c:/marmalade/7.4/s3e/gcc/win32/bin/../lib/gcc/arm-none-eabi/4.8.3/../../../../arm-none-eabi/lib/armv6\libstdc++.a(eh_exception.o)
                                  0x8 (size before relaxing)
 .ARM.exidx.text._ZNKSt13bad_exception4whatEv
                0x4a01ae78        0x0 c:/marmalade/7.4/s3e/gcc/win32/bin/../lib/gcc/arm-none-eabi/4.8.3/../../../../arm-none-eabi/lib/armv6\libstdc++.a(eh_exception.o)
                                  0x8 (size before relaxing)
 .ARM.exidx.text._ZNSt9exceptionD0Ev
                0x4a01ae78        0x0 c:/marmalade/7.4/s3e/gcc/win32/bin/../lib/gcc/arm-none-eabi/4.8.3/../../../../arm-none-eabi/lib/armv6\libstdc++.a(eh_exception.o)
                                  0x8 (size before relaxing)
 .ARM.exidx.text._ZNSt13bad_exceptionD0Ev
                0x4a01ae78        0x0 c:/marmalade/7.4/s3e/gcc/win32/bin/../lib/gcc/arm-none-eabi/4.8.3/../../../../arm-none-eabi/lib/armv6\libstdc++.a(eh_exception.o)
                                  0x8 (size before relaxing)
 .ARM.exidx.text.__cxa_get_globals_fast
                0x4a01ae78        0x0 c:/marmalade/7.4/s3e/gcc/win32/bin/../lib/gcc/arm-none-eabi/4.8.3/../../../../arm-none-eabi/lib/armv6\libstdc++.a(eh_globals.o)
                                  0x8 (size before relaxing)
 .ARM.exidx.text.__cxa_get_globals
                0x4a01ae78        0x0 c:/marmalade/7.4/s3e/gcc/win32/bin/../lib/gcc/arm-none-eabi/4.8.3/../../../../arm-none-eabi/lib/armv6\libstdc++.a(eh_globals.o)
                                  0x8 (size before relaxing)
 .ARM.exidx.text._ZN10__cxxabiv111__terminateEPFvvE
                0x4a01ae78        0x8 c:/marmalade/7.4/s3e/gcc/win32/bin/../lib/gcc/arm-none-eabi/4.8.3/../../../../arm-none-eabi/lib/armv6\libstdc++.a(eh_terminate.o)
 .ARM.exidx.text._ZSt9terminatev
                0x4a01ae80        0x8 c:/marmalade/7.4/s3e/gcc/win32/bin/../lib/gcc/arm-none-eabi/4.8.3/../../../../arm-none-eabi/lib/armv6\libstdc++.a(eh_terminate.o)
 .ARM.exidx.text._ZN10__cxxabiv112__unexpectedEPFvvE
                0x4a01ae88        0x8 c:/marmalade/7.4/s3e/gcc/win32/bin/../lib/gcc/arm-none-eabi/4.8.3/../../../../arm-none-eabi/lib/armv6\libstdc++.a(eh_terminate.o)
 .ARM.exidx.text._ZSt10unexpectedv
                0x4a01ae90        0x8 c:/marmalade/7.4/s3e/gcc/win32/bin/../lib/gcc/arm-none-eabi/4.8.3/../../../../arm-none-eabi/lib/armv6\libstdc++.a(eh_terminate.o)
 .ARM.exidx.text._ZN10__cxxabiv120__si_class_type_infoD2Ev
                0x4a01ae98        0x8 c:/marmalade/7.4/s3e/gcc/win32/bin/../lib/gcc/arm-none-eabi/4.8.3/../../../../arm-none-eabi/lib/armv6\libstdc++.a(si_class_type_info.o)
 .ARM.exidx.text._ZN10__cxxabiv120__si_class_type_infoD0Ev
                0x4a01aea0        0x0 c:/marmalade/7.4/s3e/gcc/win32/bin/../lib/gcc/arm-none-eabi/4.8.3/../../../../arm-none-eabi/lib/armv6\libstdc++.a(si_class_type_info.o)
                                  0x8 (size before relaxing)
 .ARM.exidx.text._ZNK10__cxxabiv120__si_class_type_info20__do_find_public_srcEiPKvPKNS_17__class_type_infoES2_
                0x4a01aea0        0x8 c:/marmalade/7.4/s3e/gcc/win32/bin/../lib/gcc/arm-none-eabi/4.8.3/../../../../arm-none-eabi/lib/armv6\libstdc++.a(si_class_type_info.o)
 .ARM.exidx.text._ZNK10__cxxabiv120__si_class_type_info12__do_dyncastEiNS_17__class_type_info10__sub_kindEPKS1_PKvS4_S6_RNS1_16__dyncast_resultE
                0x4a01aea8        0x8 c:/marmalade/7.4/s3e/gcc/win32/bin/../lib/gcc/arm-none-eabi/4.8.3/../../../../arm-none-eabi/lib/armv6\libstdc++.a(si_class_type_info.o)
 .ARM.exidx.text._ZNK10__cxxabiv120__si_class_type_info11__do_upcastEPKNS_17__class_type_infoEPKvRNS1_15__upcast_resultE
                0x4a01aeb0        0x8 c:/marmalade/7.4/s3e/gcc/win32/bin/../lib/gcc/arm-none-eabi/4.8.3/../../../../arm-none-eabi/lib/armv6\libstdc++.a(si_class_type_info.o)
 .ARM.exidx.text._ZNSt9type_infoD2Ev
                0x4a01aeb8        0x8 c:/marmalade/7.4/s3e/gcc/win32/bin/../lib/gcc/arm-none-eabi/4.8.3/../../../../arm-none-eabi/lib/armv6\libstdc++.a(tinfo.o)
 .ARM.exidx.text._ZNKSt9type_info14__is_pointer_pEv
                0x4a01aec0        0x0 c:/marmalade/7.4/s3e/gcc/win32/bin/../lib/gcc/arm-none-eabi/4.8.3/../../../../arm-none-eabi/lib/armv6\libstdc++.a(tinfo.o)
                                  0x8 (size before relaxing)
 .ARM.exidx.text._ZNKSt9type_info15__is_function_pEv
                0x4a01aec0        0x0 c:/marmalade/7.4/s3e/gcc/win32/bin/../lib/gcc/arm-none-eabi/4.8.3/../../../../arm-none-eabi/lib/armv6\libstdc++.a(tinfo.o)
                                  0x8 (size before relaxing)
 .ARM.exidx.text._ZNKSt9type_info11__do_upcastEPKN10__cxxabiv117__class_type_infoEPPv
                0x4a01aec0        0x0 c:/marmalade/7.4/s3e/gcc/win32/bin/../lib/gcc/arm-none-eabi/4.8.3/../../../../arm-none-eabi/lib/armv6\libstdc++.a(tinfo.o)
                                  0x8 (size before relaxing)
 .ARM.exidx.text._ZNSt9type_infoD0Ev
                0x4a01aec0        0x8 c:/marmalade/7.4/s3e/gcc/win32/bin/../lib/gcc/arm-none-eabi/4.8.3/../../../../arm-none-eabi/lib/armv6\libstdc++.a(tinfo.o)
 .ARM.exidx.text._ZNKSt9type_infoeqERKS_
                0x4a01aec8        0x8 c:/marmalade/7.4/s3e/gcc/win32/bin/../lib/gcc/arm-none-eabi/4.8.3/../../../../arm-none-eabi/lib/armv6\libstdc++.a(tinfo.o)
 .ARM.exidx.text._ZNKSt9type_info10__do_catchEPKS_PPvj
                0x4a01aed0        0x0 c:/marmalade/7.4/s3e/gcc/win32/bin/../lib/gcc/arm-none-eabi/4.8.3/../../../../arm-none-eabi/lib/armv6\libstdc++.a(tinfo.o)
                                  0x8 (size before relaxing)
 .ARM.exidx.text._ZNK10__cxxabiv117__class_type_info11__do_upcastEPKS0_PPv
                0x4a01aed0        0x8 c:/marmalade/7.4/s3e/gcc/win32/bin/../lib/gcc/arm-none-eabi/4.8.3/../../../../arm-none-eabi/lib/armv6\libstdc++.a(class_type_info.o)
 .ARM.exidx.text._ZNK10__cxxabiv117__class_type_info20__do_find_public_srcEiPKvPKS0_S2_
                0x4a01aed8        0x8 c:/marmalade/7.4/s3e/gcc/win32/bin/../lib/gcc/arm-none-eabi/4.8.3/../../../../arm-none-eabi/lib/armv6\libstdc++.a(class_type_info.o)
 .ARM.exidx.text._ZN10__cxxabiv117__class_type_infoD2Ev
                0x4a01aee0        0x8 c:/marmalade/7.4/s3e/gcc/win32/bin/../lib/gcc/arm-none-eabi/4.8.3/../../../../arm-none-eabi/lib/armv6\libstdc++.a(class_type_info.o)
 .ARM.exidx.text._ZN10__cxxabiv117__class_type_infoD0Ev
                0x4a01aee8        0x0 c:/marmalade/7.4/s3e/gcc/win32/bin/../lib/gcc/arm-none-eabi/4.8.3/../../../../arm-none-eabi/lib/armv6\libstdc++.a(class_type_info.o)
                                  0x8 (size before relaxing)
 .ARM.exidx.text._ZNK10__cxxabiv117__class_type_info11__do_upcastEPKS0_PKvRNS0_15__upcast_resultE
                0x4a01aee8        0x8 c:/marmalade/7.4/s3e/gcc/win32/bin/../lib/gcc/arm-none-eabi/4.8.3/../../../../arm-none-eabi/lib/armv6\libstdc++.a(class_type_info.o)
 .ARM.exidx.text._ZNK10__cxxabiv117__class_type_info10__do_catchEPKSt9type_infoPPvj
                0x4a01aef0        0x8 c:/marmalade/7.4/s3e/gcc/win32/bin/../lib/gcc/arm-none-eabi/4.8.3/../../../../arm-none-eabi/lib/armv6\libstdc++.a(class_type_info.o)
 .ARM.exidx.text._ZNK10__cxxabiv117__class_type_info12__do_dyncastEiNS0_10__sub_kindEPKS0_PKvS3_S5_RNS0_16__dyncast_resultE
                0x4a01aef8        0x8 c:/marmalade/7.4/s3e/gcc/win32/bin/../lib/gcc/arm-none-eabi/4.8.3/../../../../arm-none-eabi/lib/armv6\libstdc++.a(class_type_info.o)
 .ARM.exidx.text.__cxa_call_terminate
                0x4a01af00        0x8 c:/marmalade/7.4/s3e/gcc/win32/bin/../lib/gcc/arm-none-eabi/4.8.3/../../../../arm-none-eabi/lib/armv6\libstdc++.a(eh_call.o)
 .ARM.exidx.text.__cxa_call_unexpected
                0x4a01af08        0x8 c:/marmalade/7.4/s3e/gcc/win32/bin/../lib/gcc/arm-none-eabi/4.8.3/../../../../arm-none-eabi/lib/armv6\libstdc++.a(eh_call.o)
 .ARM.exidx.text.__cxa_begin_catch
                0x4a01af10        0x8 c:/marmalade/7.4/s3e/gcc/win32/bin/../lib/gcc/arm-none-eabi/4.8.3/../../../../arm-none-eabi/lib/armv6\libstdc++.a(eh_catch.o)
 .ARM.exidx.text.__cxa_end_catch
                0x4a01af18        0x8 c:/marmalade/7.4/s3e/gcc/win32/bin/../lib/gcc/arm-none-eabi/4.8.3/../../../../arm-none-eabi/lib/armv6\libstdc++.a(eh_catch.o)
 .ARM.exidx.text._ZL12read_sleb128PKhPl
                0x4a01af20        0x0 c:/marmalade/7.4/s3e/gcc/win32/bin/../lib/gcc/arm-none-eabi/4.8.3/../../../../arm-none-eabi/lib/armv6\libstdc++.a(eh_personality.o)
                                  0x8 (size before relaxing)
 .ARM.exidx.text._ZL28read_encoded_value_with_basehjPKhPj
                0x4a01af20        0x8 c:/marmalade/7.4/s3e/gcc/win32/bin/../lib/gcc/arm-none-eabi/4.8.3/../../../../arm-none-eabi/lib/armv6\libstdc++.a(eh_personality.o)
 .ARM.exidx.text._ZL21base_of_encoded_valuehP15_Unwind_Context
                0x4a01af28        0x8 c:/marmalade/7.4/s3e/gcc/win32/bin/../lib/gcc/arm-none-eabi/4.8.3/../../../../arm-none-eabi/lib/armv6\libstdc++.a(eh_personality.o)
 .ARM.exidx.text._ZL17parse_lsda_headerP15_Unwind_ContextPKhP16lsda_header_info
                0x4a01af30        0x8 c:/marmalade/7.4/s3e/gcc/win32/bin/../lib/gcc/arm-none-eabi/4.8.3/../../../../arm-none-eabi/lib/armv6\libstdc++.a(eh_personality.o)
 .ARM.exidx.text.__gxx_personality_v0
                0x4a01af38        0x8 c:/marmalade/7.4/s3e/gcc/win32/bin/../lib/gcc/arm-none-eabi/4.8.3/../../../../arm-none-eabi/lib/armv6\libstdc++.a(eh_personality.o)
 .ARM.exidx.text._ZL23__gxx_exception_cleanup19_Unwind_Reason_CodeP21_Unwind_Control_Block
                0x4a01af40        0x8 c:/marmalade/7.4/s3e/gcc/win32/bin/../lib/gcc/arm-none-eabi/4.8.3/../../../../arm-none-eabi/lib/armv6\libstdc++.a(eh_throw.o)
 .ARM.exidx.text.__cxa_throw
                0x4a01af48        0x8 c:/marmalade/7.4/s3e/gcc/win32/bin/../lib/gcc/arm-none-eabi/4.8.3/../../../../arm-none-eabi/lib/armv6\libstdc++.a(eh_throw.o)
 .ARM.exidx.text.__cxa_rethrow
                0x4a01af50        0x8 c:/marmalade/7.4/s3e/gcc/win32/bin/../lib/gcc/arm-none-eabi/4.8.3/../../../../arm-none-eabi/lib/armv6\libstdc++.a(eh_throw.o)
 .ARM.exidx.text._ZN9__gnu_cxx27__verbose_terminate_handlerEv
                0x4a01af58        0x8 c:/marmalade/7.4/s3e/gcc/win32/bin/../lib/gcc/arm-none-eabi/4.8.3/../../../../arm-none-eabi/lib/armv6\libstdc++.a(vterminate.o)
 .ARM.exidx     0x4a01af60       0x80 c:/marmalade/7.4/s3e/gcc/win32/bin/../lib/gcc/arm-none-eabi/4.8.3/../../../../arm-none-eabi/lib/armv6\libstdc++.a(cp-demangle.o)
                                0x148 (size before relaxing)
 .ARM.exidx.text.__cxa_allocate_exception
                0x4a01afe0        0x8 c:/marmalade/7.4/s3e/gcc/win32/bin/../lib/gcc/arm-none-eabi/4.8.3/../../../../arm-none-eabi/lib/armv6\libstdc++.a(eh_alloc.o)
 .ARM.exidx.text.__cxa_free_exception
                0x4a01afe8        0x0 c:/marmalade/7.4/s3e/gcc/win32/bin/../lib/gcc/arm-none-eabi/4.8.3/../../../../arm-none-eabi/lib/armv6\libstdc++.a(eh_alloc.o)
                                  0x8 (size before relaxing)
 .ARM.exidx.text.__cxa_current_exception_type
                0x4a01afe8        0x0 c:/marmalade/7.4/s3e/gcc/win32/bin/../lib/gcc/arm-none-eabi/4.8.3/../../../../arm-none-eabi/lib/armv6\libstdc++.a(eh_type.o)
                                  0x8 (size before relaxing)
 .ARM.exidx.text.startup.register_fini
                0x4a01afe8        0x8 c:/marmalade/7.4/s3e/gcc/win32/bin/../lib/gcc/arm-none-eabi/4.8.3/../../../../arm-none-eabi/lib/armv6\libc.a(lib_a-__call_atexit.o)
 .ARM.exidx.text.__call_exitprocs
                0x4a01aff0        0x8 c:/marmalade/7.4/s3e/gcc/win32/bin/../lib/gcc/arm-none-eabi/4.8.3/../../../../arm-none-eabi/lib/armv6\libc.a(lib_a-__call_atexit.o)
 .ARM.exidx.text.setup_aeabi_stdio
                0x4a01aff8        0x8 c:/marmalade/7.4/s3e/gcc/win32/bin/../lib/gcc/arm-none-eabi/4.8.3/../../../../arm-none-eabi/lib/armv6\libc.a(lib_a-aeabi_lcsts.o)
 .ARM.exidx.text.atexit
                0x4a01b000        0x8 c:/marmalade/7.4/s3e/gcc/win32/bin/../lib/gcc/arm-none-eabi/4.8.3/../../../../arm-none-eabi/lib/armv6\libc.a(lib_a-atexit.o)
 .ARM.exidx.text.__errno
                0x4a01b008        0x0 c:/marmalade/7.4/s3e/gcc/win32/bin/../lib/gcc/arm-none-eabi/4.8.3/../../../../arm-none-eabi/lib/armv6\libc.a(lib_a-errno.o)
                                  0x8 (size before relaxing)
 .ARM.exidx.text.exit
                0x4a01b008        0x8 c:/marmalade/7.4/s3e/gcc/win32/bin/../lib/gcc/arm-none-eabi/4.8.3/../../../../arm-none-eabi/lib/armv6\libc.a(lib_a-exit.o)
 .ARM.exidx.text.__libc_fini_array
                0x4a01b010        0x0 c:/marmalade/7.4/s3e/gcc/win32/bin/../lib/gcc/arm-none-eabi/4.8.3/../../../../arm-none-eabi/lib/armv6\libc.a(lib_a-fini.o)
                                  0x8 (size before relaxing)
 .ARM.exidx.text.fputc
                0x4a01b010        0x8 c:/marmalade/7.4/s3e/gcc/win32/bin/../lib/gcc/arm-none-eabi/4.8.3/../../../../arm-none-eabi/lib/armv6\libc.a(lib_a-fputc.o)
 .ARM.exidx.text._fputs_r
                0x4a01b018        0x8 c:/marmalade/7.4/s3e/gcc/win32/bin/../lib/gcc/arm-none-eabi/4.8.3/../../../../arm-none-eabi/lib/armv6\libc.a(lib_a-fputs.o)
 .ARM.exidx.text.fputs
                0x4a01b020        0x8 c:/marmalade/7.4/s3e/gcc/win32/bin/../lib/gcc/arm-none-eabi/4.8.3/../../../../arm-none-eabi/lib/armv6\libc.a(lib_a-fputs.o)
 .ARM.exidx.text._fstat_r
                0x4a01b028        0x8 c:/marmalade/7.4/s3e/gcc/win32/bin/../lib/gcc/arm-none-eabi/4.8.3/../../../../arm-none-eabi/lib/armv6\libc.a(lib_a-fstatr.o)
 .ARM.exidx.text.__sfvwrite_r
                0x4a01b030        0x8 c:/marmalade/7.4/s3e/gcc/win32/bin/../lib/gcc/arm-none-eabi/4.8.3/../../../../arm-none-eabi/lib/armv6\libc.a(lib_a-fvwrite.o)
 .ARM.exidx.text._fwrite_r
                0x4a01b038        0x8 c:/marmalade/7.4/s3e/gcc/win32/bin/../lib/gcc/arm-none-eabi/4.8.3/../../../../arm-none-eabi/lib/armv6\libc.a(lib_a-fwrite.o)
 .ARM.exidx.text.fwrite
                0x4a01b040        0x8 c:/marmalade/7.4/s3e/gcc/win32/bin/../lib/gcc/arm-none-eabi/4.8.3/../../../../arm-none-eabi/lib/armv6\libc.a(lib_a-fwrite.o)
 .ARM.exidx.text.__libc_init_array
                0x4a01b048        0x8 c:/marmalade/7.4/s3e/gcc/win32/bin/../lib/gcc/arm-none-eabi/4.8.3/../../../../arm-none-eabi/lib/armv6\libc.a(lib_a-init.o)
 .ARM.exidx.text.__smakebuf_r
                0x4a01b050        0x8 c:/marmalade/7.4/s3e/gcc/win32/bin/../lib/gcc/arm-none-eabi/4.8.3/../../../../arm-none-eabi/lib/armv6\libc.a(lib_a-makebuf.o)
 .ARM.exidx.text.memchr
                0x4a01b058        0x8 c:/marmalade/7.4/s3e/gcc/win32/bin/../lib/gcc/arm-none-eabi/4.8.3/../../../../arm-none-eabi/lib/armv6\libc.a(lib_a-memchr-stub.o)
 .ARM.exidx.text.memcmp
                0x4a01b060        0x8 c:/marmalade/7.4/s3e/gcc/win32/bin/../lib/gcc/arm-none-eabi/4.8.3/../../../../arm-none-eabi/lib/armv6\libc.a(lib_a-memcmp.o)
 .ARM.exidx.text.memcpy
                0x4a01b068        0x8 c:/marmalade/7.4/s3e/gcc/win32/bin/../lib/gcc/arm-none-eabi/4.8.3/../../../../arm-none-eabi/lib/armv6\libc.a(lib_a-memcpy-stub.o)
 .ARM.exidx.text.memmove
                0x4a01b070        0x0 c:/marmalade/7.4/s3e/gcc/win32/bin/../lib/gcc/arm-none-eabi/4.8.3/../../../../arm-none-eabi/lib/armv6\libc.a(lib_a-memmove.o)
                                  0x8 (size before relaxing)
 .ARM.exidx.text.memset
                0x4a01b070        0x8 c:/marmalade/7.4/s3e/gcc/win32/bin/../lib/gcc/arm-none-eabi/4.8.3/../../../../arm-none-eabi/lib/armv6\libc.a(lib_a-memset.o)
 .ARM.exidx.text._putc_r
                0x4a01b078        0x8 c:/marmalade/7.4/s3e/gcc/win32/bin/../lib/gcc/arm-none-eabi/4.8.3/../../../../arm-none-eabi/lib/armv6\libc.a(lib_a-putc.o)
 .ARM.exidx.text._puts_r
                0x4a01b080        0x8 c:/marmalade/7.4/s3e/gcc/win32/bin/../lib/gcc/arm-none-eabi/4.8.3/../../../../arm-none-eabi/lib/armv6\libc.a(lib_a-puts.o)
 .ARM.exidx.text.puts
                0x4a01b088        0x8 c:/marmalade/7.4/s3e/gcc/win32/bin/../lib/gcc/arm-none-eabi/4.8.3/../../../../arm-none-eabi/lib/armv6\libc.a(lib_a-puts.o)
 .ARM.exidx.text.snprintf
                0x4a01b090        0x8 c:/marmalade/7.4/s3e/gcc/win32/bin/../lib/gcc/arm-none-eabi/4.8.3/../../../../arm-none-eabi/lib/armv6\libc.a(lib_a-snprintf.o)
 .ARM.exidx.text.sprintf
                0x4a01b098        0x8 c:/marmalade/7.4/s3e/gcc/win32/bin/../lib/gcc/arm-none-eabi/4.8.3/../../../../arm-none-eabi/lib/armv6\libc.a(lib_a-sprintf.o)
 .ARM.exidx.text.__sread
                0x4a01b0a0        0x8 c:/marmalade/7.4/s3e/gcc/win32/bin/../lib/gcc/arm-none-eabi/4.8.3/../../../../arm-none-eabi/lib/armv6\libc.a(lib_a-stdio.o)
 .ARM.exidx.text.__seofread
                0x4a01b0a8        0x8 c:/marmalade/7.4/s3e/gcc/win32/bin/../lib/gcc/arm-none-eabi/4.8.3/../../../../arm-none-eabi/lib/armv6\libc.a(lib_a-stdio.o)
 .ARM.exidx.text.__swrite
                0x4a01b0b0        0x8 c:/marmalade/7.4/s3e/gcc/win32/bin/../lib/gcc/arm-none-eabi/4.8.3/../../../../arm-none-eabi/lib/armv6\libc.a(lib_a-stdio.o)
 .ARM.exidx.text.__sseek
                0x4a01b0b8        0x8 c:/marmalade/7.4/s3e/gcc/win32/bin/../lib/gcc/arm-none-eabi/4.8.3/../../../../arm-none-eabi/lib/armv6\libc.a(lib_a-stdio.o)
 .ARM.exidx.text.__sclose
                0x4a01b0c0        0x8 c:/marmalade/7.4/s3e/gcc/win32/bin/../lib/gcc/arm-none-eabi/4.8.3/../../../../arm-none-eabi/lib/armv6\libc.a(lib_a-stdio.o)
 .ARM.exidx.text.strchr
                0x4a01b0c8       0x10 c:/marmalade/7.4/s3e/gcc/win32/bin/../lib/gcc/arm-none-eabi/4.8.3/../../../../arm-none-eabi/lib/armv6\libc.a(lib_a-strchr.o)
                                  0x8 (size before relaxing)
 .ARM.exidx.text.strcpy
                0x4a01b0d8        0x8 c:/marmalade/7.4/s3e/gcc/win32/bin/../lib/gcc/arm-none-eabi/4.8.3/../../../../arm-none-eabi/lib/armv6\libc.a(lib_a-strcpy.o)
 .ARM.exidx.text.strlen
                0x4a01b0e0        0x0 c:/marmalade/7.4/s3e/gcc/win32/bin/../lib/gcc/arm-none-eabi/4.8.3/../../../../arm-none-eabi/lib/armv6\libc.a(lib_a-strlen.o)
                                  0x8 (size before relaxing)
 .ARM.exidx.text.strncat
                0x4a01b0e0        0x8 c:/marmalade/7.4/s3e/gcc/win32/bin/../lib/gcc/arm-none-eabi/4.8.3/../../../../arm-none-eabi/lib/armv6\libc.a(lib_a-strncat.o)
 .ARM.exidx.text.strncmp
                0x4a01b0e8        0x8 c:/marmalade/7.4/s3e/gcc/win32/bin/../lib/gcc/arm-none-eabi/4.8.3/../../../../arm-none-eabi/lib/armv6\libc.a(lib_a-strncmp.o)
 .ARM.exidx.text.strncpy
                0x4a01b0f0        0x8 c:/marmalade/7.4/s3e/gcc/win32/bin/../lib/gcc/arm-none-eabi/4.8.3/../../../../arm-none-eabi/lib/armv6\libc.a(lib_a-strncpy.o)
 .ARM.exidx.text._svfprintf_r
                0x4a01b0f8        0x8 c:/marmalade/7.4/s3e/gcc/win32/bin/../lib/gcc/arm-none-eabi/4.8.3/../../../../arm-none-eabi/lib/armv6\libc.a(lib_a-svfprintf.o)
 .ARM.exidx.text.tzset
                0x4a01b100        0x8 c:/marmalade/7.4/s3e/gcc/win32/bin/../lib/gcc/arm-none-eabi/4.8.3/../../../../arm-none-eabi/lib/armv6\libc.a(lib_a-tzset.o)
 .ARM.exidx.text._tzset_r
                0x4a01b108        0x8 c:/marmalade/7.4/s3e/gcc/win32/bin/../lib/gcc/arm-none-eabi/4.8.3/../../../../arm-none-eabi/lib/armv6\libc.a(lib_a-tzset_r.o)
 .ARM.exidx.text._vsnprintf_r
                0x4a01b110        0x8 c:/marmalade/7.4/s3e/gcc/win32/bin/../lib/gcc/arm-none-eabi/4.8.3/../../../../arm-none-eabi/lib/armv6\libc.a(lib_a-vsnprintf.o)
 .ARM.exidx.text.vsnprintf
                0x4a01b118        0x8 c:/marmalade/7.4/s3e/gcc/win32/bin/../lib/gcc/arm-none-eabi/4.8.3/../../../../arm-none-eabi/lib/armv6\libc.a(lib_a-vsnprintf.o)
 .ARM.exidx.text.__swbuf_r
                0x4a01b120        0x8 c:/marmalade/7.4/s3e/gcc/win32/bin/../lib/gcc/arm-none-eabi/4.8.3/../../../../arm-none-eabi/lib/armv6\libc.a(lib_a-wbuf.o)
 .ARM.exidx.text._write_r
                0x4a01b128        0x8 c:/marmalade/7.4/s3e/gcc/win32/bin/../lib/gcc/arm-none-eabi/4.8.3/../../../../arm-none-eabi/lib/armv6\libc.a(lib_a-writer.o)
 .ARM.exidx.text.__swsetup_r
                0x4a01b130        0x0 c:/marmalade/7.4/s3e/gcc/win32/bin/../lib/gcc/arm-none-eabi/4.8.3/../../../../arm-none-eabi/lib/armv6\libc.a(lib_a-wsetup.o)
                                  0x8 (size before relaxing)
 .ARM.exidx.text.__register_exitproc
                0x4a01b130        0x8 c:/marmalade/7.4/s3e/gcc/win32/bin/../lib/gcc/arm-none-eabi/4.8.3/../../../../arm-none-eabi/lib/armv6\libc.a(lib_a-__atexit.o)
 .ARM.exidx.text._close_r
                0x4a01b138        0x8 c:/marmalade/7.4/s3e/gcc/win32/bin/../lib/gcc/arm-none-eabi/4.8.3/../../../../arm-none-eabi/lib/armv6\libc.a(lib_a-closer.o)
 .ARM.exidx.text.quorem